Microchip MPLAB XC8 Compiler V2.20

Linker command line:

-W-3 --edf=C:\Program Files\Microchip\xc8\v2.20\pic\dat\en_msgs.txt -cn \
  -h+dist/default/debug\mplabx.debug.sym \
  --cmf=dist/default/debug\mplabx.debug.cmf -z -Q18F452 \
  -oC:\Users\davol\AppData\Local\Temp\s62o.2 --defsym=__MPLAB_BUILD=1 \
  -Mdist/default/debug/mplabx.debug.map -E1 -ver=XC8 Compiler --acfsm=1493 \
  -ASTACK=01A7h-05FFh -pstack=STACK -ACODE=00h-03FFFhx2 -ACONST=00h-07FFFh \
  -ASMALLCONST=0600h-06FFhx122 -AMEDIUMCONST=0600h-07FFFh -ACOMRAM=01h-07Fh \
  -AABS1=00h-05FFh -ABIGRAM=01h-05FFh -ARAM=080h-0FFh,0100h-01FFhx5 \
  -ABANK0=080h-0FFh -ABANK1=0100h-01FFh -ABANK2=0200h-02FFh \
  -ABANK3=0300h-03FFh -ABANK4=0400h-04FFh -ABANK5=0500h-05FFh \
  -ASFR=0F80h-0FFFh -ACONFIG=0300000h-030000Dh -AIDLOC=0200000h-0200007h \
  -preset_vec=00h,intcode=08h,intcodelo,powerup,init -pramtop=0600h \
  -psmallconst=SMALLCONST -pmediumconst=MEDIUMCONST -pconst=CONST \
  -AFARRAM=00h-00h -AEEDATA=0F00000h-0F000FFh -peeprom_data=EEDATA \
  -prdata=COMRAM,nvrram=COMRAM,nvbit=COMRAM,rbss=COMRAM,rbit=COMRAM \
  -pfarbss=FARRAM,fardata=FARRAM,nvFARRAM=FARRAM \
  -pintsave_regs=BIGRAM,bigbss=BIGRAM,bigdata=BIGRAM -pbss=RAM \
  -pidata=CODE,irdata=CODE,ibigdata=CODE,ifardata=CODE -prparam=COMRAM \
  C:\Users\davol\AppData\Local\Temp\s62o.o \
  dist/default/debug\mplabx.debug.o 

Object code version is 3.11

Machine type is 18F452



                Name                               Link     Load   Length Selector   Space Scale
C:\Users\davol\AppData\Local\Temp\s62o.o
                idloc                            200000   200000        8        0       5
                config                           300000   300000        E        0       4
                text                                  6        6        2        0       0
                init                                 72       72        4        4       0
                reset_vec                             0        0        6        0       0
dist/default/debug\mplabx.debug.o
                intcode                               8        8       6A        4       0
                idloc                            200000   200000        8        0       5
                config                           300000   300000        E        0       4
                temp                                 7E       7E        1        1       1
                smallconst                          600      600       8A      300       0
                text49                             78F0     78F0       10     3C78       0
                text48                             7900     7900       1E     3C80       0
                text47                             3D42     3D42      136      345       0
                text46                             3E78     3E78      128      345       0
                text45                             201A     201A      4A4      345       0
                text44                             7A72     7A72       42     3D39       0
                text43                             1A72     1A72      5A8      345       0
                text42                             7C4A     7C4A       4A     3E25       0
                text41                             24BE     24BE      3E6      345       0
                text40                             7A32     7A32       40     3D19       0
                text39                             78E4     78E4        C     3C72       0
                text38                             793E     793E       22     3C9F       0
                text37                              5F4      5F4        C        4       0
                text36                             79BE     79BE       3A     3CDF       0
                text35                              576      576       7E        4       0
                text34                             79F8     79F8       3A     3CFC       0
                text33                             7BBE     7BBE       46     3DDF       0
                text32                             791E     791E       20     3C8F       0
                text31                             7C94     7C94       4C     3E4A       0
                text30                             7960     7960       2A     3CB0       0
                text29                             7AB4     7AB4       42     3D5A       0
                text28                             3FA0     3FA0       60      345       0
                text27                             352E     352E      1CE      345       0
                text26                             78D2     78D2        6     3C69       0
                text25                             7F1E     7F1E       E2     3F8F       0
                text24                             7D2C     7D2C       50     3E96       0
                text23                             7D7C     7D7C       5C     3EBE       0
                text22                              490      490       E6        4       0
                text21                             7DD8     7DD8       66     3EEC       0
                text20                             38C4     38C4      1B4      345       0
                text19                             3A78     3A78      190      345       0
                text18                             7CE0     7CE0       4C     3E70       0
                text17                             28A4     28A4      334      345       0
                text16                             3134     3134      226      345       0
                text15                             335A     335A      1D4      345       0
                text14                              29E      29E      108        4       0
                text13                              194      194      10A        4       0
                text12                              3A6      3A6       EA        4       0
                text11                             2F08     2F08      22C      345       0
                text10                             7C04     7C04       46     3E02       0
                text9                              7AF6     7AF6       42     3D7B       0
                text8                              7B38     7B38       42     3D9C       0
                text7                              7E3E     7E3E       70     3F1F       0
                text6                              2BD8     2BD8      330      345       0
                text5                               68A      68A     13E8      345       0
                text4                              7EAE     7EAE       70     3F57       0
                text3                              3C08     3C08      13A      345       0
                text2                              798A     798A       34     3CC5       0
                text1                                76       76      11E        4       0
                text0                              36FC     36FC      1C8      345       0
                cstackCOMRAM                          1        1       7D        1       1
                cstackBANK0                          AE       AE       16       80       1
                cstackBANK1                         100      100       A3      100       1
                bssBANK1                            1A3      1A3        4      100       1
                dataBANK0                            C4       C4        B       80       1
                bssBANK0                             80       80       2E       80       1
                cinit                              7B7A     7B7A       44     3DBD       0
                idataBANK0                         78D9     78D9        B     78D9       0

TOTAL           Name                               Link     Load   Length     Space
        CLASS   STACK          

        CLASS   CODE           
                intcode                               8        8       6A         0
                text                                  6        6        2         0
                init                                 72       72        4         0
                reset_vec                             0        0        6         0
                text49                             78F0     78F0       10         0
                text48                             7900     7900       1E         0
                text47                             3D42     3D42      136         0
                text46                             3E78     3E78      128         0
                text45                             201A     201A      4A4         0
                text44                             7A72     7A72       42         0
                text43                             1A72     1A72      5A8         0
                text42                             7C4A     7C4A       4A         0
                text41                             24BE     24BE      3E6         0
                text40                             7A32     7A32       40         0
                text39                             78E4     78E4        C         0
                text38                             793E     793E       22         0
                text37                              5F4      5F4        C         0
                text36                             79BE     79BE       3A         0
                text35                              576      576       7E         0
                text34                             79F8     79F8       3A         0
                text33                             7BBE     7BBE       46         0
                text32                             791E     791E       20         0
                text31                             7C94     7C94       4C         0
                text30                             7960     7960       2A         0
                text29                             7AB4     7AB4       42         0
                text28                             3FA0     3FA0       60         0
                text27                             352E     352E      1CE         0
                text26                             78D2     78D2        6         0
                text25                             7F1E     7F1E       E2         0
                text24                             7D2C     7D2C       50         0
                text23                             7D7C     7D7C       5C         0
                text22                              490      490       E6         0
                text21                             7DD8     7DD8       66         0
                text20                             38C4     38C4      1B4         0
                text19                             3A78     3A78      190         0
                text18                             7CE0     7CE0       4C         0
                text17                             28A4     28A4      334         0
                text16                             3134     3134      226         0
                text15                             335A     335A      1D4         0
                text14                              29E      29E      108         0
                text13                              194      194      10A         0
                text12                              3A6      3A6       EA         0
                text11                             2F08     2F08      22C         0
                text10                             7C04     7C04       46         0
                text9                              7AF6     7AF6       42         0
                text8                              7B38     7B38       42         0
                text7                              7E3E     7E3E       70         0
                text6                              2BD8     2BD8      330         0
                text5                               68A      68A     13E8         0
                text4                              7EAE     7EAE       70         0
                text3                              3C08     3C08      13A         0
                text2                              798A     798A       34         0
                text1                                76       76      11E         0
                text0                              36FC     36FC      1C8         0
                cinit                              7B7A     7B7A       44         0
                idataBANK0                         78D9     78D9        B         0

        CLASS   CONST          

        CLASS   SMALLCONST     
                smallconst                          600      600       8A         0

        CLASS   MEDIUMCONST    

        CLASS   COMRAM         
                temp                                 7E       7E        1         1
                cstackCOMRAM                          1        1       7D         1

        CLASS   ABS1           

        CLASS   BIGRAM         

        CLASS   RAM            

        CLASS   BANK0          
                cstackBANK0                          AE       AE       16         1
                dataBANK0                            C4       C4        B         1
                bssBANK0                             80       80       2E         1

        CLASS   BANK1          
                cstackBANK1                         100      100       A3         1
                bssBANK1                            1A3      1A3        4         1

        CLASS   BANK2          

        CLASS   BANK3          

        CLASS   BANK4          

        CLASS   BANK5          

        CLASS   SFR            

        CLASS   CONFIG         
                config                           300000   300000        E         4

        CLASS   IDLOC          
                idloc                            200000   200000        8         5

        CLASS   FARRAM         

        CLASS   EEDATA         



SEGMENTS        Name                           Load    Length   Top    Selector   Space  Class

                reset_vec                      000000  000008  000008         0       0  CODE    
                cstackCOMRAM                   000001  00007E  00007F         1       1  COMRAM  
                intcode                        000008  0005F8  000600         4       0  CODE    
                bssBANK0                       000080  00004F  0000CF        80       1  BANK0   
                cstackBANK1                    000100  0000A7  0001A7       100       1  BANK1   
                smallconst                     000600  00008A  00068A       300       0  SMALLCON
                text5                          00068A  003976  004000       345       0  CODE    
                text26                         0078D2  000006  0078D8      3C69       0  CODE    
                idataBANK0                     0078D9  00000B  0078E4      78D9       0  CODE    
                text39                         0078E4  00000C  0078F0      3C72       0  CODE    
                text49                         0078F0  000010  007900      3C78       0  CODE    
                text48                         007900  00001E  00791E      3C80       0  CODE    
                text32                         00791E  000020  00793E      3C8F       0  CODE    
                text38                         00793E  000022  007960      3C9F       0  CODE    
                text30                         007960  00002A  00798A      3CB0       0  CODE    
                text2                          00798A  000034  0079BE      3CC5       0  CODE    
                text36                         0079BE  00003A  0079F8      3CDF       0  CODE    
                text34                         0079F8  00003A  007A32      3CFC       0  CODE    
                text40                         007A32  000040  007A72      3D19       0  CODE    
                text44                         007A72  000042  007AB4      3D39       0  CODE    
                text29                         007AB4  000042  007AF6      3D5A       0  CODE    
                text9                          007AF6  000042  007B38      3D7B       0  CODE    
                text8                          007B38  000042  007B7A      3D9C       0  CODE    
                cinit                          007B7A  000044  007BBE      3DBD       0  CODE    
                text33                         007BBE  000046  007C04      3DDF       0  CODE    
                text10                         007C04  000046  007C4A      3E02       0  CODE    
                text42                         007C4A  00004A  007C94      3E25       0  CODE    
                text31                         007C94  00004C  007CE0      3E4A       0  CODE    
                text18                         007CE0  00004C  007D2C      3E70       0  CODE    
                text24                         007D2C  000050  007D7C      3E96       0  CODE    
                text23                         007D7C  00005C  007DD8      3EBE       0  CODE    
                text21                         007DD8  000066  007E3E      3EEC       0  CODE    
                text7                          007E3E  000070  007EAE      3F1F       0  CODE    
                text4                          007EAE  000070  007F1E      3F57       0  CODE    
                text25                         007F1E  0000E2  008000      3F8F       0  CODE    


UNUSED ADDRESS RANGES

        Name                Unused          Largest block    Delta
        BANK0            0000CF-0000FF               31
        BANK1            0001A7-0001FF               59
        BANK2            000200-0002FF              100
        BANK3            000300-0003FF              100
        BANK4            000400-0004FF              100
        BANK5            000500-0005FF              100
        BIGRAM           00007F-00007F                1
                         0000CF-0000FF               31
                         0001A7-0005FF              459
        CODE             004000-0078D1             38D2
                         0078D8-0078D8                1
        COMRAM           00007F-00007F                1
        CONST            004000-0078D1             38D2
                         0078D8-0078D8                1
        EEDATA           F00000-F000FF              100
        MEDIUMCONST      004000-0078D1             38D2
                         0078D8-0078D8                1
        RAM              0000CF-0000FF               31
                         0001A7-0005FF              100
        SFR              000F80-000FFF               80
        SMALLCONST       004000-0078D1              100
                         0078D8-0078D8                1
        STACK            0001A7-0005FF              459

                                  Symbol Table

?___aodiv                                               cstackCOMRAM 000001
?___aomod                                               cstackCOMRAM 000001
?___fladd                                               cstackCOMRAM 000001
?___flmul                                               cstackCOMRAM 000001
?___flneg                                               cstackCOMRAM 000001
?___flsub                                               cstackCOMRAM 000011
?___fltol                                               cstackCOMRAM 000034
?___lodiv                                               cstackCOMRAM 000001
?___lomod                                               cstackCOMRAM 000001
?___wmul                                                cstackCOMRAM 000001
?_abs                                                   cstackCOMRAM 000013
?_atoi                                                  cstackCOMRAM 000008
?_ctoa                                                  cstackCOMRAM 00001C
?_dtoa                                                  cstackCOMRAM 00001C
?_isalpha                                               cstackCOMRAM 000001
?_isdigit                                               cstackCOMRAM 000001
?_islower                                               cstackCOMRAM 000001
?_isspace                                               cstackCOMRAM 000001
?_isupper                                               cstackCOMRAM 000001
?_otoa                                                  cstackCOMRAM 00001C
?_pad                                                   cstackCOMRAM 000011
?_roundf                                                cstackCOMRAM 00001A
?_snprintf                                              cstackBANK0  0000B8
?_state_translator_fpga_to_micro                        cstackCOMRAM 000001
?_stoa                                                  cstackCOMRAM 00000A
?_strlen                                                cstackCOMRAM 000001
?_strncmp                                               cstackCOMRAM 000001
?_toupper                                               cstackCOMRAM 000007
?_utoa                                                  cstackCOMRAM 00001C
?_vfpfcnvrt                                             cstackCOMRAM 000043
?_vfprintf                                              cstackCOMRAM 000068
?_vsnprintf                                             cstackCOMRAM 000070
?_xtoa                                                  cstackCOMRAM 00001C
_INTCONbits                                             (abs)        000FF2
_LATB                                                   (abs)        000F8A
_LATBbits                                               (abs)        000F8A
_LATC                                                   (abs)        000F8B
_PIE1bits                                               (abs)        000F9D
_PIR1bits                                               (abs)        000F9E
_PORTB                                                  (abs)        000F81
_PORTC                                                  (abs)        000F82
_PORTD                                                  (abs)        000F83
_PORTEbits                                              (abs)        000F84
_RCREG                                                  (abs)        000FAE
_RCSTAbits                                              (abs)        000FAB
_SPBRG                                                  (abs)        000FAF
_T0CON                                                  (abs)        000FD5
_T0CONbits                                              (abs)        000FD5
_TMR0H                                                  (abs)        000FD7
_TMR0L                                                  (abs)        000FD6
_TRISB                                                  (abs)        000F93
_TRISCbits                                              (abs)        000F94
_TXREG                                                  (abs)        000FAD
_TXSTAbits                                              (abs)        000FAC
__HRAM                                                  (abs)        000000
__Habs1                                                 abs1         000000
__Hbank0                                                bank0        000000
__Hbank1                                                bank1        000000
__Hbank2                                                bank2        000000
__Hbank3                                                bank3        000000
__Hbank4                                                bank4        000000
__Hbank5                                                bank5        000000
__Hbigbss                                               bigbss       000000
__Hbigdata                                              bigdata      000000
__Hbigram                                               bigram       000000
__Hbss                                                  bss          000000
__HbssBANK0                                             bssBANK0     000000
__HbssBANK1                                             bssBANK1     000000
__Hcinit                                                cinit        000000
__Hclrtext                                              clrtext      000000
__Hcomram                                               comram       000000
__Hconfig                                               config       30000E
__Hconst                                                const        000000
__HcstackBANK0                                          cstackBANK0  000000
__HcstackBANK1                                          cstackBANK1  000000
__HcstackCOMRAM                                         cstackCOMRAM 000000
__Hdata                                                 data         000000
__HdataBANK0                                            dataBANK0    000000
__Heeprom_data                                          eeprom_data  000000
__Hfarbss                                               farbss       000000
__Hfardata                                              fardata      000000
__Hibigdata                                             ibigdata     000000
__Hidata                                                idata        000000
__HidataBANK0                                           idataBANK0   000000
__Hidloc                                                idloc        200008
__Hifardata                                             ifardata     000000
__Hinit                                                 init         000076
__Hintcode                                              intcode      000072
__Hintcode_body                                         intcode_body 000000
__Hintcodelo                                            intcodelo    000072
__Hintentry                                             intentry     000000
__Hintret                                               intret       000000
__Hintsave_regs                                         intsave_regs 000000
__Hirdata                                               irdata       000000
__Hmediumconst                                          mediumconst  000000
__HnvFARRAM                                             nvFARRAM     000000
__Hnvbit                                                nvbit        000000
__Hnvrram                                               nvrram       000000
__Hparam                                                rparam       000000
__Hpowerup                                              powerup      000072
__Hram                                                  ram          000000
__Hramtop                                               ramtop       000600
__Hrbit                                                 rbit         000000
__Hrbss                                                 rbss         000000
__Hrdata                                                rdata        000000
__Hreset_vec                                            reset_vec    000006
__Hrparam                                               rparam       000000
__Hsfr                                                  sfr          000000
__Hsmallconst                                           smallconst   00068A
__Hspace_0                                              (abs)        008000
__Hspace_1                                              (abs)        0001A7
__Hspace_2                                              (abs)        000000
__Hspace_4                                              (abs)        60000E
__Hstack                                                stack        000000
__Hstruct                                               struct       000000
__Htemp                                                 temp         00007F
__Htext                                                 text         000000
__Htext0                                                text0        000000
__Htext1                                                text1        000000
__Htext10                                               text10       000000
__Htext11                                               text11       000000
__Htext12                                               text12       000000
__Htext13                                               text13       000000
__Htext14                                               text14       000000
__Htext15                                               text15       000000
__Htext16                                               text16       000000
__Htext17                                               text17       000000
__Htext18                                               text18       000000
__Htext19                                               text19       000000
__Htext2                                                text2        000000
__Htext20                                               text20       000000
__Htext21                                               text21       000000
__Htext22                                               text22       000000
__Htext23                                               text23       000000
__Htext24                                               text24       000000
__Htext25                                               text25       000000
__Htext26                                               text26       000000
__Htext27                                               text27       000000
__Htext28                                               text28       000000
__Htext29                                               text29       000000
__Htext3                                                text3        000000
__Htext30                                               text30       000000
__Htext31                                               text31       000000
__Htext32                                               text32       000000
__Htext33                                               text33       000000
__Htext34                                               text34       000000
__Htext35                                               text35       000000
__Htext36                                               text36       000000
__Htext37                                               text37       000000
__Htext38                                               text38       000000
__Htext39                                               text39       000000
__Htext4                                                text4        000000
__Htext40                                               text40       000000
__Htext41                                               text41       000000
__Htext42                                               text42       000000
__Htext43                                               text43       000000
__Htext44                                               text44       000000
__Htext45                                               text45       000000
__Htext46                                               text46       000000
__Htext47                                               text47       000000
__Htext48                                               text48       000000
__Htext49                                               text49       000000
__Htext5                                                text5        000000
__Htext6                                                text6        000000
__Htext7                                                text7        000000
__Htext8                                                text8        000000
__Htext9                                                text9        000000
__LRAM                                                  (abs)        000001
__Labs1                                                 abs1         000000
__Lbank0                                                bank0        000000
__Lbank1                                                bank1        000000
__Lbank2                                                bank2        000000
__Lbank3                                                bank3        000000
__Lbank4                                                bank4        000000
__Lbank5                                                bank5        000000
__Lbigbss                                               bigbss       000000
__Lbigdata                                              bigdata      000000
__Lbigram                                               bigram       000000
__Lbss                                                  bss          000000
__LbssBANK0                                             bssBANK0     000000
__LbssBANK1                                             bssBANK1     000000
__Lcinit                                                cinit        000000
__Lclrtext                                              clrtext      000000
__Lcomram                                               comram       000000
__Lconfig                                               config       000000
__Lconst                                                const        000000
__LcstackBANK0                                          cstackBANK0  000000
__LcstackBANK1                                          cstackBANK1  000000
__LcstackCOMRAM                                         cstackCOMRAM 000000
__Ldata                                                 data         000000
__LdataBANK0                                            dataBANK0    000000
__Leeprom_data                                          eeprom_data  000000
__Lfarbss                                               farbss       000000
__Lfardata                                              fardata      000000
__Libigdata                                             ibigdata     000000
__Lidata                                                idata        000000
__LidataBANK0                                           idataBANK0   000000
__Lidloc                                                idloc        000000
__Lifardata                                             ifardata     000000
__Linit                                                 init         000072
__Lintcode                                              intcode      000008
__Lintcode_body                                         intcode_body 000000
__Lintcodelo                                            intcodelo    000072
__Lintentry                                             intentry     000000
__Lintret                                               intret       000000
__Lintsave_regs                                         intsave_regs 000000
__Lirdata                                               irdata       000000
__Lmediumconst                                          mediumconst  000000
__LnvFARRAM                                             nvFARRAM     000000
__Lnvbit                                                nvbit        000000
__Lnvrram                                               nvrram       000000
__Lparam                                                rparam       000000
__Lpowerup                                              powerup      000072
__Lram                                                  ram          000000
__Lramtop                                               ramtop       000600
__Lrbit                                                 rbit         000000
__Lrbss                                                 rbss         000000
__Lrdata                                                rdata        000000
__Lreset_vec                                            reset_vec    000000
__Lrparam                                               rparam       000000
__Lsfr                                                  sfr          000000
__Lsmallconst                                           smallconst   000600
__Lspace_0                                              (abs)        000000
__Lspace_1                                              (abs)        000000
__Lspace_2                                              (abs)        000000
__Lspace_4                                              (abs)        000000
__Lstack                                                stack        000000
__Lstruct                                               struct       000000
__Ltemp                                                 temp         00007E
__Ltext                                                 text         000000
__Ltext0                                                text0        000000
__Ltext1                                                text1        000000
__Ltext10                                               text10       000000
__Ltext11                                               text11       000000
__Ltext12                                               text12       000000
__Ltext13                                               text13       000000
__Ltext14                                               text14       000000
__Ltext15                                               text15       000000
__Ltext16                                               text16       000000
__Ltext17                                               text17       000000
__Ltext18                                               text18       000000
__Ltext19                                               text19       000000
__Ltext2                                                text2        000000
__Ltext20                                               text20       000000
__Ltext21                                               text21       000000
__Ltext22                                               text22       000000
__Ltext23                                               text23       000000
__Ltext24                                               text24       000000
__Ltext25                                               text25       000000
__Ltext26                                               text26       000000
__Ltext27                                               text27       000000
__Ltext28                                               text28       000000
__Ltext29                                               text29       000000
__Ltext3                                                text3        000000
__Ltext30                                               text30       000000
__Ltext31                                               text31       000000
__Ltext32                                               text32       000000
__Ltext33                                               text33       000000
__Ltext34                                               text34       000000
__Ltext35                                               text35       000000
__Ltext36                                               text36       000000
__Ltext37                                               text37       000000
__Ltext38                                               text38       000000
__Ltext39                                               text39       000000
__Ltext4                                                text4        000000
__Ltext40                                               text40       000000
__Ltext41                                               text41       000000
__Ltext42                                               text42       000000
__Ltext43                                               text43       000000
__Ltext44                                               text44       000000
__Ltext45                                               text45       000000
__Ltext46                                               text46       000000
__Ltext47                                               text47       000000
__Ltext48                                               text48       000000
__Ltext49                                               text49       000000
__Ltext5                                                text5        000000
__Ltext6                                                text6        000000
__Ltext7                                                text7        000000
__Ltext8                                                text8        000000
__Ltext9                                                text9        000000
__S0                                                    (abs)        008000
__S1                                                    (abs)        0001A7
__S2                                                    (abs)        000000
__S4                                                    (abs)        000000
__S5                                                    (abs)        000000
___aodiv                                                text20       0038C4
___aodiv@counter                                        cstackCOMRAM 000011
___aodiv@dividend                                       cstackCOMRAM 000001
___aodiv@divisor                                        cstackCOMRAM 000009
___aodiv@quotient                                       cstackCOMRAM 000013
___aodiv@sign                                           cstackCOMRAM 000012
___aomod                                                text19       003A78
___aomod@counter                                        cstackCOMRAM 000011
___aomod@dividend                                       cstackCOMRAM 000001
___aomod@divisor                                        cstackCOMRAM 000009
___aomod@sign                                           cstackCOMRAM 000012
___fladd                                                text43       001A72
___fladd@a                                              cstackCOMRAM 000005
___fladd@aexp                                           cstackCOMRAM 00000E
___fladd@b                                              cstackCOMRAM 000001
___fladd@bexp                                           cstackCOMRAM 00000F
___fladd@grs                                            cstackCOMRAM 000010
___fladd@signs                                          cstackCOMRAM 00000D
___flge                                                 text46       003E78
___flge@ff1                                             cstackCOMRAM 000001
___flge@ff2                                             cstackCOMRAM 000005
___flmul                                                text45       00201A
___flmul@a                                              cstackCOMRAM 000005
___flmul@aexp                                           cstackCOMRAM 000012
___flmul@b                                              cstackCOMRAM 000001
___flmul@bexp                                           cstackCOMRAM 000013
___flmul@grs                                            cstackCOMRAM 00000E
___flmul@prod                                           cstackCOMRAM 000014
___flmul@sign                                           cstackCOMRAM 00000D
___flmul@temp                                           cstackCOMRAM 000018
___flneg                                                text44       007A72
___flneg@f1                                             cstackCOMRAM 000001
___flsub                                                text42       007C4A
___flsub@a                                              cstackCOMRAM 000015
___flsub@b                                              cstackCOMRAM 000011
___fltol                                                text47       003D42
___fltol@exp1                                           cstackCOMRAM 00003D
___fltol@f1                                             cstackCOMRAM 000034
___fltol@sign1                                          cstackCOMRAM 00003C
___inthi_sp                                             stack        000000
___intlo_sp                                             stack        000000
___lodiv                                                text13       000194
___lodiv@counter                                        cstackCOMRAM 000019
___lodiv@dividend                                       cstackCOMRAM 000001
___lodiv@divisor                                        cstackCOMRAM 000009
___lodiv@quotient                                       cstackCOMRAM 000011
___lomod                                                text12       0003A6
___lomod@counter                                        cstackCOMRAM 000011
___lomod@dividend                                       cstackCOMRAM 000001
___lomod@divisor                                        cstackCOMRAM 000009
___param_bank                                           (abs)        000000
___rparam_used                                          (abs)        000001
___sp                                                   stack        000000
___wmul                                                 text30       007960
___wmul@multiplicand                                    cstackCOMRAM 000003
___wmul@multiplier                                      cstackCOMRAM 000001
___wmul@product                                         cstackCOMRAM 000005
__accesstop                                             (abs)        000080
__activetblptr                                          (abs)        000002
__cntErrataNOP_C:\Users\davol\AppData\Local\Temp\s62o.o (abs)        000001
__cntErrataNOP_dist/default/debug\mplabx.debug.o        (abs)        000360
__end_of___aodiv                                        text20       003A78
__end_of___aomod                                        text19       003C08
__end_of___fladd                                        text43       00201A
__end_of___flge                                         text46       003FA0
__end_of___flmul                                        text45       0024BE
__end_of___flneg                                        text44       007AB4
__end_of___flsub                                        text42       007C94
__end_of___fltol                                        text47       003E78
__end_of___lodiv                                        text13       00029E
__end_of___lomod                                        text12       000490
__end_of___wmul                                         text30       00798A
__end_of__initialization                                cinit        007BB0
__end_of_abs                                            text18       007D2C
__end_of_atoi                                           text27       0036FC
__end_of_ctoa                                           text21       007E3E
__end_of_desired_baudrate                               smallconst   000609
__end_of_dtoa                                           text17       002BD8
__end_of_fosc                                           smallconst   00060D
__end_of_fputc                                          text25       008000
__end_of_fputs                                          text24       007D7C
__end_of_get_reg_value                                  text49       007900
__end_of_init_PORTS                                     text48       00791E
__end_of_init_USART                                     text40       007A72
__end_of_init_interrupts                                text39       0078F0
__end_of_init_timer_0                                   text38       007960
__end_of_isalpha                                        text10       007C4A
__end_of_isdigit                                        text29       007AF6
__end_of_islower                                        text8        007B7A
__end_of_isspace                                        text28       004000
__end_of_isupper                                        text9        007B38
__end_of_lcd_cmd                                        text36       0079F8
__end_of_lcd_dat                                        text34       007A32
__end_of_lcd_init                                       text35       0005F4
__end_of_lcd_str                                        text33       007C04
__end_of_lcd_wr                                         text37       000600
__end_of_main                                           text0        0038C4
__end_of_otoa                                           text16       00335A
__end_of_pad                                            text22       000576
__end_of_putch                                          text26       0078D8
__end_of_roundf                                         text41       0028A4
__end_of_rx_char_usart                                  intcode      000072
__end_of_serial_tx_char                                 text32       00793E
__end_of_serial_tx_string                               text31       007CE0
__end_of_snprintf                                       text2        0079BE
__end_of_state_translator_fpga_to_micro                 text1        000194
__end_of_stoa                                           text15       00352E
__end_of_strlen                                         text23       007DD8
__end_of_strncmp                                        text14       0003A6
__end_of_toint                                          smallconst   000605
__end_of_toupper                                        text7        007EAE
__end_of_utoa                                           text11       003134
__end_of_vfpfcnvrt                                      text5        001A72
__end_of_vfprintf                                       text4        007F1E
__end_of_vsnprintf                                      text3        003D42
__end_of_xtoa                                           text6        002F08
__initialization                                        cinit        007B7A
__mediumconst                                           mediumconst  000000
__pbssBANK0                                             bssBANK0     000080
__pbssBANK1                                             bssBANK1     0001A3
__pcinit                                                cinit        007B7A
__pcstackBANK0                                          cstackBANK0  0000AE
__pcstackBANK1                                          cstackBANK1  000100
__pcstackCOMRAM                                         cstackCOMRAM 000001
__pdataBANK0                                            dataBANK0    0000C4
__pidataBANK0                                           idataBANK0   0078D9
__pintcode                                              intcode      000008
__psmallconst                                           smallconst   000600
__ptext0                                                text0        0036FC
__ptext1                                                text1        000076
__ptext10                                               text10       007C04
__ptext11                                               text11       002F08
__ptext12                                               text12       0003A6
__ptext13                                               text13       000194
__ptext14                                               text14       00029E
__ptext15                                               text15       00335A
__ptext16                                               text16       003134
__ptext17                                               text17       0028A4
__ptext18                                               text18       007CE0
__ptext19                                               text19       003A78
__ptext2                                                text2        00798A
__ptext20                                               text20       0038C4
__ptext21                                               text21       007DD8
__ptext22                                               text22       000490
__ptext23                                               text23       007D7C
__ptext24                                               text24       007D2C
__ptext25                                               text25       007F1E
__ptext26                                               text26       0078D2
__ptext27                                               text27       00352E
__ptext28                                               text28       003FA0
__ptext29                                               text29       007AB4
__ptext3                                                text3        003C08
__ptext30                                               text30       007960
__ptext31                                               text31       007C94
__ptext32                                               text32       00791E
__ptext33                                               text33       007BBE
__ptext34                                               text34       0079F8
__ptext35                                               text35       000576
__ptext36                                               text36       0079BE
__ptext37                                               text37       0005F4
__ptext38                                               text38       00793E
__ptext39                                               text39       0078E4
__ptext4                                                text4        007EAE
__ptext40                                               text40       007A32
__ptext41                                               text41       0024BE
__ptext42                                               text42       007C4A
__ptext43                                               text43       001A72
__ptext44                                               text44       007A72
__ptext45                                               text45       00201A
__ptext46                                               text46       003E78
__ptext47                                               text47       003D42
__ptext48                                               text48       007900
__ptext49                                               text49       0078F0
__ptext5                                                text5        00068A
__ptext6                                                text6        002BD8
__ptext7                                                text7        007E3E
__ptext8                                                text8        007B38
__ptext9                                                text9        007AF6
__ramtop                                                ramtop       000600
__size_of___aodiv                                       (abs)        000000
__size_of___aomod                                       (abs)        000000
__size_of___fladd                                       (abs)        000000
__size_of___flge                                        (abs)        000000
__size_of___flmul                                       (abs)        000000
__size_of___flneg                                       (abs)        000000
__size_of___flsub                                       (abs)        000000
__size_of___fltol                                       (abs)        000000
__size_of___lodiv                                       (abs)        000000
__size_of___lomod                                       (abs)        000000
__size_of___wmul                                        (abs)        000000
__size_of_abs                                           (abs)        000000
__size_of_atoi                                          (abs)        000000
__size_of_ctoa                                          (abs)        000000
__size_of_dtoa                                          (abs)        000000
__size_of_fputc                                         (abs)        000000
__size_of_fputs                                         (abs)        000000
__size_of_get_reg_value                                 (abs)        000000
__size_of_init_PORTS                                    (abs)        000000
__size_of_init_USART                                    (abs)        000000
__size_of_init_interrupts                               (abs)        000000
__size_of_init_timer_0                                  (abs)        000000
__size_of_isalpha                                       (abs)        000000
__size_of_isdigit                                       (abs)        000000
__size_of_islower                                       (abs)        000000
__size_of_isspace                                       (abs)        000000
__size_of_isupper                                       (abs)        000000
__size_of_lcd_cmd                                       (abs)        000000
__size_of_lcd_dat                                       (abs)        000000
__size_of_lcd_init                                      (abs)        000000
__size_of_lcd_str                                       (abs)        000000
__size_of_lcd_wr                                        (abs)        000000
__size_of_main                                          (abs)        000000
__size_of_otoa                                          (abs)        000000
__size_of_pad                                           (abs)        000000
__size_of_putch                                         (abs)        000000
__size_of_roundf                                        (abs)        000000
__size_of_rx_char_usart                                 (abs)        000000
__size_of_serial_tx_char                                (abs)        000000
__size_of_serial_tx_string                              (abs)        000000
__size_of_snprintf                                      (abs)        000000
__size_of_state_translator_fpga_to_micro                (abs)        000000
__size_of_stoa                                          (abs)        000000
__size_of_strlen                                        (abs)        000000
__size_of_strncmp                                       (abs)        000000
__size_of_toupper                                       (abs)        000000
__size_of_utoa                                          (abs)        000000
__size_of_vfpfcnvrt                                     (abs)        000000
__size_of_vfprintf                                      (abs)        000000
__size_of_vsnprintf                                     (abs)        000000
__size_of_xtoa                                          (abs)        000000
__smallconst                                            smallconst   000600
_abs                                                    text18       007CE0
_atoi                                                   text27       00352E
_atoi$1476                                              cstackCOMRAM 000010
_atoi$1477                                              cstackCOMRAM 000014
_atoi$1478                                              cstackCOMRAM 000012
_ctoa                                                   text21       007DD8
_dbuf                                                   bssBANK0     00008E
_dtoa                                                   text17       0028A4
_dtoa$1300                                              cstackCOMRAM 00002E
_errno                                                  bssBANK0     00008C
_flags                                                  bssBANK0     00008A
_fputc                                                  text25       007F1E
_fputs                                                  text24       007D2C
_get_reg_value                                          text49       0078F0
_init_PORTS                                             text48       007900
_init_USART                                             text40       007A32
_init_interrupts                                        text39       0078E4
_init_timer_0                                           text38       00793E
_isalpha                                                text10       007C04
_isdigit                                                text29       007AB4
_islower                                                text8        007B38
_isspace                                                text28       003FA0
_isspace$1504                                           cstackCOMRAM 000007
_isupper                                                text9        007AF6
_lcd_cmd                                                text36       0079BE
_lcd_dat                                                text34       0079F8
_lcd_init                                               text35       000576
_lcd_str                                                text33       007BBE
_lcd_wr                                                 text37       0005F4
_main                                                   text0        0036FC
_nout                                                   bssBANK0     000084
_otoa                                                   text16       003134
_pad                                                    text22       000490
_prec                                                   bssBANK0     000088
_putch                                                  text26       0078D2
_roundf                                                 text41       0024BE
_roundf$1795                                            cstackCOMRAM 000028
_roundf$1796                                            cstackCOMRAM 000022
_rx_char_usart                                          intcode      000008
_serial_tx_char                                         text32       00791E
_serial_tx_string                                       text31       007C94
_snprintf                                               text2        00798A
_state                                                  bssBANK1     0001A5
_state_changed                                          bssBANK1     0001A4
_state_translator_fpga_to_micro                         text1        000076
_stoa                                                   text15       00335A
_strlen                                                 text23       007D7C
_strncmp                                                text14       00029E
_timer_done                                             bssBANK1     0001A3
_toupper                                                text7        007E3E
_toupper$1564                                           cstackCOMRAM 00000D
_utoa                                                   text11       002F08
_vfpfcnvrt                                              text5        00068A
_vfpfcnvrt$1351                                         cstackCOMRAM 000051
_vfpfcnvrt$1352                                         cstackCOMRAM 000053
_vfprintf                                               text4        007EAE
_vsnprintf                                              text3        003C08
_vsnprintf$1214                                         cstackBANK0  0000AE
_width                                                  bssBANK0     000086
_xtoa                                                   text6        002BD8
_xtoa$1336                                              cstackCOMRAM 00002F
_xtoa$1337                                              cstackCOMRAM 000031
abs@a                                                   cstackCOMRAM 000013
atoi@n                                                  cstackCOMRAM 000015
atoi@neg                                                cstackCOMRAM 00000E
atoi@s                                                  cstackCOMRAM 000008
btemp                                                   temp         00007E
ctoa@c                                                  cstackCOMRAM 00001E
ctoa@fp                                                 cstackCOMRAM 00001C
ctoa@w                                                  cstackCOMRAM 00001F
dtoa@d                                                  cstackCOMRAM 00001E
dtoa@fp                                                 cstackCOMRAM 00001C
dtoa@i                                                  cstackCOMRAM 00003E
dtoa@n                                                  cstackCOMRAM 000036
dtoa@p                                                  cstackCOMRAM 000030
dtoa@s                                                  cstackCOMRAM 000034
dtoa@w                                                  cstackCOMRAM 000032
end_of_initialization                                   cinit        007BB0
fputc@c                                                 cstackCOMRAM 000001
fputc@fp                                                cstackCOMRAM 000003
fputs@c                                                 cstackCOMRAM 00000E
fputs@fp                                                cstackCOMRAM 00000C
fputs@i                                                 cstackCOMRAM 00000F
fputs@s                                                 cstackCOMRAM 00000A
get_reg_value@rx_char                                   cstackCOMRAM 000001
int$flags                                               temp         00007E
intlevel0                                               text         000006
intlevel1                                               text         000006
intlevel2                                               text         000006
intlevel3                                               text         000006
isalpha@c                                               cstackCOMRAM 000001
isdigit@c                                               cstackCOMRAM 000001
islower@c                                               cstackCOMRAM 000001
isspace@c                                               cstackCOMRAM 000001
isupper@c                                               cstackCOMRAM 000001
lcd_cmd@val                                             cstackCOMRAM 000003
lcd_dat@val                                             cstackCOMRAM 000003
lcd_str@i                                               cstackCOMRAM 000006
lcd_str@str                                             cstackCOMRAM 000004
lcd_wr@val                                              cstackCOMRAM 000001
main@greet_str                                          cstackBANK1  000100
main@rx_char                                            cstackBANK1  0001A2
main@state_msg                                          cstackBANK1  0001A0
otoa@d                                                  cstackCOMRAM 00001E
otoa@fp                                                 cstackCOMRAM 00001C
otoa@i                                                  cstackCOMRAM 00003C
otoa@n                                                  cstackCOMRAM 000034
otoa@p                                                  cstackCOMRAM 00002E
otoa@t                                                  cstackCOMRAM 000030
otoa@w                                                  cstackCOMRAM 000032
pad@buf                                                 cstackCOMRAM 000013
pad@fp                                                  cstackCOMRAM 000011
pad@i                                                   cstackCOMRAM 000018
pad@p                                                   cstackCOMRAM 000015
pad@w                                                   cstackCOMRAM 00001A
roundf@F525                                             bssBANK0     000080
roundf@e                                                cstackCOMRAM 000026
roundf@u                                                cstackCOMRAM 00002C
roundf@x                                                cstackCOMRAM 00001A
roundf@y                                                cstackCOMRAM 000030
serial_tx_char@val                                      cstackCOMRAM 000001
serial_tx_string@i                                      cstackCOMRAM 000004
serial_tx_string@val                                    cstackCOMRAM 000002
snprintf@ap                                             cstackBANK0  0000C2
snprintf@fmt                                            cstackBANK0  0000BC
snprintf@n                                              cstackBANK0  0000BA
snprintf@s                                              cstackBANK0  0000B8
stackhi                                                 (abs)        0005FF
stacklo                                                 (abs)        0001A7
start                                                   init         000072
start_initialization                                    cinit        007B7A
state_translator_fpga_to_micro@state                    cstackCOMRAM 000001
state_translator_fpga_to_micro@state_machine_code       cstackCOMRAM 000005
state_translator_fpga_to_micro@state_msg                cstackCOMRAM 000003
stoa@F1152                                              dataBANK0    0000C4
stoa@cp                                                 cstackCOMRAM 00001A
stoa@fp                                                 cstackCOMRAM 00000A
stoa@i                                                  cstackCOMRAM 000016
stoa@l                                                  cstackCOMRAM 00001E
stoa@nuls                                               cstackCOMRAM 00000F
stoa@p                                                  cstackCOMRAM 00001C
stoa@s                                                  cstackCOMRAM 00000C
stoa@w                                                  cstackCOMRAM 000018
strlen@a                                                cstackCOMRAM 000003
strlen@s                                                cstackCOMRAM 000001
strncmp@_l                                              cstackCOMRAM 000001
strncmp@_r                                              cstackCOMRAM 000003
strncmp@l                                               cstackCOMRAM 000008
strncmp@n                                               cstackCOMRAM 000005
strncmp@r                                               cstackCOMRAM 00000A
toupper@c                                               cstackCOMRAM 000007
ttemp5                                                  temp         00007F
ttemp6                                                  temp         000082
ttemp7                                                  temp         000086
utoa@d                                                  cstackCOMRAM 00001E
utoa@fp                                                 cstackCOMRAM 00001C
utoa@i                                                  cstackCOMRAM 00003A
utoa@n                                                  cstackCOMRAM 000032
utoa@p                                                  cstackCOMRAM 00002E
utoa@w                                                  cstackCOMRAM 000030
vfpfcnvrt@ap                                            cstackCOMRAM 000047
vfpfcnvrt@c                                             cstackCOMRAM 00005F
vfpfcnvrt@cp                                            cstackCOMRAM 00004D
vfpfcnvrt@done                                          cstackCOMRAM 00004F
vfpfcnvrt@fmt                                           cstackCOMRAM 000045
vfpfcnvrt@fp                                            cstackCOMRAM 000043
vfpfcnvrt@ll                                            cstackCOMRAM 000055
vfpfcnvrt@llu                                           cstackCOMRAM 000060
vfpfcnvrt@vp                                            cstackCOMRAM 00005D
vfprintf@ap                                             cstackCOMRAM 00006C
vfprintf@cfmt                                           cstackCOMRAM 00006E
vfprintf@fmt                                            cstackCOMRAM 00006A
vfprintf@fp                                             cstackCOMRAM 000068
vsnprintf@ap                                            cstackCOMRAM 000076
vsnprintf@cnt                                           cstackBANK0  0000B0
vsnprintf@f                                             cstackBANK0  0000B2
vsnprintf@fmt                                           cstackCOMRAM 000074
vsnprintf@n                                             cstackCOMRAM 000072
vsnprintf@s                                             cstackCOMRAM 000070
wtemp8                                                  temp         00007F
xtoa@c                                                  cstackCOMRAM 000041
xtoa@d                                                  cstackCOMRAM 00001E
xtoa@fp                                                 cstackCOMRAM 00001C
xtoa@i                                                  cstackCOMRAM 00003F
xtoa@n                                                  cstackCOMRAM 000037
xtoa@p                                                  cstackCOMRAM 000033
xtoa@w                                                  cstackCOMRAM 000035
xtoa@x                                                  cstackCOMRAM 000026


FUNCTION INFORMATION:

 *************** function _main *****************
 Defined at:
		line 30 in file "main.c"
 Parameters:    Size  Location     Type
		None
 Auto vars:     Size  Location     Type
  greet_str     160    0[BANK1 ] PTR const unsigned char 
		 -> ?_snprintf(2), STR_7(8), STR_6(9), STR_5(8), 
		 -> STR_4(11), STR_3(5), STR_2(9), 
  state_msg       2  160[BANK1 ] PTR const unsigned char 
		 -> STR_7(8), STR_6(9), STR_5(8), STR_4(11), 
		 -> STR_3(5), STR_2(9), 
  rx_char         1  162[BANK1 ] unsigned char 
 Return value:  Size  Location     Type
                  1    wreg      void 
 Registers used:
		wreg, fsr1l, fsr1h, fsr2l, fsr2h, status,2, status,0, tblptrl, tblptrh, tblptru, prodl, prodh, cstack
 Tracked objects:
		On entry : 
		On exit  : 
		Unchanged: 
 Data sizes:     COMRAM   BANK0   BANK1   BANK2   BANK3   BANK4   BANK5
      Params:         0       0       0       0       0       0       0
      Locals:         0       0     163       0       0       0       0
      Temps:          2       0       0       0       0       0       0
      Totals:         2       0     163       0       0       0       0
Total ram usage:      165 bytes
 Hardware stack levels required when called:   10
 This function calls:
		_get_reg_value
		_init_PORTS
		_init_USART
		_init_interrupts
		_init_timer_0
		_lcd_cmd
		_lcd_init
		_lcd_str
		_serial_tx_char
		_serial_tx_string
		_snprintf
		_state_translator_fpga_to_micro
 This function is called by:
		Startup code after reset
 This function uses a non-reentrant model


 *************** function _state_translator_fpga_to_micro *****************
 Defined at:
		line 1 in file "utils.c"
 Parameters:    Size  Location     Type
  state_machin    1    wreg     unsigned char 
  state           2    0[COMRAM] PTR int 
		 -> state(2), 
 Auto vars:     Size  Location     Type
  state_machin    1    4[COMRAM] unsigned char 
  state_msg       2    2[COMRAM] PTR const unsigned char 
		 -> STR_7(8), STR_6(9), STR_5(8), STR_4(11), 
		 -> STR_3(5), STR_2(9), 
 Return value:  Size  Location     Type
                  2    0[COMRAM] PTR const unsigned char 
 Registers used:
		wreg, fsr2l, fsr2h, status,2, status,0
 Tracked objects:
		On entry : 
		On exit  : 
		Unchanged: 
 Data sizes:     COMRAM   BANK0   BANK1   BANK2   BANK3   BANK4   BANK5
      Params:         2       0       0       0       0       0       0
      Locals:         3       0       0       0       0       0       0
      Temps:          0       0       0       0       0       0       0
      Totals:         5       0       0       0       0       0       0
Total ram usage:        5 bytes
 Hardware stack levels used:    1
 Hardware stack levels required when called:    1
 This function calls:
		Nothing
 This function is called by:
		_main
 This function uses a non-reentrant model


 *************** function _snprintf *****************
 Defined at:
		line 4 in file "C:\Program Files\Microchip\xc8\v2.20\pic\sources\c99\common\snprintf.c"
 Parameters:    Size  Location     Type
  s               2   10[BANK0 ] PTR unsigned char 
		 -> main@greet_str(160), 
  n               2   12[BANK0 ] unsigned int 
  fmt             2   14[BANK0 ] PTR const unsigned char 
		 -> STR_1(24), 
 Auto vars:     Size  Location     Type
  ap              2   20[BANK0 ] PTR void [1]
		 -> ?_snprintf(2), 
  ret             2    0        int 
 Return value:  Size  Location     Type
                  2   10[BANK0 ] int 
 Registers used:
		wreg, fsr1l, fsr1h, fsr2l, fsr2h, status,2, status,0, tblptrl, tblptrh, tblptru, prodl, prodh, cstack
 Tracked objects:
		On entry : 
		On exit  : 
		Unchanged: 
 Data sizes:     COMRAM   BANK0   BANK1   BANK2   BANK3   BANK4   BANK5
      Params:         0       8       0       0       0       0       0
      Locals:         0       4       0       0       0       0       0
      Temps:          0       0       0       0       0       0       0
      Totals:         0      12       0       0       0       0       0
Total ram usage:       12 bytes
 Hardware stack levels used:    1
 Hardware stack levels required when called:    9
 This function calls:
		_vsnprintf
 This function is called by:
		_main
 This function uses a non-reentrant model


 *************** function _vsnprintf *****************
 Defined at:
		line 11 in file "C:\Program Files\Microchip\xc8\v2.20\pic\sources\c99\common\nf_vsnprintf.c"
 Parameters:    Size  Location     Type
  s               2  111[COMRAM] PTR unsigned char 
		 -> main@greet_str(160), 
  n               2  113[COMRAM] unsigned int 
  fmt             2  115[COMRAM] PTR const unsigned char 
		 -> STR_1(24), 
  ap              2  117[COMRAM] PTR PTR void 
		 -> snprintf@ap(2), 
 Auto vars:     Size  Location     Type
  f               6    4[BANK0 ] struct _IO_FILE
  cnt             2    2[BANK0 ] int 
 Return value:  Size  Location     Type
                  2  111[COMRAM] int 
 Registers used:
		wreg, fsr1l, fsr1h, fsr2l, fsr2h, status,2, status,0, tblptrl, tblptrh, tblptru, prodl, prodh, cstack
 Tracked objects:
		On entry : 
		On exit  : 
		Unchanged: 
 Data sizes:     COMRAM   BANK0   BANK1   BANK2   BANK3   BANK4   BANK5
      Params:         8       0       0       0       0       0       0
      Locals:         0      10       0       0       0       0       0
      Temps:          4       0       0       0       0       0       0
      Totals:        12      10       0       0       0       0       0
Total ram usage:       22 bytes
 Hardware stack levels used:    1
 Hardware stack levels required when called:    8
 This function calls:
		_vfprintf
 This function is called by:
		_snprintf
 This function uses a non-reentrant model


 *************** function _vfprintf *****************
 Defined at:
		line 1368 in file "C:\Program Files\Microchip\xc8\v2.20\pic\sources\c99\common\doprnt.c"
 Parameters:    Size  Location     Type
  fp              2  103[COMRAM] PTR struct _IO_FILE
		 -> vsnprintf@f(6), 
  fmt             2  105[COMRAM] PTR const unsigned char 
		 -> STR_1(24), 
  ap              2  107[COMRAM] PTR PTR void 
		 -> snprintf@ap(2), 
 Auto vars:     Size  Location     Type
  cfmt            2  109[COMRAM] PTR unsigned char 
		 -> STR_1(24), 
 Return value:  Size  Location     Type
                  2  103[COMRAM] int 
 Registers used:
		wreg, fsr1l, fsr1h, fsr2l, fsr2h, status,2, status,0, tblptrl, tblptrh, tblptru, prodl, prodh, cstack
 Tracked objects:
		On entry : 
		On exit  : 
		Unchanged: 
 Data sizes:     COMRAM   BANK0   BANK1   BANK2   BANK3   BANK4   BANK5
      Params:         6       0       0       0       0       0       0
      Locals:         2       0       0       0       0       0       0
      Temps:          0       0       0       0       0       0       0
      Totals:         8       0       0       0       0       0       0
Total ram usage:        8 bytes
 Hardware stack levels used:    1
 Hardware stack levels required when called:    7
 This function calls:
		_vfpfcnvrt
 This function is called by:
		_vsnprintf
 This function uses a non-reentrant model


 *************** function _vfpfcnvrt *****************
 Defined at:
		line 670 in file "C:\Program Files\Microchip\xc8\v2.20\pic\sources\c99\common\doprnt.c"
 Parameters:    Size  Location     Type
  fp              2   66[COMRAM] PTR struct _IO_FILE
		 -> vsnprintf@f(6), 
  fmt             2   68[COMRAM] PTR PTR unsigned char 
		 -> vfprintf@cfmt(2), 
[...]
      Temps:          0       0       0       0       0       0       0
      Totals:         0       0       0       0       0       0       0
Total ram usage:        0 bytes
 Hardware stack levels used:    1
 Hardware stack levels required when called:    1
 This function calls:
		Nothing
 This function is called by:
		_main
 This function uses a non-reentrant model


 *************** function _init_USART *****************
 Defined at:
		line 13 in file "serial_rs232.c"
 Parameters:    Size  Location     Type
		None
 Auto vars:     Size  Location     Type
		None
 Return value:  Size  Location     Type
                  1    wreg      void 
 Registers used:
		wreg, status,2, status,0, prodl, prodh, cstack
 Tracked objects:
		On entry : 
		On exit  : 
		Unchanged: 
 Data sizes:     COMRAM   BANK0   BANK1   BANK2   BANK3   BANK4   BANK5
      Params:         0       0       0       0       0       0       0
      Locals:         0       0       0       0       0       0       0
      Temps:          0       0       0       0       0       0       0
      Totals:         0       0       0       0       0       0       0
Total ram usage:        0 bytes
 Hardware stack levels used:    1
 Hardware stack levels required when called:    4
 This function calls:
		___fltol
		_roundf
 This function is called by:
		_main
 This function uses a non-reentrant model


 *************** function _roundf *****************
 Defined at:
		line 12 in file "C:\Program Files\Microchip\xc8\v2.20\pic\sources\c99\common\roundf.c"
 Parameters:    Size  Location     Type
  x               4   25[COMRAM] float 
 Auto vars:     Size  Location     Type
  y               4   47[COMRAM] float 
  u               4   43[COMRAM] struct .
  e               2   37[COMRAM] int 
 Return value:  Size  Location     Type
                  4   25[COMRAM] float 
 Registers used:
		wreg, status,2, status,0, prodl, prodh, cstack
 Tracked objects:
		On entry : 
		On exit  : 
		Unchanged: 
 Data sizes:     COMRAM   BANK0   BANK1   BANK2   BANK3   BANK4   BANK5
      Params:         4       0       0       0       0       0       0
      Locals:        18       0       0       0       0       0       0
      Temps:          4       0       0       0       0       0       0
      Totals:        26       0       0       0       0       0       0
Total ram usage:       26 bytes
 Hardware stack levels used:    1
 Hardware stack levels required when called:    3
 This function calls:
		___fladd
		___flge
		___flmul
		___flneg
		___flsub
 This function is called by:
		_init_USART
 This function uses a non-reentrant model


 *************** function ___flsub *****************
 Defined at:
		line 245 in file "C:\Program Files\Microchip\xc8\v2.20\pic\sources\c99\common\sprcadd.c"
 Parameters:    Size  Location     Type
  b               4   16[COMRAM] float 
  a               4   20[COMRAM] float 
 Auto vars:     Size  Location     Type
		None
 Return value:  Size  Location     Type
                  4   16[COMRAM] float 
 Registers used:
		wreg, status,2, status,0, cstack
 Tracked objects:
		On entry : 
		On exit  : 
		Unchanged: 
 Data sizes:     COMRAM   BANK0   BANK1   BANK2   BANK3   BANK4   BANK5
      Params:         8       0       0       0       0       0       0
      Locals:         0       0       0       0       0       0       0
      Temps:          0       0       0       0       0       0       0
      Totals:         8       0       0       0       0       0       0
Total ram usage:        8 bytes
 Hardware stack levels used:    1
 Hardware stack levels required when called:    2
 This function calls:
		___fladd
 This function is called by:
		_roundf
 This function uses a non-reentrant model


 *************** function ___fladd *****************
 Defined at:
		line 10 in file "C:\Program Files\Microchip\xc8\v2.20\pic\sources\c99\common\sprcadd.c"
 Parameters:    Size  Location     Type
  b               4    0[COMRAM] float 
  a               4    4[COMRAM] float 
 Auto vars:     Size  Location     Type
  grs             1   15[COMRAM] unsigned char 
  bexp            1   14[COMRAM] unsigned char 
  aexp            1   13[COMRAM] unsigned char 
  signs           1   12[COMRAM] unsigned char 
 Return value:  Size  Location     Type
                  4    0[COMRAM] unsigned char 
 Registers used:
		wreg, status,2, status,0
 Tracked objects:
		On entry : 
		On exit  : 
		Unchanged: 
 Data sizes:     COMRAM   BANK0   BANK1   BANK2   BANK3   BANK4   BANK5
      Params:         8       0       0       0       0       0       0
      Locals:         4       0       0       0       0       0       0
      Temps:          4       0       0       0       0       0       0
      Totals:        16       0       0       0       0       0       0
Total ram usage:       16 bytes
 Hardware stack levels used:    1
 Hardware stack levels required when called:    1
 This function calls:
		Nothing
 This function is called by:
		___flsub
		_roundf
 This function uses a non-reentrant model


 *************** function ___flneg *****************
 Defined at:
		line 15 in file "C:\Program Files\Microchip\xc8\v2.20\pic\sources\c99\common\flneg.c"
 Parameters:    Size  Location     Type
  f1              4    0[COMRAM] unsigned char 
 Auto vars:     Size  Location     Type
		None
 Return value:  Size  Location     Type
                  4    0[COMRAM] unsigned char 
 Registers used:
		wreg, status,2, status,0
 Tracked objects:
		On entry : 
		On exit  : 
		Unchanged: 
 Data sizes:     COMRAM   BANK0   BANK1   BANK2   BANK3   BANK4   BANK5
      Params:         4       0       0       0       0       0       0
      Locals:         0       0       0       0       0       0       0
      Temps:          0       0       0       0       0       0       0
      Totals:         4       0       0       0       0       0       0
Total ram usage:        4 bytes
 Hardware stack levels used:    1
 Hardware stack levels required when called:    1
 This function calls:
		Nothing
 This function is called by:
		_roundf
 This function uses a non-reentrant model


 *************** function ___flmul *****************
 Defined at:
		line 8 in file "C:\Program Files\Microchip\xc8\v2.20\pic\sources\c99\common\sprcmul.c"
 Parameters:    Size  Location     Type
  b               4    0[COMRAM] unsigned char 
  a               4    4[COMRAM] unsigned char 
 Auto vars:     Size  Location     Type
  prod            4   19[COMRAM] struct .
  grs             4   13[COMRAM] unsigned long 
  temp            2   23[COMRAM] struct .
  bexp            1   18[COMRAM] unsigned char 
  aexp            1   17[COMRAM] unsigned char 
  sign            1   12[COMRAM] unsigned char 
 Return value:  Size  Location     Type
                  4    0[COMRAM] unsigned char 
 Registers used:
		wreg, status,2, status,0, prodl, prodh
 Tracked objects:
		On entry : 
		On exit  : 
		Unchanged: 
 Data sizes:     COMRAM   BANK0   BANK1   BANK2   BANK3   BANK4   BANK5
      Params:         8       0       0       0       0       0       0
      Locals:        13       0       0       0       0       0       0
      Temps:          4       0       0       0       0       0       0
      Totals:        25       0       0       0       0       0       0
Total ram usage:       25 bytes
 Hardware stack levels used:    1
 Hardware stack levels required when called:    1
 This function calls:
		Nothing
 This function is called by:
		_roundf
 This function uses a non-reentrant model


 *************** function ___flge *****************
 Defined at:
		line 4 in file "C:\Program Files\Microchip\xc8\v2.20\pic\sources\c99\common\flge.c"
 Parameters:    Size  Location     Type
  ff1             4    0[COMRAM] unsigned char 
  ff2             4    4[COMRAM] unsigned char 
 Auto vars:     Size  Location     Type
		None
 Return value:  Size  Location     Type
		None               void
 Registers used:
		wreg, status,2, status,0
 Tracked objects:
		On entry : 
		On exit  : 
		Unchanged: 
 Data sizes:     COMRAM   BANK0   BANK1   BANK2   BANK3   BANK4   BANK5
      Params:         8       0       0       0       0       0       0
      Locals:         0       0       0       0       0       0       0
      Temps:          4       0       0       0       0       0       0
      Totals:        12       0       0       0       0       0       0
Total ram usage:       12 bytes
 Hardware stack levels used:    1
 Hardware stack levels required when called:    1
 This function calls:
		Nothing
 This function is called by:
		_roundf
 This function uses a non-reentrant model


 *************** function ___fltol *****************
 Defined at:
		line 43 in file "C:\Program Files\Microchip\xc8\v2.20\pic\sources\c99\common\fltol.c"
 Parameters:    Size  Location     Type
  f1              4   51[COMRAM] unsigned char 
 Auto vars:     Size  Location     Type
  exp1            1   60[COMRAM] unsigned char 
  sign1           1   59[COMRAM] unsigned char 
 Return value:  Size  Location     Type
                  4   51[COMRAM] long 
 Registers used:
		wreg, status,2, status,0
 Tracked objects:
		On entry : 
		On exit  : 
		Unchanged: 
 Data sizes:     COMRAM   BANK0   BANK1   BANK2   BANK3   BANK4   BANK5
      Params:         4       0       0       0       0       0       0
      Locals:         2       0       0       0       0       0       0
      Temps:          4       0       0       0       0       0       0
      Totals:        10       0       0       0       0       0       0
Total ram usage:       10 bytes
 Hardware stack levels used:    1
 Hardware stack levels required when called:    1
 This function calls:
		Nothing
 This function is called by:
		_init_USART
 This function uses a non-reentrant model


 *************** function _init_PORTS *****************
 Defined at:
		line 61 in file "init_PIC.c"
 Parameters:    Size  Location     Type
		None
 Auto vars:     Size  Location     Type
		None
 Return value:  Size  Location     Type
                  1    wreg      void 
 Registers used:
		wreg, status,2
 Tracked objects:
		On entry : 
		On exit  : 
		Unchanged: 
 Data sizes:     COMRAM   BANK0   BANK1   BANK2   BANK3   BANK4   BANK5
      Params:         0       0       0       0       0       0       0
      Locals:         0       0       0       0       0       0       0
      Temps:          0       0       0       0       0       0       0
      Totals:         0       0       0       0       0       0       0
Total ram usage:        0 bytes
 Hardware stack levels used:    1
 Hardware stack levels required when called:    1
 This function calls:
		Nothing
 This function is called by:
		_main
 This function uses a non-reentrant model


 *************** function _get_reg_value *****************
 Defined at:
		line 51 in file "serial_rs232.c"
 Parameters:    Size  Location     Type
		None
 Auto vars:     Size  Location     Type
  rx_char         1    0[COMRAM] unsigned char 
 Return value:  Size  Location     Type
                  1    wreg      unsigned char 
 Registers used:
		wreg, status,2
 Tracked objects:
		On entry : 
		On exit  : 
		Unchanged: 
 Data sizes:     COMRAM   BANK0   BANK1   BANK2   BANK3   BANK4   BANK5
      Params:         0       0       0       0       0       0       0
      Locals:         1       0       0       0       0       0       0
      Temps:          0       0       0       0       0       0       0
      Totals:         1       0       0       0       0       0       0
Total ram usage:        1 bytes
 Hardware stack levels used:    1
 Hardware stack levels required when called:    1
 This function calls:
		Nothing
 This function is called by:
		_main
 This function uses a non-reentrant model


 *************** function _rx_char_usart *****************
 Defined at:
		line 81 in file "main.c"
 Parameters:    Size  Location     Type
		None
 Auto vars:     Size  Location     Type
		None
 Return value:  Size  Location     Type
                  1    wreg      void 
 Registers used:
		wreg, status,2
 Tracked objects:
		On entry : 
		On exit  : 
		Unchanged: 
 Data sizes:     COMRAM   BANK0   BANK1   BANK2   BANK3   BANK4   BANK5
      Params:         0       0       0       0       0       0       0
      Locals:         0       0       0       0       0       0       0
      Temps:          0       0       0       0       0       0       0
      Totals:         0       0       0       0       0       0       0
Total ram usage:        0 bytes
 Hardware stack levels used:    1
 This function calls:
		Nothing
 This function is called by:
		Interrupt level 2
 This function uses a non-reentrant model



MODULE INFORMATION

Module		Function		Class		Link	Load	Size
C:\Program Files\Microchip\xc8\v2.20\pic\sources\c99\common\nf_fputc.c
		_fputc         		CODE           	7F1E	0000	227

C:\Program Files\Microchip\xc8\v2.20\pic\sources\c99\common\nf_fputc.c estimated size: 227

C:\Program Files\Microchip\xc8\v2.20\pic\sources\c99\common\nf_vsnprintf.c
		_vsnprintf     		CODE           	3C08	0000	315

C:\Program Files\Microchip\xc8\v2.20\pic\sources\c99\common\nf_vsnprintf.c estimated size: 315

C:\Program Files\Microchip\xc8\v2.20\pic\sources\c99\common\isdigit.c
		_isdigit       		CODE           	7AB4	0000	67

C:\Program Files\Microchip\xc8\v2.20\pic\sources\c99\common\isdigit.c estimated size: 67

C:\Program Files\Microchip\xc8\v2.20\pic\sources\c99\common\sprcadd.c
		___flsub       		CODE           	7C4A	0000	75
		___fladd       		CODE           	1A72	0000	1449

C:\Program Files\Microchip\xc8\v2.20\pic\sources\c99\common\sprcadd.c estimated size: 1524

C:\Program Files\Microchip\xc8\v2.20\pic\sources\c99\common\doprnt.c
		_vfpfcnvrt     		CODE           	068A	0000	5097
		_pad           		CODE           	0490	0000	231
		_ctoa          		CODE           	7DD8	0000	103
		_dtoa          		CODE           	28A4	0000	821
		_vfprintf      		CODE           	7EAE	0000	113
		_otoa          		CODE           	3134	0000	551
		_stoa          		CODE           	335A	0000	469
		_utoa          		CODE           	2F08	0000	557
		_xtoa          		CODE           	2BD8	0000	817

C:\Program Files\Microchip\xc8\v2.20\pic\sources\c99\common\doprnt.c estimated size: 8759

C:\Program Files\Microchip\xc8\v2.20\pic\sources\c99\common\flneg.c
		___flneg       		CODE           	7A72	0000	67

C:\Program Files\Microchip\xc8\v2.20\pic\sources\c99\common\flneg.c estimated size: 67

timer.c
		_init_timer_0  		CODE           	793E	0000	35

timer.c estimated size: 35

C:\Program Files\Microchip\xc8\v2.20\pic\sources\c99\common\Umul16.c
		___wmul        		CODE           	7960	0000	43

C:\Program Files\Microchip\xc8\v2.20\pic\sources\c99\common\Umul16.c estimated size: 43

C:\Program Files\Microchip\xc8\v2.20\pic\sources\c99\common\lomod.c
		___lomod       		CODE           	03A6	0000	235

C:\Program Files\Microchip\xc8\v2.20\pic\sources\c99\common\lomod.c estimated size: 235

C:\Program Files\Microchip\xc8\v2.20\pic\sources\c99\common\aomod.c
		___aomod       		CODE           	3A78	0000	401

C:\Program Files\Microchip\xc8\v2.20\pic\sources\c99\common\aomod.c estimated size: 401

C:\Program Files\Microchip\xc8\v2.20\pic\sources\c99\common\flge.c
		___flge        		CODE           	3E78	0000	297

C:\Program Files\Microchip\xc8\v2.20\pic\sources\c99\common\flge.c estimated size: 297

C:\Program Files\Microchip\xc8\v2.20\pic\sources\c99\common\islower.c
		_islower       		CODE           	7B38	0000	67

C:\Program Files\Microchip\xc8\v2.20\pic\sources\c99\common\islower.c estimated size: 67

C:\Program Files\Microchip\xc8\v2.20\pic\sources\c99\common\putch.c
		_putch         		CODE           	78D2	0000	7

C:\Program Files\Microchip\xc8\v2.20\pic\sources\c99\common\putch.c estimated size: 7

C:\Program Files\Microchip\xc8\v2.20\pic\sources\c99\common\nf_fputs.c
		_fputs         		CODE           	7D2C	0000	81

C:\Program Files\Microchip\xc8\v2.20\pic\sources\c99\common\nf_fputs.c estimated size: 81

C:\Program Files\Microchip\xc8\v2.20\pic\sources\c99\common\isupper.c
		_isupper       		CODE           	7AF6	0000	67

C:\Program Files\Microchip\xc8\v2.20\pic\sources\c99\common\isupper.c estimated size: 67

C:\Program Files\Microchip\xc8\v2.20\pic\sources\c99\common\toupper.c
		_toupper       		CODE           	7E3E	0000	113

C:\Program Files\Microchip\xc8\v2.20\pic\sources\c99\common\toupper.c estimated size: 113

shared
		_fosc          		SMALLCONST     	0000	0000	0
		__initialization		CODE           	7B7A	0000	55
		_desired_baudrate		SMALLCONST     	0000	0000	0
		_toint         		SMALLCONST     	0000	0000	0

shared estimated size: 55

serial_rs232.c
		_serial_tx_string		CODE           	7C94	0000	77
		_init_USART    		CODE           	7A32	0000	65
		_get_reg_value 		CODE           	78F0	0000	17
		_serial_tx_char		CODE           	791E	0000	33

serial_rs232.c estimated size: 192

C:\Program Files\Microchip\xc8\v2.20\pic\sources\c99\common\isspace.c
		_isspace       		CODE           	3FA0	0000	97

C:\Program Files\Microchip\xc8\v2.20\pic\sources\c99\common\isspace.c estimated size: 97

C:\Program Files\Microchip\xc8\v2.20\pic\sources\c99\common\lodiv.c
		___lodiv       		CODE           	0194	0000	267

C:\Program Files\Microchip\xc8\v2.20\pic\sources\c99\common\lodiv.c estimated size: 267

C:\Program Files\Microchip\xc8\v2.20\pic\sources\c99\common\aodiv.c
		___aodiv       		CODE           	38C4	0000	437

C:\Program Files\Microchip\xc8\v2.20\pic\sources\c99\common\aodiv.c estimated size: 437

utils.c
		_state_translator_fpga_to_micro		CODE           	0076	0000	287

utils.c estimated size: 287

C:\Program Files\Microchip\xc8\v2.20\pic\sources\c99\common\abs.c
		_abs           		CODE           	7CE0	0000	77

C:\Program Files\Microchip\xc8\v2.20\pic\sources\c99\common\abs.c estimated size: 77

C:\Program Files\Microchip\xc8\v2.20\pic\sources\c99\common\strlen.c
		_strlen        		CODE           	7D7C	0000	93

C:\Program Files\Microchip\xc8\v2.20\pic\sources\c99\common\strlen.c estimated size: 93

C:\Program Files\Microchip\xc8\v2.20\pic\sources\c99\common\strncmp.c
		_strncmp       		CODE           	029E	0000	265

C:\Program Files\Microchip\xc8\v2.20\pic\sources\c99\common\strncmp.c estimated size: 265

C:\Program Files\Microchip\xc8\v2.20\pic\sources\c99\common\sprcmul.c
		___flmul       		CODE           	201A	0000	1189

C:\Program Files\Microchip\xc8\v2.20\pic\sources\c99\common\sprcmul.c estimated size: 1189

lcd.c
		_lcd_cmd       		CODE           	79BE	0000	59
		_lcd_dat       		CODE           	79F8	0000	59
		_lcd_wr        		CODE           	05F4	0000	13
		_lcd_str       		CODE           	7BBE	0000	71
		_lcd_init      		CODE           	0576	0000	127

lcd.c estimated size: 329

C:\Program Files\Microchip\xc8\v2.20\pic\sources\c99\common\roundf.c
		_roundf        		CODE           	24BE	0000	999

C:\Program Files\Microchip\xc8\v2.20\pic\sources\c99\common\roundf.c estimated size: 999

init_PIC.c
		_init_PORTS    		CODE           	7900	0000	31
		_init_interrupts		CODE           	78E4	0000	13

init_PIC.c estimated size: 44

C:\Program Files\Microchip\xc8\v2.20\pic\sources\c99\common\atoi.c
		_atoi          		CODE           	352E	0000	463

C:\Program Files\Microchip\xc8\v2.20\pic\sources\c99\common\atoi.c estimated size: 463

C:\Program Files\Microchip\xc8\v2.20\pic\sources\c99\common\isalpha.c
		_isalpha       		CODE           	7C04	0000	71

C:\Program Files\Microchip\xc8\v2.20\pic\sources\c99\common\isalpha.c estimated size: 71

C:\Program Files\Microchip\xc8\v2.20\pic\sources\c99\common\fltol.c
		___fltol       		CODE           	3D42	0000	311

C:\Program Files\Microchip\xc8\v2.20\pic\sources\c99\common\fltol.c estimated size: 311

main.c
		_main          		CODE           	36FC	0000	457
		_rx_char_usart 		CODE           	0008	0000	107

main.c estimated size: 564

C:\Program Files\Microchip\xc8\v2.20\pic\sources\c99\common\snprintf.c
		_snprintf      		CODE           	798A	0000	53

C:\Program Files\Microchip\xc8\v2.20\pic\sources\c99\common\snprintf.c estimated size: 53

