Microchip MPLAB XC8 Compiler V2.20

Linker command line:

-W-3 --edf=C:\Program Files\Microchip\xc8\v2.20\pic\dat\en_msgs.txt -cn \
  -h+dist/default/debug\mplabx.debug.sym \
  --cmf=dist/default/debug\mplabx.debug.cmf -z -Q18F452 \
  -oC:\Users\davol\AppData\Local\Temp\s8j0.2 --defsym=__MPLAB_BUILD=1 \
  -Mdist/default/debug/mplabx.debug.map -E1 -ver=XC8 Compiler --acfsm=1493 \
  -ASTACK=010Ch-05FFh -pstack=STACK -ACODE=00h-03FFFhx2 -ACONST=00h-07FFFh \
  -ASMALLCONST=0600h-06FFhx122 -AMEDIUMCONST=0600h-07FFFh -ACOMRAM=01h-07Fh \
  -AABS1=00h-05FFh -ABIGRAM=01h-05FFh -ARAM=080h-0FFh,0100h-01FFhx5 \
  -ABANK0=080h-0FFh -ABANK1=0100h-01FFh -ABANK2=0200h-02FFh \
  -ABANK3=0300h-03FFh -ABANK4=0400h-04FFh -ABANK5=0500h-05FFh \
  -ASFR=0F80h-0FFFh -ACONFIG=0300000h-030000Dh -AIDLOC=0200000h-0200007h \
  -preset_vec=00h,intcode=08h,intcodelo,powerup,init -pramtop=0600h \
  -psmallconst=SMALLCONST -pmediumconst=MEDIUMCONST -pconst=CONST \
  -AFARRAM=00h-00h -AEEDATA=0F00000h-0F000FFh -peeprom_data=EEDATA \
  -prdata=COMRAM,nvrram=COMRAM,nvbit=COMRAM,rbss=COMRAM,rbit=COMRAM \
  -pfarbss=FARRAM,fardata=FARRAM,nvFARRAM=FARRAM \
  -pintsave_regs=BIGRAM,bigbss=BIGRAM,bigdata=BIGRAM -pbss=RAM \
  -pidata=CODE,irdata=CODE,ibigdata=CODE,ifardata=CODE -prparam=COMRAM \
  C:\Users\davol\AppData\Local\Temp\s8j0.o \
  dist/default/debug\mplabx.debug.o 

Object code version is 3.11

Machine type is 18F452



                Name                               Link     Load   Length Selector   Space Scale
C:\Users\davol\AppData\Local\Temp\s8j0.o
                idloc                            200000   200000        8        0       5
                config                           300000   300000        E        0       4
                text                               2D8C     2D8C        2        4       0
                init                                 78       78        4        4       0
                reset_vec                             0        0        6        0       0
dist/default/debug\mplabx.debug.o
                intcode                               8        8       70        4       0
                idloc                            200000   200000        8        0       5
                config                           300000   300000        E        0       4
                temp                                 7F       7F        1        1       1
                mediumconst                        7B20     7B20      4E0     3D90       0
                text40                             2BA8     2BA8       36        4       0
                text39                             21A8     21A8       F0        4       0
                text38                             2080     2080      128        4       0
                text37                             1BE4     1BE4      1F8        4       0
                text36                             2A48     2A48       4C        4       0
                text35                             2372     2372       D6        4       0
                text34                             2D30     2D30       1E        4       0
                text33                             2D12     2D12       1E        4       0
                text32                              F22      F22      4A4        4       0
                text31                             1F4A     1F4A      136        4       0
                text30                             292A     292A       6C        4       0
                text29                             2D64     2D64       10        4       0
                text28                             2BDE     2BDE       2C        4       0
                text27                             2B66     2B66       42        4       0
                text26                              97A      97A      5A8        4       0
                text25                             2A94     2A94       4A        4       0
                text24                             17F8     17F8      3EC        4       0
                text23                             2B24     2B24       42        4       0
                text22                             13C6     13C6      432        4       0
                text21                             2514     2514       C2        4       0
                text20                             2CD0     2CD0       22        4       0
                text19                             2D80     2D80        C        4       0
                text18                             2692     2692       A8        4       0
                text17                             2CAE     2CAE       22        4       0
                text16                             2448     2448       CC        4       0
                text15                             2D74     2D74        C        4       0
                text14                             2C5E     2C5E       2A        4       0
                text13                             27C4     27C4       7E        4       0
                text12                             2C34     2C34       2A        4       0
                text11                             2C0A     2C0A       2A        4       0
                text10                             2996     2996       60        4       0
                text9                              25D6     25D6       BC        4       0
                text8                              29F6     29F6       52        4       0
                text7                              2298     2298       DA        4       0
                text6                              2842     2842       78        4       0
                text5                              2CF2     2CF2       20        4       0
                text4                              1DDC     1DDC      16E        4       0
                text3                              273A     273A       8A        4       0
                text2                              28BA     28BA       70        4       0
                text1                              2C88     2C88       26        4       0
                text0                                7C       7C      8FE        4       0
                cstackCOMRAM                          1        1       7E        1       1
                cstackBANK0                          C0       C0       23       80       1
                bssBANK1                            100      100        C      100       1
                dataBANK0                            E3       E3       16       80       1
                bssBANK0                             80       80       40       80       1
                cinit                              2ADE     2ADE       46        4       0
                idataBANK0                         2D4E     2D4E       16        4       0

TOTAL           Name                               Link     Load   Length     Space
        CLASS   STACK          

        CLASS   CODE           
                intcode                               8        8       70         0
                text                               2D8C     2D8C        2         0
                init                                 78       78        4         0
                reset_vec                             0        0        6         0
                text40                             2BA8     2BA8       36         0
                text39                             21A8     21A8       F0         0
                text38                             2080     2080      128         0
                text37                             1BE4     1BE4      1F8         0
                text36                             2A48     2A48       4C         0
                text35                             2372     2372       D6         0
                text34                             2D30     2D30       1E         0
                text33                             2D12     2D12       1E         0
                text32                              F22      F22      4A4         0
                text31                             1F4A     1F4A      136         0
                text30                             292A     292A       6C         0
                text29                             2D64     2D64       10         0
                text28                             2BDE     2BDE       2C         0
                text27                             2B66     2B66       42         0
                text26                              97A      97A      5A8         0
                text25                             2A94     2A94       4A         0
                text24                             17F8     17F8      3EC         0
                text23                             2B24     2B24       42         0
                text22                             13C6     13C6      432         0
                text21                             2514     2514       C2         0
                text20                             2CD0     2CD0       22         0
                text19                             2D80     2D80        C         0
                text18                             2692     2692       A8         0
                text17                             2CAE     2CAE       22         0
                text16                             2448     2448       CC         0
                text15                             2D74     2D74        C         0
                text14                             2C5E     2C5E       2A         0
                text13                             27C4     27C4       7E         0
                text12                             2C34     2C34       2A         0
                text11                             2C0A     2C0A       2A         0
                text10                             2996     2996       60         0
                text9                              25D6     25D6       BC         0
                text8                              29F6     29F6       52         0
                text7                              2298     2298       DA         0
                text6                              2842     2842       78         0
                text5                              2CF2     2CF2       20         0
                text4                              1DDC     1DDC      16E         0
                text3                              273A     273A       8A         0
                text2                              28BA     28BA       70         0
                text1                              2C88     2C88       26         0
                text0                                7C       7C      8FE         0
                cinit                              2ADE     2ADE       46         0
                idataBANK0                         2D4E     2D4E       16         0

        CLASS   CONST          

        CLASS   SMALLCONST     

        CLASS   MEDIUMCONST    
                mediumconst                        7B20     7B20      4E0         0

        CLASS   COMRAM         
                temp                                 7F       7F        1         1
                cstackCOMRAM                          1        1       7E         1

        CLASS   ABS1           

        CLASS   BIGRAM         

        CLASS   RAM            

        CLASS   BANK0          
                cstackBANK0                          C0       C0       23         1
                dataBANK0                            E3       E3       16         1
                bssBANK0                             80       80       40         1

        CLASS   BANK1          
                bssBANK1                            100      100        C         1

        CLASS   BANK2          

        CLASS   BANK3          

        CLASS   BANK4          

        CLASS   BANK5          

        CLASS   SFR            

        CLASS   CONFIG         
                config                           300000   300000        E         4

        CLASS   IDLOC          
                idloc                            200000   200000        8         5

        CLASS   FARRAM         

        CLASS   EEDATA         



SEGMENTS        Name                           Load    Length   Top    Selector   Space  Class

                reset_vec                      000000  000006  000006         0       0  CODE    
                cstackCOMRAM                   000001  00007F  000080         1       1  COMRAM  
                intcode                        000008  002D86  002D8E         4       0  CODE    
                bssBANK0                       000080  000079  0000F9        80       1  BANK0   
                bssBANK1                       000100  00000C  00010C       100       1  BANK1   
                mediumconst                    007B20  0004E0  008000      3D90       0  MEDIUMCO


UNUSED ADDRESS RANGES

        Name                Unused          Largest block    Delta
        BANK0            0000F9-0000FF                7
        BANK1            00010C-0001FF               F4
        BANK2            000200-0002FF              100
        BANK3            000300-0003FF              100
        BANK4            000400-0004FF              100
        BANK5            000500-0005FF              100
        BIGRAM           0000F9-0000FF                7
                         00010C-0005FF              4F4
        CODE             000006-000007                2
                         002D8E-007B1F             1272
        CONST            000006-000007                2
                         002D8E-007B1F             4D92
        EEDATA           F00000-F000FF              100
        MEDIUMCONST      002D8E-007B1F             4D92
        RAM              0000F9-0000FF                7
                         00010C-0005FF              100
        SFR              000F80-000FFF               80
        SMALLCONST       002D8E-007B1F              100
        STACK            00010C-0005FF              4F4

                                  Symbol Table

?___awdiv                                               cstackCOMRAM 000005
?___fladd                                               cstackCOMRAM 00004D
?___fldiv                                               cstackCOMRAM 000034
?___flmul                                               cstackCOMRAM 00001B
?___flneg                                               cstackCOMRAM 000001
?___flsub                                               cstackCOMRAM 00005D
?___fltol                                               cstackCOMRAM 000065
?___wmul                                                cstackCOMRAM 000001
?___xxtofl                                              cstackCOMRAM 00000D
?_abs                                                   cstackCOMRAM 000001
?_check_temperature                                     cstackCOMRAM 00007D
?_get_liters                                            cstackCOMRAM 00006F
?_get_temperature                                       cstackCOMRAM 00006F
?_reach_goal                                            cstackCOMRAM 000009
?_roundf                                                cstackBANK0  0000C0
_ADCON0                                                 (abs)        000FC2
_ADCON0bits                                             (abs)        000FC2
_ADCON1                                                 (abs)        000FC1
_ADRESH                                                 (abs)        000FC4
_ADRESL                                                 (abs)        000FC3
_CCP1CON                                                (abs)        000FBD
_CCP1CONbits                                            (abs)        000FBD
_CCPR1L                                                 (abs)        000FBE
_INTCONbits                                             (abs)        000FF2
_LATA                                                   (abs)        000F89
_LATAbits                                               (abs)        000F89
_LATB                                                   (abs)        000F8A
_LATC                                                   (abs)        000F8B
_PIE1bits                                               (abs)        000F9D
_PIR1bits                                               (abs)        000F9E
_PORTA                                                  (abs)        000F80
_PORTB                                                  (abs)        000F81
_PORTC                                                  (abs)        000F82
_PORTD                                                  (abs)        000F83
_PORTEbits                                              (abs)        000F84
_PR2                                                    (abs)        000FCB
_RCREG                                                  (abs)        000FAE
_RCSTAbits                                              (abs)        000FAB
_SPBRG                                                  (abs)        000FAF
_T0CON                                                  (abs)        000FD5
_T0CONbits                                              (abs)        000FD5
_T2CON                                                  (abs)        000FCA
_T2CONbits                                              (abs)        000FCA
_TMR0H                                                  (abs)        000FD7
_TMR0L                                                  (abs)        000FD6
_TMR2                                                   (abs)        000FCC
_TRISA                                                  (abs)        000F92
_TRISB                                                  (abs)        000F93
_TRISC                                                  (abs)        000F94
_TRISCbits                                              (abs)        000F94
_TXREG                                                  (abs)        000FAD
_TXSTAbits                                              (abs)        000FAC
__HRAM                                                  (abs)        000000
__Habs1                                                 abs1         000000
__Hbank0                                                bank0        000000
__Hbank1                                                bank1        000000
__Hbank2                                                bank2        000000
__Hbank3                                                bank3        000000
__Hbank4                                                bank4        000000
__Hbank5                                                bank5        000000
__Hbigbss                                               bigbss       000000
__Hbigdata                                              bigdata      000000
__Hbigram                                               bigram       000000
__Hbss                                                  bss          000000
__HbssBANK0                                             bssBANK0     000000
__HbssBANK1                                             bssBANK1     000000
__Hcinit                                                cinit        000000
__Hclrtext                                              clrtext      000000
__Hcomram                                               comram       000000
__Hconfig                                               config       30000E
__Hconst                                                const        000000
__HcstackBANK0                                          cstackBANK0  000000
__HcstackCOMRAM                                         cstackCOMRAM 000000
__Hdata                                                 data         000000
__HdataBANK0                                            dataBANK0    000000
__Heeprom_data                                          eeprom_data  000000
__Hfarbss                                               farbss       000000
__Hfardata                                              fardata      000000
__Hibigdata                                             ibigdata     000000
__Hidata                                                idata        000000
__HidataBANK0                                           idataBANK0   000000
__Hidloc                                                idloc        200008
__Hifardata                                             ifardata     000000
__Hinit                                                 init         00007C
__Hintcode                                              intcode      000078
__Hintcode_body                                         intcode_body 000000
__Hintcodelo                                            intcodelo    000078
__Hintentry                                             intentry     000000
__Hintret                                               intret       000000
__Hintsave_regs                                         intsave_regs 000000
__Hirdata                                               irdata       000000
__Hmediumconst                                          mediumconst  008000
__HnvFARRAM                                             nvFARRAM     000000
__Hnvbit                                                nvbit        000000
__Hnvrram                                               nvrram       000000
__Hparam                                                rparam       000000
__Hpowerup                                              powerup      000078
__Hram                                                  ram          000000
__Hramtop                                               ramtop       000600
__Hrbit                                                 rbit         000000
__Hrbss                                                 rbss         000000
__Hrdata                                                rdata        000000
__Hreset_vec                                            reset_vec    000006
__Hrparam                                               rparam       000000
__Hsfr                                                  sfr          000000
__Hsmallconst                                           smallconst   000000
__Hspace_0                                              (abs)        008000
__Hspace_1                                              (abs)        00010C
__Hspace_2                                              (abs)        000000
__Hspace_4                                              (abs)        60000E
__Hstack                                                stack        000000
__Hstruct                                               struct       000000
__Htemp                                                 temp         000080
__Htext                                                 text         000000
__Htext0                                                text0        000000
__Htext1                                                text1        000000
__Htext10                                               text10       000000
__Htext11                                               text11       000000
__Htext12                                               text12       000000
__Htext13                                               text13       000000
__Htext14                                               text14       000000
__Htext15                                               text15       000000
__Htext16                                               text16       000000
__Htext17                                               text17       000000
__Htext18                                               text18       000000
__Htext19                                               text19       000000
__Htext2                                                text2        000000
__Htext20                                               text20       000000
__Htext21                                               text21       000000
__Htext22                                               text22       000000
__Htext23                                               text23       000000
__Htext24                                               text24       000000
__Htext25                                               text25       000000
__Htext26                                               text26       000000
__Htext27                                               text27       000000
__Htext28                                               text28       000000
__Htext29                                               text29       000000
__Htext3                                                text3        000000
__Htext30                                               text30       000000
__Htext31                                               text31       000000
__Htext32                                               text32       000000
__Htext33                                               text33       000000
__Htext34                                               text34       000000
__Htext35                                               text35       000000
__Htext36                                               text36       000000
__Htext37                                               text37       000000
__Htext38                                               text38       000000
__Htext39                                               text39       000000
__Htext4                                                text4        000000
__Htext40                                               text40       000000
__Htext5                                                text5        000000
__Htext6                                                text6        000000
__Htext7                                                text7        000000
__Htext8                                                text8        000000
__Htext9                                                text9        000000
__LRAM                                                  (abs)        000001
__Labs1                                                 abs1         000000
__Lbank0                                                bank0        000000
__Lbank1                                                bank1        000000
__Lbank2                                                bank2        000000
__Lbank3                                                bank3        000000
__Lbank4                                                bank4        000000
__Lbank5                                                bank5        000000
__Lbigbss                                               bigbss       000000
__Lbigdata                                              bigdata      000000
__Lbigram                                               bigram       000000
__Lbss                                                  bss          000000
__LbssBANK0                                             bssBANK0     000000
__LbssBANK1                                             bssBANK1     000000
__Lcinit                                                cinit        000000
__Lclrtext                                              clrtext      000000
__Lcomram                                               comram       000000
__Lconfig                                               config       000000
__Lconst                                                const        000000
__LcstackBANK0                                          cstackBANK0  000000
__LcstackCOMRAM                                         cstackCOMRAM 000000
__Ldata                                                 data         000000
__LdataBANK0                                            dataBANK0    000000
__Leeprom_data                                          eeprom_data  000000
__Lfarbss                                               farbss       000000
__Lfardata                                              fardata      000000
__Libigdata                                             ibigdata     000000
__Lidata                                                idata        000000
__LidataBANK0                                           idataBANK0   000000
__Lidloc                                                idloc        000000
__Lifardata                                             ifardata     000000
__Linit                                                 init         000078
__Lintcode                                              intcode      000008
__Lintcode_body                                         intcode_body 000000
__Lintcodelo                                            intcodelo    000078
__Lintentry                                             intentry     000000
__Lintret                                               intret       000000
__Lintsave_regs                                         intsave_regs 000000
__Lirdata                                               irdata       000000
__Lmediumconst                                          mediumconst  007B20
__LnvFARRAM                                             nvFARRAM     000000
__Lnvbit                                                nvbit        000000
__Lnvrram                                               nvrram       000000
__Lparam                                                rparam       000000
__Lpowerup                                              powerup      000078
__Lram                                                  ram          000000
__Lramtop                                               ramtop       000600
__Lrbit                                                 rbit         000000
__Lrbss                                                 rbss         000000
__Lrdata                                                rdata        000000
__Lreset_vec                                            reset_vec    000000
__Lrparam                                               rparam       000000
__Lsfr                                                  sfr          000000
__Lsmallconst                                           smallconst   000000
__Lspace_0                                              (abs)        000000
__Lspace_1                                              (abs)        000000
__Lspace_2                                              (abs)        000000
__Lspace_4                                              (abs)        000000
__Lstack                                                stack        000000
__Lstruct                                               struct       000000
__Ltemp                                                 temp         00007F
__Ltext                                                 text         000000
__Ltext0                                                text0        000000
__Ltext1                                                text1        000000
__Ltext10                                               text10       000000
__Ltext11                                               text11       000000
__Ltext12                                               text12       000000
__Ltext13                                               text13       000000
__Ltext14                                               text14       000000
__Ltext15                                               text15       000000
__Ltext16                                               text16       000000
__Ltext17                                               text17       000000
__Ltext18                                               text18       000000
__Ltext19                                               text19       000000
__Ltext2                                                text2        000000
__Ltext20                                               text20       000000
__Ltext21                                               text21       000000
__Ltext22                                               text22       000000
__Ltext23                                               text23       000000
__Ltext24                                               text24       000000
__Ltext25                                               text25       000000
__Ltext26                                               text26       000000
__Ltext27                                               text27       000000
__Ltext28                                               text28       000000
__Ltext29                                               text29       000000
__Ltext3                                                text3        000000
__Ltext30                                               text30       000000
__Ltext31                                               text31       000000
__Ltext32                                               text32       000000
__Ltext33                                               text33       000000
__Ltext34                                               text34       000000
__Ltext35                                               text35       000000
__Ltext36                                               text36       000000
__Ltext37                                               text37       000000
__Ltext38                                               text38       000000
__Ltext39                                               text39       000000
__Ltext4                                                text4        000000
__Ltext40                                               text40       000000
__Ltext5                                                text5        000000
__Ltext6                                                text6        000000
__Ltext7                                                text7        000000
__Ltext8                                                text8        000000
__Ltext9                                                text9        000000
__S0                                                    (abs)        008000
__S1                                                    (abs)        00010C
__S2                                                    (abs)        000000
__S4                                                    (abs)        000000
__S5                                                    (abs)        000000
___awdiv                                                text39       0021A8
___awdiv@counter                                        cstackCOMRAM 000009
___awdiv@dividend                                       cstackCOMRAM 000005
___awdiv@divisor                                        cstackCOMRAM 000007
___awdiv@quotient                                       cstackCOMRAM 00000B
___awdiv@sign                                           cstackCOMRAM 00000A
___fladd                                                text26       00097A
___fladd@a                                              cstackCOMRAM 000051
___fladd@aexp                                           cstackCOMRAM 00005A
___fladd@b                                              cstackCOMRAM 00004D
___fladd@bexp                                           cstackCOMRAM 00005B
___fladd@grs                                            cstackCOMRAM 00005C
___fladd@signs                                          cstackCOMRAM 000059
___fldiv                                                text22       0013C6
___fldiv@a                                              cstackCOMRAM 000038
___fldiv@aexp                                           cstackCOMRAM 00004C
___fldiv@b                                              cstackCOMRAM 000034
___fldiv@bexp                                           cstackCOMRAM 00004B
___fldiv@grs                                            cstackCOMRAM 000047
___fldiv@new_exp                                        cstackCOMRAM 000045
___fldiv@rem                                            cstackCOMRAM 000040
___fldiv@sign                                           cstackCOMRAM 000044
___flge                                                 text38       002080
___flge@ff1                                             cstackCOMRAM 000071
___flge@ff2                                             cstackCOMRAM 000075
___flmul                                                text32       000F22
___flmul@a                                              cstackCOMRAM 00001F
___flmul@aexp                                           cstackCOMRAM 00002C
___flmul@b                                              cstackCOMRAM 00001B
___flmul@bexp                                           cstackCOMRAM 00002D
___flmul@grs                                            cstackCOMRAM 000028
___flmul@prod                                           cstackCOMRAM 00002E
___flmul@sign                                           cstackCOMRAM 000027
___flmul@temp                                           cstackCOMRAM 000032
___flneg                                                text27       002B66
___flneg@f1                                             cstackCOMRAM 000001
___flsub                                                text25       002A94
___flsub@a                                              cstackCOMRAM 000061
___flsub@b                                              cstackCOMRAM 00005D
___fltol                                                text31       001F4A
___fltol@exp1                                           cstackCOMRAM 00006E
___fltol@f1                                             cstackCOMRAM 000065
___fltol@sign1                                          cstackCOMRAM 00006D
___inthi_sp                                             stack        000000
___intlo_sp                                             stack        000000
___param_bank                                           (abs)        000000
___rparam_used                                          (abs)        000001
___sp                                                   stack        000000
___wmul                                                 text12       002C34
___wmul@multiplicand                                    cstackCOMRAM 000003
___wmul@multiplier                                      cstackCOMRAM 000001
___wmul@product                                         cstackCOMRAM 000005
___xxtofl                                               text37       001BE4
___xxtofl@arg                                           cstackCOMRAM 000017
___xxtofl@exp                                           cstackCOMRAM 000016
___xxtofl@sign                                          cstackCOMRAM 000015
___xxtofl@val                                           cstackCOMRAM 00000D
__accesstop                                             (abs)        000080
__activetblptr                                          (abs)        000002
__cntErrataNOP_C:\Users\davol\AppData\Local\Temp\s8j0.o (abs)        000001
__cntErrataNOP_dist/default/debug\mplabx.debug.o        (abs)        000290
__end_of___awdiv                                        text39       002298
__end_of___fladd                                        text26       000F22
__end_of___fldiv                                        text22       0017F8
__end_of___flge                                         text38       0021A8
__end_of___flmul                                        text32       0013C6
__end_of___flneg                                        text27       002BA8
__end_of___flsub                                        text25       002ADE
__end_of___fltol                                        text31       002080
__end_of___wmul                                         text12       002C5E
__end_of___xxtofl                                       text37       001DDC
__end_of__initialization                                cinit        002B16
__end_of_abs                                            text36       002A94
__end_of_change_direction                               text40       002BDE
__end_of_check_temperature                              text35       002448
__end_of_configure_ad_conversion_oven                   text34       002D4E
__end_of_configure_ad_conversion_tank                   text33       002D30
__end_of_const_msgs                                     mediumconst  007FDD
__end_of_desired_baudrate                               mediumconst  007B2D
__end_of_f_osc                                          mediumconst  007FE5
__end_of_fosc                                           mediumconst  007FE9
__end_of_get_liters                                     text30       002996
__end_of_get_reg_value                                  text29       002D74
__end_of_get_temperature                                text2        00292A
__end_of_init_PORTS                                     text28       002C0A
__end_of_init_USART                                     text23       002B66
__end_of_init_ccp1                                      text20       002CF2
__end_of_init_interrupts                                text19       002D8C
__end_of_init_stepper                                   text18       00273A
__end_of_init_timer_0                                   text17       002CD0
__end_of_init_timer_2                                   text16       002514
__end_of_lcd_cmd                                        text14       002C88
__end_of_lcd_dat                                        text11       002C34
__end_of_lcd_init                                       text13       002842
__end_of_lcd_str                                        text10       0029F6
__end_of_lcd_update                                     text9        002692
__end_of_lcd_wr                                         text15       002D80
__end_of_main                                           text0        00097A
__end_of_reach_goal                                     text6        0028BA
__end_of_roundf                                         text24       001BE4
__end_of_rx_char_usart                                  intcode      000078
__end_of_serial_tx_char                                 text5        002D12
__end_of_state_translator_fpga_to_micro                 text4        001F4A
__end_of_state_translator_micro_to_fpga                 text3        0027C4
__end_of_t_osc                                          mediumconst  007FE1
__end_of_toint                                          mediumconst  007B25
__end_of_turn_on_current_coil                           text8        002A48
__end_of_update_current_coil                            text7        002372
__end_of_update_pwm_duty_ccp1                           text21       0025D6
__end_of_wait_for_zero                                  text1        002CAE
__end_oflcd_update@F2151                                mediumconst  007B29
__initialization                                        cinit        002ADE
__mediumconst                                           mediumconst  007B20
__pbssBANK0                                             bssBANK0     000080
__pbssBANK1                                             bssBANK1     000100
__pcinit                                                cinit        002ADE
__pcstackBANK0                                          cstackBANK0  0000C0
__pcstackCOMRAM                                         cstackCOMRAM 000001
__pdataBANK0                                            dataBANK0    0000E3
__pidataBANK0                                           idataBANK0   002D4E
__pintcode                                              intcode      000008
__pmediumconst                                          mediumconst  007B20
__ptext0                                                text0        00007C
__ptext1                                                text1        002C88
__ptext10                                               text10       002996
__ptext11                                               text11       002C0A
__ptext12                                               text12       002C34
__ptext13                                               text13       0027C4
__ptext14                                               text14       002C5E
__ptext15                                               text15       002D74
__ptext16                                               text16       002448
__ptext17                                               text17       002CAE
__ptext18                                               text18       002692
__ptext19                                               text19       002D80
__ptext2                                                text2        0028BA
__ptext20                                               text20       002CD0
__ptext21                                               text21       002514
__ptext22                                               text22       0013C6
__ptext23                                               text23       002B24
__ptext24                                               text24       0017F8
__ptext25                                               text25       002A94
__ptext26                                               text26       00097A
__ptext27                                               text27       002B66
__ptext28                                               text28       002BDE
__ptext29                                               text29       002D64
__ptext3                                                text3        00273A
__ptext30                                               text30       00292A
__ptext31                                               text31       001F4A
__ptext32                                               text32       000F22
__ptext33                                               text33       002D12
__ptext34                                               text34       002D30
__ptext35                                               text35       002372
__ptext36                                               text36       002A48
__ptext37                                               text37       001BE4
__ptext38                                               text38       002080
__ptext39                                               text39       0021A8
__ptext4                                                text4        001DDC
__ptext40                                               text40       002BA8
__ptext5                                                text5        002CF2
__ptext6                                                text6        002842
__ptext7                                                text7        002298
__ptext8                                                text8        0029F6
__ptext9                                                text9        0025D6
__ramtop                                                ramtop       000600
__size_of___awdiv                                       (abs)        000000
__size_of___fladd                                       (abs)        000000
__size_of___fldiv                                       (abs)        000000
__size_of___flge                                        (abs)        000000
__size_of___flmul                                       (abs)        000000
__size_of___flneg                                       (abs)        000000
__size_of___flsub                                       (abs)        000000
__size_of___fltol                                       (abs)        000000
__size_of___wmul                                        (abs)        000000
__size_of___xxtofl                                      (abs)        000000
__size_of_abs                                           (abs)        000000
__size_of_change_direction                              (abs)        000000
__size_of_check_temperature                             (abs)        000000
__size_of_configure_ad_conversion_oven                  (abs)        000000
__size_of_configure_ad_conversion_tank                  (abs)        000000
__size_of_get_liters                                    (abs)        000000
__size_of_get_reg_value                                 (abs)        000000
__size_of_get_temperature                               (abs)        000000
__size_of_init_PORTS                                    (abs)        000000
__size_of_init_USART                                    (abs)        000000
__size_of_init_ccp1                                     (abs)        000000
__size_of_init_interrupts                               (abs)        000000
__size_of_init_stepper                                  (abs)        000000
__size_of_init_timer_0                                  (abs)        000000
__size_of_init_timer_2                                  (abs)        000000
__size_of_lcd_cmd                                       (abs)        000000
__size_of_lcd_dat                                       (abs)        000000
__size_of_lcd_init                                      (abs)        000000
__size_of_lcd_str                                       (abs)        000000
__size_of_lcd_update                                    (abs)        000000
__size_of_lcd_wr                                        (abs)        000000
__size_of_main                                          (abs)        000000
__size_of_reach_goal                                    (abs)        000000
__size_of_roundf                                        (abs)        000000
__size_of_rx_char_usart                                 (abs)        000000
__size_of_serial_tx_char                                (abs)        000000
__size_of_state_translator_fpga_to_micro                (abs)        000000
__size_of_state_translator_micro_to_fpga                (abs)        000000
__size_of_turn_on_current_coil                          (abs)        000000
__size_of_update_current_coil                           (abs)        000000
__size_of_update_pwm_duty_ccp1                          (abs)        000000
__size_of_wait_for_zero                                 (abs)        000000
__smallconst                                            smallconst   000000
_abs                                                    text36       002A48
_change_direction                                       text40       002BA8
_check_temperature                                      text35       002372
_configure_ad_conversion_oven                           text34       002D30
_configure_ad_conversion_tank                           text33       002D12
_const_msgs                                             mediumconst  007B2D
_diluting_position_reached                              bssBANK0     000090
_dilution_done                                          bssBANK0     000098
_end_effector_homed                                     bssBANK0     00008C
_end_effector_stepper                                   bssBANK0     0000A6
_get_liters                                             text30       00292A
_get_reg_value                                          text29       002D64
_get_temperature                                        text2        0028BA
_grasping_ee_position_reached                           bssBANK0     000092
_grasping_joint_position_reached                        bssBANK0     000094
_hex_end_effector_values                                dataBANK0    0000F1
_hex_joint_values                                       dataBANK0    0000F5
_idle_msg_sent                                          bssBANK0     0000A4
_init_PORTS                                             text28       002BDE
_init_USART                                             text23       002B24
_init_ccp1                                              text20       002CD0
_init_interrupts                                        text19       002D80
_init_stepper                                           text18       002692
_init_timer_0                                           text17       002CAE
_init_timer_2                                           text16       002448
_init_timer_2$1736                                      cstackCOMRAM 00006F
_joint_dilutor_homed                                    bssBANK0     00008A
_joint_dilutor_stepper                                  bssBANK1     000100
_joint_homed                                            bssBANK0     00008E
_joint_stepper                                          bssBANK0     0000B2
_lcd_cmd                                                text14       002C5E
_lcd_dat                                                text11       002C0A
_lcd_init                                               text13       0027C4
_lcd_str                                                text10       002996
_lcd_update                                             text9        0025D6
_lcd_wr                                                 text15       002D74
_main                                                   text0        00007C
_main$1735                                              cstackBANK0  0000DE
_mix_counter                                            bssBANK0     00009A
_mix_current_step                                       bssBANK0     0000A0
_mix_direction                                          bssBANK0     00009E
_mix_step_counter                                       bssBANK0     00009C
_reach_goal                                             text6        002842
_read_new_char                                          bssBANK0     0000A3
_roundf                                                 text24       0017F8
_roundf$1737                                            cstackBANK0  0000CE
_roundf$1738                                            cstackBANK0  0000C8
_rx_char_usart                                          intcode      000008
_serial_tx_char                                         text5        002CF2
_state                                                  bssBANK0     0000BE
_state_before_error                                     dataBANK0    0000EB
_state_changed                                          bssBANK0     0000A5
_state_translator_fpga_to_micro                         text4        001DDC
_state_translator_micro_to_fpga                         text3        00273A
_tank_error                                             bssBANK0     000088
_temperature_int                                        bssBANK0     000086
_temperature_scaled                                     bssBANK0     000084
_timer_done                                             bssBANK0     0000A2
_tmr2_prescaler                                         dataBANK0    0000ED
_trash_counter                                          bssBANK0     000096
_turn_on_current_coil                                   text8        0029F6
_update_current_coil                                    text7        002298
_update_pwm_duty_ccp1                                   text21       002514
_wait_for_zero                                          text1        002C88
abs@a                                                   cstackCOMRAM 000001
btemp                                                   temp         00007F
change_direction@stepper_motor                          cstackCOMRAM 000001
check_temperature@grad                                  cstackBANK0  0000C0
check_temperature@temp_to_be_checked                    cstackCOMRAM 00007D
end_of_initialization                                   cinit        002B16
get_reg_value@rx_char                                   cstackCOMRAM 000001
init_stepper@current_coil                               cstackCOMRAM 000003
init_stepper@direction                                  cstackCOMRAM 000007
init_stepper@hex_coil_register_values                   cstackCOMRAM 000009
init_stepper@i                                          cstackCOMRAM 00000F
init_stepper@register_name                              cstackCOMRAM 00000B
init_stepper@step_counter                               cstackCOMRAM 000005
init_stepper@stepper_motor                              cstackCOMRAM 000001
int$flags                                               temp         00007F
intlevel0                                               text         002D8C
intlevel1                                               text         002D8C
intlevel2                                               text         002D8C
intlevel3                                               text         002D8C
lcd_cmd@val                                             cstackCOMRAM 000002
lcd_dat@val                                             cstackCOMRAM 000002
lcd_str@i                                               cstackCOMRAM 00000B
lcd_str@str                                             cstackCOMRAM 000007
lcd_update@F2151                                        mediumconst  007B25
lcd_update@i                                            cstackCOMRAM 000014
lcd_update@line_select                                  cstackCOMRAM 000010
lcd_update@state                                        cstackCOMRAM 00000C
lcd_wr@val                                              cstackCOMRAM 000001
main@current_temp                                       cstackBANK0  0000DC
main@rx_char                                            cstackBANK0  0000E2
reach_goal@goal_to_reach                                cstackCOMRAM 00000B
reach_goal@stepper_motor                                cstackCOMRAM 000009
roundf@F525                                             bssBANK0     000080
roundf@e                                                cstackBANK0  0000CC
roundf@u                                                cstackBANK0  0000D2
roundf@x                                                cstackBANK0  0000C0
roundf@y                                                cstackBANK0  0000D6
serial_tx_char@val                                      cstackCOMRAM 000001
stackhi                                                 (abs)        0005FF
stacklo                                                 (abs)        00010C
start                                                   init         000078
start_initialization                                    cinit        002ADE
state_translator_fpga_to_micro@state                    cstackCOMRAM 000003
state_translator_fpga_to_micro@state_machine_code       cstackCOMRAM 000005
state_translator_micro_to_fpga@state                    cstackCOMRAM 000001
state_translator_micro_to_fpga@state_machine_code       cstackCOMRAM 000005
ttemp5                                                  temp         000080
ttemp6                                                  temp         000083
ttemp7                                                  temp         000087
turn_on_current_coil@stepper_motor                      cstackCOMRAM 000001
update_current_coil@stepper_motor                       cstackCOMRAM 000001
update_pwm_duty_ccp1@lsbs_duty                          cstackCOMRAM 000077
update_pwm_duty_ccp1@new_duty                           cstackCOMRAM 000075
update_pwm_duty_ccp1@time_up                            cstackCOMRAM 00006F
wtemp8                                                  temp         000080


FUNCTION INFORMATION:

 *************** function _main *****************
 Defined at:
		line 57 in file "main.c"
 Parameters:    Size  Location     Type
		None
 Auto vars:     Size  Location     Type
  current_temp    2   28[BANK0 ] int 
  greet_str     240    0        PTR const unsigned char 
  rx_char         1   34[BANK0 ] unsigned char 
 Return value:  Size  Location     Type
                  1    wreg      void 
 Registers used:
		wreg, fsr1l, fsr1h, fsr2l, fsr2h, status,2, status,0, tblptrl, tblptrh, tblptru, prodl, prodh, cstack
 Tracked objects:
		On entry : 
		On exit  : 
		Unchanged: 
 Data sizes:     COMRAM   BANK0   BANK1   BANK2   BANK3   BANK4   BANK5
      Params:         0       0       0       0       0       0       0
      Locals:         0       7       0       0       0       0       0
      Temps:          0       2       0       0       0       0       0
      Totals:         0       9       0       0       0       0       0
Total ram usage:        9 bytes
 Hardware stack levels required when called:    5
 This function calls:
		___flge
		___wmul
		___xxtofl
		_change_direction
		_check_temperature
		_configure_ad_conversion_oven
		_configure_ad_conversion_tank
		_get_liters
		_get_reg_value
		_get_temperature
		_init_PORTS
		_init_USART
		_init_ccp1
		_init_interrupts
		_init_stepper
		_init_timer_0
		_init_timer_2
		_lcd_cmd
		_lcd_init
		_lcd_str
		_lcd_update
		_reach_goal
		_serial_tx_char
		_state_translator_fpga_to_micro
		_state_translator_micro_to_fpga
		_wait_for_zero
 This function is called by:
		Startup code after reset
 This function uses a non-reentrant model


 *************** function _wait_for_zero *****************
 Defined at:
		line 42 in file "oven.c"
 Parameters:    Size  Location     Type
		None
 Auto vars:     Size  Location     Type
		None
 Return value:  Size  Location     Type
                  1    wreg      void 
 Registers used:
		wreg, status,2, status,0, prodl, prodh, cstack
 Tracked objects:
		On entry : 
		On exit  : 
		Unchanged: 
 Data sizes:     COMRAM   BANK0   BANK1   BANK2   BANK3   BANK4   BANK5
      Params:         0       0       0       0       0       0       0
      Locals:         0       0       0       0       0       0       0
      Temps:          0       0       0       0       0       0       0
      Totals:         0       0       0       0       0       0       0
Total ram usage:        0 bytes
 Hardware stack levels used:    1
 Hardware stack levels required when called:    3
 This function calls:
		_get_temperature
 This function is called by:
		_main
 This function uses a non-reentrant model


 *************** function _get_temperature *****************
 Defined at:
		line 30 in file "oven.c"
 Parameters:    Size  Location     Type
		None
 Auto vars:     Size  Location     Type
		None
 Return value:  Size  Location     Type
                  2  110[COMRAM] int 
 Registers used:
		wreg, status,2, status,0, prodl, prodh, cstack
 Tracked objects:
		On entry : 
		On exit  : 
		Unchanged: 
 Data sizes:     COMRAM   BANK0   BANK1   BANK2   BANK3   BANK4   BANK5
      Params:         2       0       0       0       0       0       0
      Locals:         0       0       0       0       0       0       0
      Temps:          0       0       0       0       0       0       0
      Totals:         2       0       0       0       0       0       0
Total ram usage:        2 bytes
 Hardware stack levels used:    1
 Hardware stack levels required when called:    2
 This function calls:
		___flmul
		___fltol
		___xxtofl
 This function is called by:
		_main
		_wait_for_zero
 This function uses a non-reentrant model


 *************** function _state_translator_micro_to_fpga *****************
 Defined at:
		line 26 in file "utils.c"
 Parameters:    Size  Location     Type
  state           2    0[COMRAM] PTR int 
		 -> state(2), 
 Auto vars:     Size  Location     Type
  state_machin    1    4[COMRAM] unsigned char 
 Return value:  Size  Location     Type
                  1    wreg      unsigned char 
 Registers used:
		wreg, fsr2l, fsr2h, status,2, status,0
 Tracked objects:
		On entry : 
		On exit  : 
		Unchanged: 
 Data sizes:     COMRAM   BANK0   BANK1   BANK2   BANK3   BANK4   BANK5
      Params:         2       0       0       0       0       0       0
      Locals:         1       0       0       0       0       0       0
      Temps:          2       0       0       0       0       0       0
      Totals:         5       0       0       0       0       0       0
Total ram usage:        5 bytes
 Hardware stack levels used:    1
 Hardware stack levels required when called:    1
 This function calls:
		Nothing
 This function is called by:
		_main
 This function uses a non-reentrant model


 *************** function _state_translator_fpga_to_micro *****************
 Defined at:
		line 2 in file "utils.c"
 Parameters:    Size  Location     Type
  state_machin    1    wreg     unsigned char 
  state           2    2[COMRAM] PTR int 
		 -> state(2), 
 Auto vars:     Size  Location     Type
  state_machin    1    4[COMRAM] unsigned char 
 Return value:  Size  Location     Type
                  1    wreg      void 
 Registers used:
		wreg, fsr2l, fsr2h, status,2, status,0, cstack
 Tracked objects:
		On entry : 
		On exit  : 
		Unchanged: 
 Data sizes:     COMRAM   BANK0   BANK1   BANK2   BANK3   BANK4   BANK5
      Params:         2       0       0       0       0       0       0
      Locals:         1       0       0       0       0       0       0
      Temps:          0       0       0       0       0       0       0
      Totals:         3       0       0       0       0       0       0
Total ram usage:        3 bytes
 Hardware stack levels used:    1
 Hardware stack levels required when called:    3
 This function calls:
		_lcd_dat
 This function is called by:
		_main
 This function uses a non-reentrant model


 *************** function _serial_tx_char *****************
 Defined at:
		line 39 in file "serial_rs232.c"
 Parameters:    Size  Location     Type
  val             1    wreg     unsigned char 
 Auto vars:     Size  Location     Type
  val             1    0[COMRAM] unsigned char 
 Return value:  Size  Location     Type
                  1    wreg      void 
 Registers used:
		wreg
 Tracked objects:
		On entry : 
		On exit  : 
		Unchanged: 
 Data sizes:     COMRAM   BANK0   BANK1   BANK2   BANK3   BANK4   BANK5
      Params:         0       0       0       0       0       0       0
      Locals:         1       0       0       0       0       0       0
      Temps:          0       0       0       0       0       0       0
      Totals:         1       0       0       0       0       0       0
Total ram usage:        1 bytes
 Hardware stack levels used:    1
 Hardware stack levels required when called:    1
 This function calls:
		Nothing
 This function is called by:
		_main
		_serial_tx_string
 This function uses a non-reentrant model


 *************** function _reach_goal *****************
 Defined at:
		line 30 in file "stepper_motor.c"
 Parameters:    Size  Location     Type
  stepper_moto    2    8[COMRAM] PTR struct .
		 -> joint_dilutor_stepper(12), end_effector_stepper(12), joint_stepper(12), 
  goal_to_reac    2   10[COMRAM] int 
 Auto vars:     Size  Location     Type
		None
 Return value:  Size  Location     Type
                  2    8[COMRAM] int 
 Registers used:
		wreg, fsr1l, fsr1h, fsr2l, fsr2h, status,2, status,0, cstack
 Tracked objects:
		On entry : 
		On exit  : 
		Unchanged: 
 Data sizes:     COMRAM   BANK0   BANK1   BANK2   BANK3   BANK4   BANK5
      Params:         4       0       0       0       0       0       0
      Locals:         0       0       0       0       0       0       0
      Temps:          3       0       0       0       0       0       0
      Totals:         7       0       0       0       0       0       0
Total ram usage:        7 bytes
 Hardware stack levels used:    1
 Hardware stack levels required when called:    2
 This function calls:
		_turn_on_current_coil
		_update_current_coil
 This function is called by:
		_main
 This function uses a non-reentrant model


 *************** function _update_current_coil *****************
 Defined at:
		line 19 in file "stepper_motor.c"
 Parameters:    Size  Location     Type
  stepper_moto    2    0[COMRAM] PTR struct .
		 -> joint_dilutor_stepper(12), end_effector_stepper(12), joint_stepper(12), 
 Auto vars:     Size  Location     Type
		None
 Return value:  Size  Location     Type
                  1    wreg      void 
 Registers used:
		wreg, fsr2l, fsr2h, status,2, status,0
 Tracked objects:
		On entry : 
		On exit  : 
		Unchanged: 
 Data sizes:     COMRAM   BANK0   BANK1   BANK2   BANK3   BANK4   BANK5
      Params:         2       0       0       0       0       0       0
      Locals:         0       0       0       0       0       0       0
      Temps:          4       0       0       0       0       0       0
      Totals:         6       0       0       0       0       0       0
Total ram usage:        6 bytes
 Hardware stack levels used:    1
 Hardware stack levels required when called:    1
 This function calls:
		Nothing
 This function is called by:
		_reach_goal
 This function uses a non-reentrant model


 *************** function _turn_on_current_coil *****************
 Defined at:
		line 14 in file "stepper_motor.c"
 Parameters:    Size  Location     Type
  stepper_moto    2    0[COMRAM] PTR struct .
		 -> joint_dilutor_stepper(12), end_effector_stepper(12), joint_stepper(12), 
 Auto vars:     Size  Location     Type
		None
 Return value:  Size  Location     Type
                  1    wreg      void 
 Registers used:
		wreg, fsr1l, fsr1h, fsr2l, fsr2h, status,2, status,0
 Tracked objects:
		On entry : 
		On exit  : 
		Unchanged: 
 Data sizes:     COMRAM   BANK0   BANK1   BANK2   BANK3   BANK4   BANK5
      Params:         2       0       0       0       0       0       0
      Locals:         0       0       0       0       0       0       0
      Temps:          6       0       0       0       0       0       0
      Totals:         8       0       0       0       0       0       0
Total ram usage:        8 bytes
 Hardware stack levels used:    1
 Hardware stack levels required when called:    1
 This function calls:
		Nothing
 This function is called by:
		_reach_goal
 This function uses a non-reentrant model


 *************** function _lcd_update *****************
 Defined at:
		line 108 in file "lcd.c"
 Parameters:    Size  Location     Type
  state           2   11[COMRAM] int 
 Auto vars:     Size  Location     Type
  i               2   19[COMRAM] int 
  line_select     4   15[COMRAM] const unsigned char [4]
 Return value:  Size  Location     Type
                  1    wreg      void 
 Registers used:
		wreg, fsr2l, fsr2h, status,2, status,0, tblptrl, tblptrh, tblptru, prodl, prodh, cstack
 Tracked objects:
		On entry : 
		On exit  : 
		Unchanged: 
 Data sizes:     COMRAM   BANK0   BANK1   BANK2   BANK3   BANK4   BANK5
      Params:         2       0       0       0       0       0       0
      Locals:         6       0       0       0       0       0       0
      Temps:          2       0       0       0       0       0       0
      Totals:        10       0       0       0       0       0       0
Total ram usage:       10 bytes
 Hardware stack levels used:    1
 Hardware stack levels required when called:    4
 This function calls:
		___wmul
		_lcd_cmd
		_lcd_str
 This function is called by:
		_main
 This function uses a non-reentrant model


 *************** function _lcd_str *****************
 Defined at:
		line 80 in file "lcd.c"
 Parameters:    Size  Location     Type
  str             2    6[COMRAM] PTR const unsigned char 
		 -> const_msgs(1200), STR_1(22), 
 Auto vars:     Size  Location     Type
  i               1   10[COMRAM] unsigned char 
 Return value:  Size  Location     Type
                  1    wreg      void 
 Registers used:
		wreg, status,2, status,0, tblptrl, tblptrh, tblptru, cstack
 Tracked objects:
		On entry : 
		On exit  : 
		Unchanged: 
 Data sizes:     COMRAM   BANK0   BANK1   BANK2   BANK3   BANK4   BANK5
      Params:         2       0       0       0       0       0       0
      Locals:         1       0       0       0       0       0       0
      Temps:          2       0       0       0       0       0       0
      Totals:         5       0       0       0       0       0       0
Total ram usage:        5 bytes
 Hardware stack levels used:    1
 Hardware stack levels required when called:    3
 This function calls:
		_lcd_dat
 This function is called by:
		_main
		_lcd_update
 This function uses a non-reentrant model


 *************** function _lcd_dat *****************
 Defined at:
		line 39 in file "lcd.c"
 Parameters:    Size  Location     Type
  val             1    wreg     unsigned char 
 Auto vars:     Size  Location     Type
  val             1    1[COMRAM] unsigned char 
 Return value:  Size  Location     Type
                  1    wreg      void 
 Registers used:
		wreg, status,2, cstack
 Tracked objects:
		On entry : 
		On exit  : 
		Unchanged: 
 Data sizes:     COMRAM   BANK0   BANK1   BANK2   BANK3   BANK4   BANK5
      Params:         0       0       0       0       0       0       0
      Locals:         1       0       0       0       0       0       0
      Temps:          0       0       0       0       0       0       0
      Totals:         1       0       0       0       0       0       0
Total ram usage:        1 bytes
 Hardware stack levels used:    1
 Hardware stack levels required when called:    2
 This function calls:
		_lcd_wr
 This function is called by:
		_lcd_str
		_state_translator_fpga_to_micro
 This function uses a non-reentrant model


 *************** function ___wmul *****************
 Defined at:
		line 15 in file "C:\Program Files\Microchip\xc8\v2.20\pic\sources\c99\common\Umul16.c"
 Parameters:    Size  Location     Type
  multiplier      2    0[COMRAM] unsigned int 
  multiplicand    2    2[COMRAM] unsigned int 
 Auto vars:     Size  Location     Type
  product         2    4[COMRAM] unsigned int 
 Return value:  Size  Location     Type
                  2    0[COMRAM] unsigned int 
 Registers used:
		wreg, status,2, status,0, prodl, prodh
 Tracked objects:
		On entry : 
		On exit  : 
		Unchanged: 
 Data sizes:     COMRAM   BANK0   BANK1   BANK2   BANK3   BANK4   BANK5
      Params:         4       0       0       0       0       0       0
      Locals:         2       0       0       0       0       0       0
      Temps:          0       0       0       0       0       0       0
      Totals:         6       0       0       0       0       0       0
Total ram usage:        6 bytes
 Hardware stack levels used:    1
 Hardware stack levels required when called:    1
 This function calls:
		Nothing
 This function is called by:
		_main
		_lcd_update
 This function uses a non-reentrant model


 *************** function _lcd_init *****************
 Defined at:
		line 50 in file "lcd.c"
 Parameters:    Size  Location     Type
		None
 Auto vars:     Size  Location     Type
		None
 Return value:  Size  Location     Type
                  1    wreg      void 
 Registers used:
		wreg, status,2, cstack
 Tracked objects:
		On entry : 
		On exit  : 
		Unchanged: 
 Data sizes:     COMRAM   BANK0   BANK1   BANK2   BANK3   BANK4   BANK5
      Params:         0       0       0       0       0       0       0
      Locals:         0       0       0       0       0       0       0
      Temps:          1       0       0       0       0       0       0
      Totals:         1       0       0       0       0       0       0
Total ram usage:        1 bytes
 Hardware stack levels used:    1
 Hardware stack levels required when called:    3
 This function calls:
		_lcd_cmd
 This function is called by:
		_main
 This function uses a non-reentrant model


 *************** function _lcd_cmd *****************
 Defined at:
		line 28 in file "lcd.c"
 Parameters:    Size  Location     Type
  val             1    wreg     unsigned char 
 Auto vars:     Size  Location     Type
  val             1    1[COMRAM] unsigned char 
 Return value:  Size  Location     Type
                  1    wreg      void 
 Registers used:
		wreg, status,2, cstack
 Tracked objects:
		On entry : 
		On exit  : 
		Unchanged: 
 Data sizes:     COMRAM   BANK0   BANK1   BANK2   BANK3   BANK4   BANK5
      Params:         0       0       0       0       0       0       0
      Locals:         1       0       0       0       0       0       0
      Temps:          0       0       0       0       0       0       0
      Totals:         1       0       0       0       0       0       0
Total ram usage:        1 bytes
 Hardware stack levels used:    1
 Hardware stack levels required when called:    2
 This function calls:
		_lcd_wr
 This function is called by:
		_main
		_lcd_init
		_lcd_update
 This function uses a non-reentrant model


 *************** function _lcd_wr *****************
 Defined at:
		line 23 in file "lcd.c"
 Parameters:    Size  Location     Type
  val             1    wreg     unsigned char 
 Auto vars:     Size  Location     Type
  val             1    0[COMRAM] unsigned char 
 Return value:  Size  Location     Type
                  1    wreg      void 
 Registers used:
		wreg
 Tracked objects:
		On entry : 
		On exit  : 
		Unchanged: 
 Data sizes:     COMRAM   BANK0   BANK1   BANK2   BANK3   BANK4   BANK5
      Params:         0       0       0       0       0       0       0
      Locals:         1       0       0       0       0       0       0
      Temps:          0       0       0       0       0       0       0
      Totals:         1       0       0       0       0       0       0
Total ram usage:        1 bytes
 Hardware stack levels used:    1
 Hardware stack levels required when called:    1
 This function calls:
		Nothing
 This function is called by:
		_lcd_cmd
		_lcd_dat
 This function uses a non-reentrant model


 *************** function _init_timer_2 *****************
 Defined at:
		line 27 in file "timer.c"
 Parameters:    Size  Location     Type
		None
 Auto vars:     Size  Location     Type
		None
 Return value:  Size  Location     Type
                  1    wreg      void 
 Registers used:
		wreg, status,2, status,0, prodl, prodh, cstack
 Tracked objects:
		On entry : 
		On exit  : 
		Unchanged: 
 Data sizes:     COMRAM   BANK0   BANK1   BANK2   BANK3   BANK4   BANK5
      Params:         0       0       0       0       0       0       0
      Locals:         4       0       0       0       0       0       0
      Temps:          0       0       0       0       0       0       0
      Totals:         4       0       0       0       0       0       0
Total ram usage:        4 bytes
 Hardware stack levels used:    1
 Hardware stack levels required when called:    2
 This function calls:
		___fladd
		___fldiv
		___flmul
		___fltol
 This function is called by:
		_main
 This function uses a non-reentrant model


 *************** function _init_timer_0 *****************
 Defined at:
		line 11 in file "timer.c"
 Parameters:    Size  Location     Type
		None
 Auto vars:     Size  Location     Type
		None
 Return value:  Size  Location     Type
                  1    wreg      void 
 Registers used:
		wreg, status,2
 Tracked objects:
		On entry : 
		On exit  : 
		Unchanged: 
 Data sizes:     COMRAM   BANK0   BANK1   BANK2   BANK3   BANK4   BANK5
      Params:         0       0       0       0       0       0       0
      Locals:         0       0       0       0       0       0       0
      Temps:          0       0       0       0       0       0       0
      Totals:         0       0       0       0       0       0       0
Total ram usage:        0 bytes
 Hardware stack levels used:    1
 Hardware stack levels required when called:    1
 This function calls:
		Nothing
 This function is called by:
		_main
 This function uses a non-reentrant model


 *************** function _init_stepper *****************
 Defined at:
		line 4 in file "stepper_motor.c"
 Parameters:    Size  Location     Type
  stepper_moto    2    0[COMRAM] PTR struct .
		 -> joint_dilutor_stepper(12), end_effector_stepper(12), joint_stepper(12), 
  current_coil    2    2[COMRAM] int 
  step_counter    2    4[COMRAM] int 
  direction       2    6[COMRAM] int 
  hex_coil_reg    2    8[COMRAM] PTR unsigned char 
		 -> hex_end_effector_values(4), hex_joint_values(4), 
  register_nam    2   10[COMRAM] PTR volatile unsigned ch
		 -> LATC(1), LATB(1), 
 Auto vars:     Size  Location     Type
  i               2   14[COMRAM] int 
 Return value:  Size  Location     Type
                  1    wreg      void 
 Registers used:
		wreg, fsr1l, fsr1h, fsr2l, fsr2h, status,2, status,0
 Tracked objects:
		On entry : 
		On exit  : 
		Unchanged: 
 Data sizes:     COMRAM   BANK0   BANK1   BANK2   BANK3   BANK4   BANK5
      Params:        12       0       0       0       0       0       0
[...]
 Parameters:    Size  Location     Type
		None
 Auto vars:     Size  Location     Type
		None
 Return value:  Size  Location     Type
                  1    wreg      void 
 Registers used:
		wreg, status,2
 Tracked objects:
		On entry : 
		On exit  : 
		Unchanged: 
 Data sizes:     COMRAM   BANK0   BANK1   BANK2   BANK3   BANK4   BANK5
      Params:         0       0       0       0       0       0       0
      Locals:         0       0       0       0       0       0       0
      Temps:          0       0       0       0       0       0       0
      Totals:         0       0       0       0       0       0       0
Total ram usage:        0 bytes
 Hardware stack levels used:    1
 Hardware stack levels required when called:    1
 This function calls:
		Nothing
 This function is called by:
		_main
 This function uses a non-reentrant model


 *************** function _get_reg_value *****************
 Defined at:
		line 51 in file "serial_rs232.c"
 Parameters:    Size  Location     Type
		None
 Auto vars:     Size  Location     Type
  rx_char         1    0[COMRAM] unsigned char 
 Return value:  Size  Location     Type
                  1    wreg      unsigned char 
 Registers used:
		wreg, status,2
 Tracked objects:
		On entry : 
		On exit  : 
		Unchanged: 
 Data sizes:     COMRAM   BANK0   BANK1   BANK2   BANK3   BANK4   BANK5
      Params:         0       0       0       0       0       0       0
      Locals:         1       0       0       0       0       0       0
      Temps:          0       0       0       0       0       0       0
      Totals:         1       0       0       0       0       0       0
Total ram usage:        1 bytes
 Hardware stack levels used:    1
 Hardware stack levels required when called:    1
 This function calls:
		Nothing
 This function is called by:
		_main
 This function uses a non-reentrant model


 *************** function _get_liters *****************
 Defined at:
		line 36 in file "oven.c"
 Parameters:    Size  Location     Type
		None
 Auto vars:     Size  Location     Type
		None
 Return value:  Size  Location     Type
                  2  110[COMRAM] int 
 Registers used:
		wreg, status,2, status,0, prodl, prodh, cstack
 Tracked objects:
		On entry : 
		On exit  : 
		Unchanged: 
 Data sizes:     COMRAM   BANK0   BANK1   BANK2   BANK3   BANK4   BANK5
      Params:         2       0       0       0       0       0       0
      Locals:         0       0       0       0       0       0       0
      Temps:          0       0       0       0       0       0       0
      Totals:         2       0       0       0       0       0       0
Total ram usage:        2 bytes
 Hardware stack levels used:    1
 Hardware stack levels required when called:    2
 This function calls:
		___flmul
		___fltol
		___xxtofl
 This function is called by:
		_main
 This function uses a non-reentrant model


 *************** function ___fltol *****************
 Defined at:
		line 43 in file "C:\Program Files\Microchip\xc8\v2.20\pic\sources\c99\common\fltol.c"
 Parameters:    Size  Location     Type
  f1              4  100[COMRAM] int 
 Auto vars:     Size  Location     Type
  exp1            1  109[COMRAM] unsigned char 
  sign1           1  108[COMRAM] unsigned char 
 Return value:  Size  Location     Type
                  4  100[COMRAM] long 
 Registers used:
		wreg, status,2, status,0
 Tracked objects:
		On entry : 
		On exit  : 
		Unchanged: 
 Data sizes:     COMRAM   BANK0   BANK1   BANK2   BANK3   BANK4   BANK5
      Params:         4       0       0       0       0       0       0
      Locals:         2       0       0       0       0       0       0
      Temps:          4       0       0       0       0       0       0
      Totals:        10       0       0       0       0       0       0
Total ram usage:       10 bytes
 Hardware stack levels used:    1
 Hardware stack levels required when called:    1
 This function calls:
		Nothing
 This function is called by:
		_init_USART
		_init_timer_2
		_update_pwm_duty_ccp1
		_get_temperature
		_get_liters
 This function uses a non-reentrant model


 *************** function ___flmul *****************
 Defined at:
		line 8 in file "C:\Program Files\Microchip\xc8\v2.20\pic\sources\c99\common\sprcmul.c"
 Parameters:    Size  Location     Type
  b               4   26[COMRAM] long 
  a               4   30[COMRAM] long 
 Auto vars:     Size  Location     Type
  prod            4   45[COMRAM] struct .
  grs             4   39[COMRAM] unsigned long 
  temp            2   49[COMRAM] struct .
  bexp            1   44[COMRAM] unsigned char 
  aexp            1   43[COMRAM] unsigned char 
  sign            1   38[COMRAM] unsigned char 
 Return value:  Size  Location     Type
                  4   26[COMRAM] unsigned char 
 Registers used:
		wreg, status,2, status,0, prodl, prodh
 Tracked objects:
		On entry : 
		On exit  : 
		Unchanged: 
 Data sizes:     COMRAM   BANK0   BANK1   BANK2   BANK3   BANK4   BANK5
      Params:         8       0       0       0       0       0       0
      Locals:        13       0       0       0       0       0       0
      Temps:          4       0       0       0       0       0       0
      Totals:        25       0       0       0       0       0       0
Total ram usage:       25 bytes
 Hardware stack levels used:    1
 Hardware stack levels required when called:    1
 This function calls:
		Nothing
 This function is called by:
		_init_timer_2
		_update_pwm_duty_ccp1
		_get_temperature
		_get_liters
		_roundf
 This function uses a non-reentrant model


 *************** function _configure_ad_conversion_tank *****************
 Defined at:
		line 19 in file "oven.c"
 Parameters:    Size  Location     Type
		None
 Auto vars:     Size  Location     Type
		None
 Return value:  Size  Location     Type
                  1    wreg      void 
 Registers used:
		wreg, status,2
 Tracked objects:
		On entry : 
		On exit  : 
		Unchanged: 
 Data sizes:     COMRAM   BANK0   BANK1   BANK2   BANK3   BANK4   BANK5
      Params:         0       0       0       0       0       0       0
      Locals:         0       0       0       0       0       0       0
      Temps:          0       0       0       0       0       0       0
      Totals:         0       0       0       0       0       0       0
Total ram usage:        0 bytes
 Hardware stack levels used:    1
 Hardware stack levels required when called:    1
 This function calls:
		Nothing
 This function is called by:
		_main
 This function uses a non-reentrant model


 *************** function _configure_ad_conversion_oven *****************
 Defined at:
		line 8 in file "oven.c"
 Parameters:    Size  Location     Type
		None
 Auto vars:     Size  Location     Type
		None
 Return value:  Size  Location     Type
                  1    wreg      void 
 Registers used:
		wreg, status,2
 Tracked objects:
		On entry : 
		On exit  : 
		Unchanged: 
 Data sizes:     COMRAM   BANK0   BANK1   BANK2   BANK3   BANK4   BANK5
      Params:         0       0       0       0       0       0       0
      Locals:         0       0       0       0       0       0       0
      Temps:          0       0       0       0       0       0       0
      Totals:         0       0       0       0       0       0       0
Total ram usage:        0 bytes
 Hardware stack levels used:    1
 Hardware stack levels required when called:    1
 This function calls:
		Nothing
 This function is called by:
		_main
 This function uses a non-reentrant model


 *************** function _check_temperature *****************
 Defined at:
		line 50 in file "oven.c"
 Parameters:    Size  Location     Type
  temp_to_be_c    2  124[COMRAM] int 
 Auto vars:     Size  Location     Type
  grad            4    0[BANK0 ] float 
 Return value:  Size  Location     Type
                  2  124[COMRAM] int 
 Registers used:
		wreg, status,2, status,0, cstack
 Tracked objects:
		On entry : 
		On exit  : 
		Unchanged: 
 Data sizes:     COMRAM   BANK0   BANK1   BANK2   BANK3   BANK4   BANK5
      Params:         2       0       0       0       0       0       0
      Locals:         0       4       0       0       0       0       0
      Temps:          0       0       0       0       0       0       0
      Totals:         2       4       0       0       0       0       0
Total ram usage:        6 bytes
 Hardware stack levels used:    1
 Hardware stack levels required when called:    2
 This function calls:
		___awdiv
		___flge
		___xxtofl
		_abs
 This function is called by:
		_main
 This function uses a non-reentrant model


 *************** function _abs *****************
 Defined at:
		line 1 in file "C:\Program Files\Microchip\xc8\v2.20\pic\sources\c99\common\abs.c"
 Parameters:    Size  Location     Type
  a               2    0[COMRAM] int 
 Auto vars:     Size  Location     Type
		None
 Return value:  Size  Location     Type
                  2    0[COMRAM] int 
 Registers used:
		wreg, status,2, status,0
 Tracked objects:
		On entry : 
		On exit  : 
		Unchanged: 
 Data sizes:     COMRAM   BANK0   BANK1   BANK2   BANK3   BANK4   BANK5
      Params:         2       0       0       0       0       0       0
      Locals:         0       0       0       0       0       0       0
      Temps:          2       0       0       0       0       0       0
      Totals:         4       0       0       0       0       0       0
Total ram usage:        4 bytes
 Hardware stack levels used:    1
 Hardware stack levels required when called:    1
 This function calls:
		Nothing
 This function is called by:
		_check_temperature
 This function uses a non-reentrant model


 *************** function ___xxtofl *****************
 Defined at:
		line 10 in file "C:\Program Files\Microchip\xc8\v2.20\pic\sources\c99\common\xxtofl.c"
 Parameters:    Size  Location     Type
  sign            1    wreg     unsigned char 
  val             4   12[COMRAM] long 
 Auto vars:     Size  Location     Type
  sign            1   20[COMRAM] unsigned char 
  arg             4   22[COMRAM] unsigned long 
  exp             1   21[COMRAM] unsigned char 
 Return value:  Size  Location     Type
                  4   12[COMRAM] unsigned char 
 Registers used:
		wreg, status,2, status,0
 Tracked objects:
		On entry : 
		On exit  : 
		Unchanged: 
 Data sizes:     COMRAM   BANK0   BANK1   BANK2   BANK3   BANK4   BANK5
      Params:         4       0       0       0       0       0       0
      Locals:         6       0       0       0       0       0       0
      Temps:          4       0       0       0       0       0       0
      Totals:        14       0       0       0       0       0       0
Total ram usage:       14 bytes
 Hardware stack levels used:    1
 Hardware stack levels required when called:    1
 This function calls:
		Nothing
 This function is called by:
		_main
		_get_temperature
		_get_liters
		_check_temperature
 This function uses a non-reentrant model


 *************** function ___flge *****************
 Defined at:
		line 4 in file "C:\Program Files\Microchip\xc8\v2.20\pic\sources\c99\common\flge.c"
 Parameters:    Size  Location     Type
  ff1             4  112[COMRAM] unsigned char 
  ff2             4  116[COMRAM] unsigned char 
 Auto vars:     Size  Location     Type
		None
 Return value:  Size  Location     Type
		None               void
 Registers used:
		wreg, status,2, status,0
 Tracked objects:
		On entry : 
		On exit  : 
		Unchanged: 
 Data sizes:     COMRAM   BANK0   BANK1   BANK2   BANK3   BANK4   BANK5
      Params:         8       0       0       0       0       0       0
      Locals:         0       0       0       0       0       0       0
      Temps:          4       0       0       0       0       0       0
      Totals:        12       0       0       0       0       0       0
Total ram usage:       12 bytes
 Hardware stack levels used:    1
 Hardware stack levels required when called:    1
 This function calls:
		Nothing
 This function is called by:
		_main
		_check_temperature
		_roundf
 This function uses a non-reentrant model


 *************** function ___awdiv *****************
 Defined at:
		line 7 in file "C:\Program Files\Microchip\xc8\v2.20\pic\sources\c99\common\awdiv.c"
 Parameters:    Size  Location     Type
  dividend        2    4[COMRAM] int 
  divisor         2    6[COMRAM] int 
 Auto vars:     Size  Location     Type
  quotient        2   10[COMRAM] int 
  sign            1    9[COMRAM] unsigned char 
  counter         1    8[COMRAM] unsigned char 
 Return value:  Size  Location     Type
                  2    4[COMRAM] int 
 Registers used:
		wreg, status,2, status,0
 Tracked objects:
		On entry : 
		On exit  : 
		Unchanged: 
 Data sizes:     COMRAM   BANK0   BANK1   BANK2   BANK3   BANK4   BANK5
      Params:         4       0       0       0       0       0       0
      Locals:         4       0       0       0       0       0       0
      Temps:          0       0       0       0       0       0       0
      Totals:         8       0       0       0       0       0       0
Total ram usage:        8 bytes
 Hardware stack levels used:    1
 Hardware stack levels required when called:    1
 This function calls:
		Nothing
 This function is called by:
		_check_temperature
 This function uses a non-reentrant model


 *************** function _change_direction *****************
 Defined at:
		line 41 in file "stepper_motor.c"
 Parameters:    Size  Location     Type
  stepper_moto    2    0[COMRAM] PTR struct .
		 -> joint_dilutor_stepper(12), end_effector_stepper(12), joint_stepper(12), 
 Auto vars:     Size  Location     Type
		None
 Return value:  Size  Location     Type
                  1    wreg      void 
 Registers used:
		wreg, fsr2l, fsr2h, status,2, status,0
 Tracked objects:
		On entry : 
		On exit  : 
		Unchanged: 
 Data sizes:     COMRAM   BANK0   BANK1   BANK2   BANK3   BANK4   BANK5
      Params:         2       0       0       0       0       0       0
      Locals:         0       0       0       0       0       0       0
      Temps:          2       0       0       0       0       0       0
      Totals:         4       0       0       0       0       0       0
Total ram usage:        4 bytes
 Hardware stack levels used:    1
 Hardware stack levels required when called:    1
 This function calls:
		Nothing
 This function is called by:
		_main
 This function uses a non-reentrant model


 *************** function _rx_char_usart *****************
 Defined at:
		line 254 in file "main.c"
 Parameters:    Size  Location     Type
		None
 Auto vars:     Size  Location     Type
		None
 Return value:  Size  Location     Type
                  1    wreg      void 
 Registers used:
		wreg, status,2
 Tracked objects:
		On entry : 
		On exit  : 
		Unchanged: 
 Data sizes:     COMRAM   BANK0   BANK1   BANK2   BANK3   BANK4   BANK5
      Params:         0       0       0       0       0       0       0
      Locals:         0       0       0       0       0       0       0
      Temps:          0       0       0       0       0       0       0
      Totals:         0       0       0       0       0       0       0
Total ram usage:        0 bytes
 Hardware stack levels used:    1
 This function calls:
		Nothing
 This function is called by:
		Interrupt level 2
 This function uses a non-reentrant model



MODULE INFORMATION

Module		Function		Class		Link	Load	Size
C:\Program Files\Microchip\xc8\v2.20\pic\sources\c99\common\sprcadd.c
		___flsub       		CODE           	2A94	0000	75
		___fladd       		CODE           	097A	0000	1449

C:\Program Files\Microchip\xc8\v2.20\pic\sources\c99\common\sprcadd.c estimated size: 1524

C:\Program Files\Microchip\xc8\v2.20\pic\sources\c99\common\flneg.c
		___flneg       		CODE           	2B66	0000	67

C:\Program Files\Microchip\xc8\v2.20\pic\sources\c99\common\flneg.c estimated size: 67

timer.c
		_init_ccp1     		CODE           	2CD0	0000	35
		_init_timer_0  		CODE           	2CAE	0000	35
		_init_timer_2  		CODE           	2448	0000	205
		_update_pwm_duty_ccp1		CODE           	2514	0000	195

timer.c estimated size: 470

C:\Program Files\Microchip\xc8\v2.20\pic\sources\c99\common\Umul16.c
		___wmul        		CODE           	2C34	0000	43

C:\Program Files\Microchip\xc8\v2.20\pic\sources\c99\common\Umul16.c estimated size: 43

C:\Program Files\Microchip\xc8\v2.20\pic\sources\c99\common\flge.c
		___flge        		CODE           	2080	0000	297

C:\Program Files\Microchip\xc8\v2.20\pic\sources\c99\common\flge.c estimated size: 297

oven.c
		_get_liters    		CODE           	292A	0000	109
		_configure_ad_conversion_tank		CODE           	2D12	0000	31
		_configure_ad_conversion_oven		CODE           	2D30	0000	31
		_check_temperature		CODE           	2372	0000	215
		_get_temperature		CODE           	28BA	0000	113
		_wait_for_zero 		CODE           	2C88	0000	39

oven.c estimated size: 538

shared
		_fosc          		MEDIUMCONST    	0000	0000	0
		_t_osc         		MEDIUMCONST    	0000	0000	0
		lcd_update@F2151		MEDIUMCONST    	7B25	0000	5
		__initialization		CODE           	2ADE	0000	57
		_desired_baudrate		MEDIUMCONST    	0000	0000	0
		_toint         		MEDIUMCONST    	0000	0000	0
		_const_msgs    		MEDIUMCONST    	7B2D	0000	1201
		_f_osc         		MEDIUMCONST    	0000	0000	0

shared estimated size: 1263

serial_rs232.c
		_init_USART    		CODE           	2B24	0000	67
		_get_reg_value 		CODE           	2D64	0000	17
		_serial_tx_char		CODE           	2CF2	0000	33

serial_rs232.c estimated size: 117

utils.c
		_state_translator_fpga_to_micro		CODE           	1DDC	0000	367
		_state_translator_micro_to_fpga		CODE           	273A	0000	139

utils.c estimated size: 506

C:\Program Files\Microchip\xc8\v2.20\pic\sources\c99\common\abs.c
		_abs           		CODE           	2A48	0000	77

C:\Program Files\Microchip\xc8\v2.20\pic\sources\c99\common\abs.c estimated size: 77

C:\Program Files\Microchip\xc8\v2.20\pic\sources\c99\common\sprcmul.c
		___flmul       		CODE           	0F22	0000	1189

C:\Program Files\Microchip\xc8\v2.20\pic\sources\c99\common\sprcmul.c estimated size: 1189

stepper_motor.c
		_reach_goal    		CODE           	2842	0000	121
		_update_current_coil		CODE           	2298	0000	219
		_turn_on_current_coil		CODE           	29F6	0000	83
		_init_stepper  		CODE           	2692	0000	169
		_change_direction		CODE           	2BA8	0000	55

stepper_motor.c estimated size: 647

lcd.c
		_lcd_cmd       		CODE           	2C5E	0000	43
		_lcd_dat       		CODE           	2C0A	0000	43
		_lcd_update    		CODE           	25D6	0000	189
		_lcd_wr        		CODE           	2D74	0000	13
		_lcd_str       		CODE           	2996	0000	97
		_lcd_init      		CODE           	27C4	0000	127

lcd.c estimated size: 512

C:\Program Files\Microchip\xc8\v2.20\pic\sources\c99\common\roundf.c
		_roundf        		CODE           	17F8	0000	1005

C:\Program Files\Microchip\xc8\v2.20\pic\sources\c99\common\roundf.c estimated size: 1005

init_PIC.c
		_init_PORTS    		CODE           	2BDE	0000	45
		_init_interrupts		CODE           	2D80	0000	13

init_PIC.c estimated size: 58

C:\Program Files\Microchip\xc8\v2.20\pic\sources\c99\common\sprcdiv.c
		___fldiv       		CODE           	13C6	0000	1075

C:\Program Files\Microchip\xc8\v2.20\pic\sources\c99\common\sprcdiv.c estimated size: 1075

C:\Program Files\Microchip\xc8\v2.20\pic\sources\c99\common\awdiv.c
		___awdiv       		CODE           	21A8	0000	241

C:\Program Files\Microchip\xc8\v2.20\pic\sources\c99\common\awdiv.c estimated size: 241

C:\Program Files\Microchip\xc8\v2.20\pic\sources\c99\common\fltol.c
		___fltol       		CODE           	1F4A	0000	311

C:\Program Files\Microchip\xc8\v2.20\pic\sources\c99\common\fltol.c estimated size: 311

main.c
		_main          		CODE           	007C	0000	2303
		_rx_char_usart 		CODE           	0008	0000	113

main.c estimated size: 2416

C:\Program Files\Microchip\xc8\v2.20\pic\sources\c99\common\xxtofl.c
		___xxtofl      		CODE           	1BE4	0000	505

C:\Program Files\Microchip\xc8\v2.20\pic\sources\c99\common\xxtofl.c estimated size: 505

