Microchip MPLAB XC8 Compiler V2.20

Linker command line:

-W-3 --edf=C:\Program Files\Microchip\xc8\v2.20\pic\dat\en_msgs.txt -cn \
  -h+dist/default/production\mplabx.production.sym \
  --cmf=dist/default/production\mplabx.production.cmf -z -Q18F452 \
  -oC:\Users\davol\AppData\Local\Temp\sod4.2 --defsym=__MPLAB_BUILD=1 \
  -Mdist/default/production/mplabx.production.map -E1 -ver=XC8 Compiler \
  --acfsm=1493 -ASTACK=01EFh-05FFh -pstack=STACK -ACODE=00h-03FFFhx2 \
  -ACONST=00h-07FFFh -ASMALLCONST=0600h-06FFhx122 \
  -AMEDIUMCONST=0600h-07FFFh -ACOMRAM=01h-07Fh -AABS1=00h-05FFh \
  -ABIGRAM=01h-05FFh -ARAM=080h-0FFh,0100h-01FFhx5 -ABANK0=080h-0FFh \
  -ABANK1=0100h-01FFh -ABANK2=0200h-02FFh -ABANK3=0300h-03FFh \
  -ABANK4=0400h-04FFh -ABANK5=0500h-05FFh -ASFR=0F80h-0FFFh \
  -ACONFIG=0300000h-030000Dh -AIDLOC=0200000h-0200007h \
  -preset_vec=00h,intcode=08h,intcodelo,powerup,init -pramtop=0600h \
  -psmallconst=SMALLCONST -pmediumconst=MEDIUMCONST -pconst=CONST \
  -AFARRAM=00h-00h -AEEDATA=0F00000h-0F000FFh -peeprom_data=EEDATA \
  -prdata=COMRAM,nvrram=COMRAM,nvbit=COMRAM,rbss=COMRAM,rbit=COMRAM \
  -pfarbss=FARRAM,fardata=FARRAM,nvFARRAM=FARRAM \
  -pintsave_regs=BIGRAM,bigbss=BIGRAM,bigdata=BIGRAM -pbss=RAM \
  -pidata=CODE,irdata=CODE,ibigdata=CODE,ifardata=CODE -prparam=COMRAM \
  C:\Users\davol\AppData\Local\Temp\sod4.o \
  dist/default/production\mplabx.production.o 

Object code version is 3.11

Machine type is 18F452



                Name                               Link     Load   Length Selector   Space Scale
C:\Users\davol\AppData\Local\Temp\sod4.o
                idloc                            200000   200000        8        0       5
                config                           300000   300000        E        0       4
                text                                  6        6        2        0       0
                init                                 76       76        4        4       0
                reset_vec                             0        0        6        0       0
dist/default/production\mplabx.production.o
                intcode                               8        8       6E        4       0
                idloc                            200000   200000        8        0       5
                config                           300000   300000        E        0       4
                temp                                 7F       7F        1        1       1
                mediumconst                        7EB4     7EB4      14C     3F5A       0
                text64                             66A2     66A2       36     3351       0
                text63                             748C     748C       F0     3A46       0
                text62                             798A     798A      128     3CC5       0
                text61                             388A     388A      1F8        4       0
                text60                             68EE     68EE       4C     3477       0
                text59                             70FE     70FE       DC     387F       0
                text58                             659C     659C       28     32CE       0
                text57                             64F2     64F2       10     3279       0
                text56                             6642     6642       2C     3321       0
                text55                             7AB2     7AB2      138     3D59       0
                text54                             2114     2114      4A4        4       0
                text53                             6714     6714       42     338A       0
                text52                             1B6C     1B6C      5A8        4       0
                text51                             68A4     68A4       4A     3452       0
                text50                             29EA     29EA      3EA        4       0
                text49                             6756     6756       42     33AB       0
                text48                             25B8     25B8      432        4       0
                text47                             6E92     6E92       C4     3749       0
                text46                             6578     6578       24     32BC       0
                text45                             64DA     64DA        C     326D       0
                text44                             6DE2     6DE2       B0     36F1       0
                text43                             6556     6556       22     32AB       0
                text42                             6F56     6F56       CE     37AB       0
                text41                             64E6     64E6        C     3273       0
                text40                             65C4     65C4       2A     32E2       0
                text39                             6CDC     6CDC       7E     366E       0
                text38                             65EE     65EE       2A     32F7       0
                text37                             6D5A     6D5A       88     36AD       0
                text36                             66D8     66D8       3C     336C       0
                text35                             7024     7024       DA     3812       0
                text34                             6C64     6C64       78     3632       0
                text33                             6516     6516       20     328B       0
                text32                             6618     6618       2A     330C       0
                text31                             6798     6798       42     33CC       0
                text30                             69E6     69E6       60     34F3       0
                text29                             3C56     3C56      1CE        4       0
                text28                             64D4     64D4        6     326A       0
                text27                             71DA     71DA       E2     38ED       0
                text26                             693A     693A       50     349D       0
                text25                             698A     698A       5C     34C5       0
                text24                             72BC     72BC       E6     395E       0
                text23                             6A46     6A46       66     3523       0
                text22                             3E24     3E24      1B4        4       0
                text21                             7D24     7D24      190     3E92       0
                text20                             2DD4     2DD4      334        4       0
                text19                             3664     3664      226        4       0
                text18                             3A82     3A82      1D4        4       0
                text17                             7778     7778      108     3BBC       0
                text16                             7880     7880      10A     3C40       0
                text15                             73A2     73A2       EA     39D1       0
                text14                             3438     3438      22C        4       0
                text13                             685E     685E       46     342F       0
                text12                             67DA     67DA       42     33ED       0
                text11                             681C     681C       42     340E       0
                text10                             6B12     6B12       70     3589       0
                text9                              3108     3108      330        4       0
                text8                                7A       7A     13E8        4       0
                text7                              6B82     6B82       70     35C1       0
                text6                              7BEA     7BEA      13A     3DF5       0
                text5                              666E     666E       34     3337       0
                text4                              757C     757C       FC     3ABE       0
                text3                              7678     7678      100     3B3C       0
                text2                              6BF2     6BF2       72     35F9       0
                text1                              3FD8     3FD8       28        4       0
                text0                              1462     1462      70A        4       0
                cstackCOMRAM                          1        1       7E        1       1
                cstackBANK0                          B8       B8       26       80       1
                cstackBANK1                         100      100       A3      100       1
                dataBANK1                           1CF      1CF       20      100       1
                bssBANK1                            1A3      1A3       2C      100       1
                dataBANK0                            DE       DE       13       80       1
                bssBANK0                             80       80       38       80       1
                cinit                              6AAC     6AAC       66     3556       0
                idataBANK1                         6536     6536       20     6536       0
                idataBANK0                         6503     6503       13     6503       0

TOTAL           Name                               Link     Load   Length     Space
        CLASS   STACK          

        CLASS   CODE           
                intcode                               8        8       6E         0
                text                                  6        6        2         0
                init                                 76       76        4         0
                reset_vec                             0        0        6         0
                text64                             66A2     66A2       36         0
                text63                             748C     748C       F0         0
                text62                             798A     798A      128         0
                text61                             388A     388A      1F8         0
                text60                             68EE     68EE       4C         0
                text59                             70FE     70FE       DC         0
                text58                             659C     659C       28         0
                text57                             64F2     64F2       10         0
                text56                             6642     6642       2C         0
                text55                             7AB2     7AB2      138         0
                text54                             2114     2114      4A4         0
                text53                             6714     6714       42         0
                text52                             1B6C     1B6C      5A8         0
                text51                             68A4     68A4       4A         0
                text50                             29EA     29EA      3EA         0
                text49                             6756     6756       42         0
                text48                             25B8     25B8      432         0
                text47                             6E92     6E92       C4         0
                text46                             6578     6578       24         0
                text45                             64DA     64DA        C         0
                text44                             6DE2     6DE2       B0         0
                text43                             6556     6556       22         0
                text42                             6F56     6F56       CE         0
                text41                             64E6     64E6        C         0
                text40                             65C4     65C4       2A         0
                text39                             6CDC     6CDC       7E         0
                text38                             65EE     65EE       2A         0
                text37                             6D5A     6D5A       88         0
                text36                             66D8     66D8       3C         0
                text35                             7024     7024       DA         0
                text34                             6C64     6C64       78         0
                text33                             6516     6516       20         0
                text32                             6618     6618       2A         0
                text31                             6798     6798       42         0
                text30                             69E6     69E6       60         0
                text29                             3C56     3C56      1CE         0
                text28                             64D4     64D4        6         0
                text27                             71DA     71DA       E2         0
                text26                             693A     693A       50         0
                text25                             698A     698A       5C         0
                text24                             72BC     72BC       E6         0
                text23                             6A46     6A46       66         0
                text22                             3E24     3E24      1B4         0
                text21                             7D24     7D24      190         0
                text20                             2DD4     2DD4      334         0
                text19                             3664     3664      226         0
                text18                             3A82     3A82      1D4         0
                text17                             7778     7778      108         0
                text16                             7880     7880      10A         0
                text15                             73A2     73A2       EA         0
                text14                             3438     3438      22C         0
                text13                             685E     685E       46         0
                text12                             67DA     67DA       42         0
                text11                             681C     681C       42         0
                text10                             6B12     6B12       70         0
                text9                              3108     3108      330         0
                text8                                7A       7A     13E8         0
                text7                              6B82     6B82       70         0
                text6                              7BEA     7BEA      13A         0
                text5                              666E     666E       34         0
                text4                              757C     757C       FC         0
                text3                              7678     7678      100         0
                text2                              6BF2     6BF2       72         0
                text1                              3FD8     3FD8       28         0
                text0                              1462     1462      70A         0
                cinit                              6AAC     6AAC       66         0
                idataBANK1                         6536     6536       20         0
                idataBANK0                         6503     6503       13         0

        CLASS   CONST          

        CLASS   SMALLCONST     

        CLASS   MEDIUMCONST    
                mediumconst                        7EB4     7EB4      14C         0

        CLASS   COMRAM         
                temp                                 7F       7F        1         1
                cstackCOMRAM                          1        1       7E         1

        CLASS   ABS1           

        CLASS   BIGRAM         

        CLASS   RAM            

        CLASS   BANK0          
                cstackBANK0                          B8       B8       26         1
                dataBANK0                            DE       DE       13         1
                bssBANK0                             80       80       38         1

        CLASS   BANK1          
                cstackBANK1                         100      100       A3         1
                dataBANK1                           1CF      1CF       20         1
                bssBANK1                            1A3      1A3       2C         1

        CLASS   BANK2          

        CLASS   BANK3          

        CLASS   BANK4          

        CLASS   BANK5          

        CLASS   SFR            

        CLASS   CONFIG         
                config                           300000   300000        E         4

        CLASS   IDLOC          
                idloc                            200000   200000        8         5

        CLASS   FARRAM         

        CLASS   EEDATA         



SEGMENTS        Name                           Load    Length   Top    Selector   Space  Class

                reset_vec                      000000  000008  000008         0       0  CODE    
                cstackCOMRAM                   000001  00007F  000080         1       1  COMRAM  
                intcode                        000008  003FF8  004000         4       0  CODE    
                bssBANK0                       000080  000071  0000F1        80       1  BANK0   
                cstackBANK1                    000100  0000EF  0001EF       100       1  BANK1   
                text28                         0064D4  000006  0064DA      326A       0  CODE    
                text45                         0064DA  00000C  0064E6      326D       0  CODE    
                text41                         0064E6  00000C  0064F2      3273       0  CODE    
                text57                         0064F2  000010  006502      3279       0  CODE    
                idataBANK0                     006503  000013  006516      6503       0  CODE    
                text33                         006516  000020  006536      328B       0  CODE    
                idataBANK1                     006536  000020  006556      6536       0  CODE    
                text43                         006556  000022  006578      32AB       0  CODE    
                text46                         006578  000024  00659C      32BC       0  CODE    
                text58                         00659C  000028  0065C4      32CE       0  CODE    
                text40                         0065C4  00002A  0065EE      32E2       0  CODE    
                text38                         0065EE  00002A  006618      32F7       0  CODE    
                text32                         006618  00002A  006642      330C       0  CODE    
                text56                         006642  00002C  00666E      3321       0  CODE    
                text5                          00666E  000034  0066A2      3337       0  CODE    
                text64                         0066A2  000036  0066D8      3351       0  CODE    
                text36                         0066D8  00003C  006714      336C       0  CODE    
                text53                         006714  000042  006756      338A       0  CODE    
                text49                         006756  000042  006798      33AB       0  CODE    
                text31                         006798  000042  0067DA      33CC       0  CODE    
                text12                         0067DA  000042  00681C      33ED       0  CODE    
                text11                         00681C  000042  00685E      340E       0  CODE    
                text13                         00685E  000046  0068A4      342F       0  CODE    
                text51                         0068A4  00004A  0068EE      3452       0  CODE    
                text60                         0068EE  00004C  00693A      3477       0  CODE    
                text26                         00693A  000050  00698A      349D       0  CODE    
                text25                         00698A  00005C  0069E6      34C5       0  CODE    
                text30                         0069E6  000060  006A46      34F3       0  CODE    
                text23                         006A46  000066  006AAC      3523       0  CODE    
                cinit                          006AAC  000066  006B12      3556       0  CODE    
                text10                         006B12  000070  006B82      3589       0  CODE    
                text7                          006B82  000070  006BF2      35C1       0  CODE    
                text2                          006BF2  000072  006C64      35F9       0  CODE    
                text34                         006C64  000078  006CDC      3632       0  CODE    
                text39                         006CDC  00007E  006D5A      366E       0  CODE    
                text37                         006D5A  000088  006DE2      36AD       0  CODE    
                text44                         006DE2  0000B0  006E92      36F1       0  CODE    
                text47                         006E92  0000C4  006F56      3749       0  CODE    
                text42                         006F56  0000CE  007024      37AB       0  CODE    
                text35                         007024  0000DA  0070FE      3812       0  CODE    
                text59                         0070FE  0000DC  0071DA      387F       0  CODE    
                text27                         0071DA  0000E2  0072BC      38ED       0  CODE    
                text24                         0072BC  0000E6  0073A2      395E       0  CODE    
                text15                         0073A2  0000EA  00748C      39D1       0  CODE    
                text63                         00748C  0000F0  00757C      3A46       0  CODE    
                text4                          00757C  0000FC  007678      3ABE       0  CODE    
                text3                          007678  000100  007778      3B3C       0  CODE    
                text17                         007778  000108  007880      3BBC       0  CODE    
                text16                         007880  00010A  00798A      3C40       0  CODE    
                text62                         00798A  000128  007AB2      3CC5       0  CODE    
                text55                         007AB2  000138  007BEA      3D59       0  CODE    
                text6                          007BEA  00013A  007D24      3DF5       0  CODE    
                text21                         007D24  000190  007EB4      3E92       0  CODE    
                mediumconst                    007EB4  00014C  008000      3F5A       0  MEDIUMCO


UNUSED ADDRESS RANGES

        Name                Unused          Largest block    Delta
        BANK0            0000F1-0000FF                F
        BANK1            0001EF-0001FF               11
        BANK2            000200-0002FF              100
        BANK3            000300-0003FF              100
        BANK4            000400-0004FF              100
        BANK5            000500-0005FF              100
        BIGRAM           0000F1-0000FF                F
                         0001EF-0005FF              411
        CODE             004000-0064D3             24D4
                         006502-006502                1
        CONST            004000-0064D3             24D4
                         006502-006502                1
        EEDATA           F00000-F000FF              100
        MEDIUMCONST      004000-0064D3             24D4
                         006502-006502                1
        RAM              0000F1-0000FF                F
                         0001EF-0005FF              100
        SFR              000F80-000FFF               80
        SMALLCONST       004000-0064D3              100
                         006502-006502                1
        STACK            0001EF-0005FF              411

                                  Symbol Table

?___aodiv                                                  cstackCOMRAM 000001
?___aomod                                                  cstackCOMRAM 000001
?___awdiv                                                  cstackCOMRAM 000017
?___fladd                                                  cstackCOMRAM 00005F
?___fldiv                                                  cstackCOMRAM 000046
?___flmul                                                  cstackCOMRAM 00002D
?___flneg                                                  cstackCOMRAM 000001
?___flsub                                                  cstackCOMRAM 00006F
?___fltol                                                  cstackBANK0  0000CA
?___lodiv                                                  cstackCOMRAM 000001
?___lomod                                                  cstackCOMRAM 000001
?___wmul                                                   cstackCOMRAM 000001
?___xxtofl                                                 cstackCOMRAM 00001F
?_abs                                                      cstackCOMRAM 000013
?_atoi                                                     cstackCOMRAM 000008
?_check_temperature                                        cstackBANK0  0000D6
?_ctoa                                                     cstackCOMRAM 00001C
?_dtoa                                                     cstackCOMRAM 00001C
?_get_temperature                                          cstackBANK0  0000D4
?_isalpha                                                  cstackCOMRAM 000001
?_isdigit                                                  cstackCOMRAM 000001
?_islower                                                  cstackCOMRAM 000001
?_isspace                                                  cstackCOMRAM 000001
?_isupper                                                  cstackCOMRAM 000001
?_otoa                                                     cstackCOMRAM 00001C
?_pad                                                      cstackCOMRAM 000011
?_reach_goal                                               cstackCOMRAM 000007
?_roundf                                                   cstackCOMRAM 000077
?_snprintf                                                 cstackBANK0  0000C2
?_stoa                                                     cstackCOMRAM 00000A
?_strlen                                                   cstackCOMRAM 000001
?_strncmp                                                  cstackCOMRAM 000001
?_toupper                                                  cstackCOMRAM 000007
?_utoa                                                     cstackCOMRAM 00001C
?_vfpfcnvrt                                                cstackCOMRAM 000043
?_vfprintf                                                 cstackCOMRAM 000068
?_vsnprintf                                                cstackCOMRAM 000070
?_xtoa                                                     cstackCOMRAM 00001C
_ADCON0                                                    (abs)        000FC2
_ADCON0bits                                                (abs)        000FC2
_ADCON1                                                    (abs)        000FC1
_ADRESH                                                    (abs)        000FC4
_ADRESL                                                    (abs)        000FC3
_CCP1CON                                                   (abs)        000FBD
_CCP1CONbits                                               (abs)        000FBD
_CCPR1L                                                    (abs)        000FBE
_INTCONbits                                                (abs)        000FF2
_LATA                                                      (abs)        000F89
_LATAbits                                                  (abs)        000F89
_LATB                                                      (abs)        000F8A
_LATC                                                      (abs)        000F8B
_PIE1bits                                                  (abs)        000F9D
_PIR1bits                                                  (abs)        000F9E
_PORTA                                                     (abs)        000F80
_PORTB                                                     (abs)        000F81
_PORTC                                                     (abs)        000F82
_PORTD                                                     (abs)        000F83
_PORTEbits                                                 (abs)        000F84
_PR2                                                       (abs)        000FCB
_RCREG                                                     (abs)        000FAE
_RCSTAbits                                                 (abs)        000FAB
_SPBRG                                                     (abs)        000FAF
_T0CON                                                     (abs)        000FD5
_T0CONbits                                                 (abs)        000FD5
_T2CON                                                     (abs)        000FCA
_T2CONbits                                                 (abs)        000FCA
_TMR0H                                                     (abs)        000FD7
_TMR0L                                                     (abs)        000FD6
_TMR2                                                      (abs)        000FCC
_TRISA                                                     (abs)        000F92
_TRISB                                                     (abs)        000F93
_TRISCbits                                                 (abs)        000F94
_TXREG                                                     (abs)        000FAD
_TXSTAbits                                                 (abs)        000FAC
__HRAM                                                     (abs)        000000
__Habs1                                                    abs1         000000
__Hbank0                                                   bank0        000000
__Hbank1                                                   bank1        000000
__Hbank2                                                   bank2        000000
__Hbank3                                                   bank3        000000
__Hbank4                                                   bank4        000000
__Hbank5                                                   bank5        000000
__Hbigbss                                                  bigbss       000000
__Hbigdata                                                 bigdata      000000
__Hbigram                                                  bigram       000000
__Hbss                                                     bss          000000
__HbssBANK0                                                bssBANK0     000000
__HbssBANK1                                                bssBANK1     000000
__Hcinit                                                   cinit        000000
__Hclrtext                                                 clrtext      000000
__Hcomram                                                  comram       000000
__Hconfig                                                  config       30000E
__Hconst                                                   const        000000
__HcstackBANK0                                             cstackBANK0  000000
__HcstackBANK1                                             cstackBANK1  000000
__HcstackCOMRAM                                            cstackCOMRAM 000000
__Hdata                                                    data         000000
__HdataBANK0                                               dataBANK0    000000
__HdataBANK1                                               dataBANK1    000000
__Heeprom_data                                             eeprom_data  000000
__Hfarbss                                                  farbss       000000
__Hfardata                                                 fardata      000000
__Hibigdata                                                ibigdata     000000
__Hidata                                                   idata        000000
__HidataBANK0                                              idataBANK0   000000
__HidataBANK1                                              idataBANK1   000000
__Hidloc                                                   idloc        200008
__Hifardata                                                ifardata     000000
__Hinit                                                    init         00007A
__Hintcode                                                 intcode      000076
__Hintcode_body                                            intcode_body 000000
__Hintcodelo                                               intcodelo    000076
__Hintentry                                                intentry     000000
__Hintret                                                  intret       000000
__Hintsave_regs                                            intsave_regs 000000
__Hirdata                                                  irdata       000000
__Hmediumconst                                             mediumconst  008000
__HnvFARRAM                                                nvFARRAM     000000
__Hnvbit                                                   nvbit        000000
__Hnvrram                                                  nvrram       000000
__Hparam                                                   rparam       000000
__Hpowerup                                                 powerup      000076
__Hram                                                     ram          000000
__Hramtop                                                  ramtop       000600
__Hrbit                                                    rbit         000000
__Hrbss                                                    rbss         000000
__Hrdata                                                   rdata        000000
__Hreset_vec                                               reset_vec    000006
__Hrparam                                                  rparam       000000
__Hsfr                                                     sfr          000000
__Hsmallconst                                              smallconst   000000
__Hspace_0                                                 (abs)        008000
__Hspace_1                                                 (abs)        0001EF
__Hspace_2                                                 (abs)        000000
__Hspace_4                                                 (abs)        60000E
__Hstack                                                   stack        000000
__Hstruct                                                  struct       000000
__Htemp                                                    temp         000080
__Htext                                                    text         000000
__Htext0                                                   text0        000000
__Htext1                                                   text1        000000
__Htext10                                                  text10       000000
__Htext11                                                  text11       000000
__Htext12                                                  text12       000000
__Htext13                                                  text13       000000
__Htext14                                                  text14       000000
__Htext15                                                  text15       000000
__Htext16                                                  text16       000000
__Htext17                                                  text17       000000
__Htext18                                                  text18       000000
__Htext19                                                  text19       000000
__Htext2                                                   text2        000000
__Htext20                                                  text20       000000
__Htext21                                                  text21       000000
__Htext22                                                  text22       000000
__Htext23                                                  text23       000000
__Htext24                                                  text24       000000
__Htext25                                                  text25       000000
__Htext26                                                  text26       000000
__Htext27                                                  text27       000000
__Htext28                                                  text28       000000
__Htext29                                                  text29       000000
__Htext3                                                   text3        000000
__Htext30                                                  text30       000000
__Htext31                                                  text31       000000
__Htext32                                                  text32       000000
__Htext33                                                  text33       000000
__Htext34                                                  text34       000000
__Htext35                                                  text35       000000
__Htext36                                                  text36       000000
__Htext37                                                  text37       000000
__Htext38                                                  text38       000000
__Htext39                                                  text39       000000
__Htext4                                                   text4        000000
__Htext40                                                  text40       000000
__Htext41                                                  text41       000000
__Htext42                                                  text42       000000
__Htext43                                                  text43       000000
__Htext44                                                  text44       000000
__Htext45                                                  text45       000000
__Htext46                                                  text46       000000
__Htext47                                                  text47       000000
__Htext48                                                  text48       000000
__Htext49                                                  text49       000000
__Htext5                                                   text5        000000
__Htext50                                                  text50       000000
__Htext51                                                  text51       000000
__Htext52                                                  text52       000000
__Htext53                                                  text53       000000
__Htext54                                                  text54       000000
__Htext55                                                  text55       000000
__Htext56                                                  text56       000000
__Htext57                                                  text57       000000
__Htext58                                                  text58       000000
__Htext59                                                  text59       000000
__Htext6                                                   text6        000000
__Htext60                                                  text60       000000
__Htext61                                                  text61       000000
__Htext62                                                  text62       000000
__Htext63                                                  text63       000000
__Htext64                                                  text64       000000
__Htext7                                                   text7        000000
__Htext8                                                   text8        000000
__Htext9                                                   text9        000000
__LRAM                                                     (abs)        000001
__Labs1                                                    abs1         000000
__Lbank0                                                   bank0        000000
__Lbank1                                                   bank1        000000
__Lbank2                                                   bank2        000000
__Lbank3                                                   bank3        000000
__Lbank4                                                   bank4        000000
__Lbank5                                                   bank5        000000
__Lbigbss                                                  bigbss       000000
__Lbigdata                                                 bigdata      000000
__Lbigram                                                  bigram       000000
__Lbss                                                     bss          000000
__LbssBANK0                                                bssBANK0     000000
__LbssBANK1                                                bssBANK1     000000
__Lcinit                                                   cinit        000000
__Lclrtext                                                 clrtext      000000
__Lcomram                                                  comram       000000
__Lconfig                                                  config       000000
__Lconst                                                   const        000000
__LcstackBANK0                                             cstackBANK0  000000
__LcstackBANK1                                             cstackBANK1  000000
__LcstackCOMRAM                                            cstackCOMRAM 000000
__Ldata                                                    data         000000
__LdataBANK0                                               dataBANK0    000000
__LdataBANK1                                               dataBANK1    000000
__Leeprom_data                                             eeprom_data  000000
__Lfarbss                                                  farbss       000000
__Lfardata                                                 fardata      000000
__Libigdata                                                ibigdata     000000
__Lidata                                                   idata        000000
__LidataBANK0                                              idataBANK0   000000
__LidataBANK1                                              idataBANK1   000000
__Lidloc                                                   idloc        000000
__Lifardata                                                ifardata     000000
__Linit                                                    init         000076
__Lintcode                                                 intcode      000008
__Lintcode_body                                            intcode_body 000000
__Lintcodelo                                               intcodelo    000076
__Lintentry                                                intentry     000000
__Lintret                                                  intret       000000
__Lintsave_regs                                            intsave_regs 000000
__Lirdata                                                  irdata       000000
__Lmediumconst                                             mediumconst  007EB4
__LnvFARRAM                                                nvFARRAM     000000
__Lnvbit                                                   nvbit        000000
__Lnvrram                                                  nvrram       000000
__Lparam                                                   rparam       000000
__Lpowerup                                                 powerup      000076
__Lram                                                     ram          000000
__Lramtop                                                  ramtop       000600
__Lrbit                                                    rbit         000000
__Lrbss                                                    rbss         000000
__Lrdata                                                   rdata        000000
__Lreset_vec                                               reset_vec    000000
__Lrparam                                                  rparam       000000
__Lsfr                                                     sfr          000000
__Lsmallconst                                              smallconst   000000
__Lspace_0                                                 (abs)        000000
__Lspace_1                                                 (abs)        000000
__Lspace_2                                                 (abs)        000000
__Lspace_4                                                 (abs)        000000
__Lstack                                                   stack        000000
__Lstruct                                                  struct       000000
__Ltemp                                                    temp         00007F
__Ltext                                                    text         000000
__Ltext0                                                   text0        000000
__Ltext1                                                   text1        000000
__Ltext10                                                  text10       000000
__Ltext11                                                  text11       000000
__Ltext12                                                  text12       000000
__Ltext13                                                  text13       000000
__Ltext14                                                  text14       000000
__Ltext15                                                  text15       000000
__Ltext16                                                  text16       000000
__Ltext17                                                  text17       000000
__Ltext18                                                  text18       000000
__Ltext19                                                  text19       000000
__Ltext2                                                   text2        000000
__Ltext20                                                  text20       000000
__Ltext21                                                  text21       000000
__Ltext22                                                  text22       000000
__Ltext23                                                  text23       000000
__Ltext24                                                  text24       000000
__Ltext25                                                  text25       000000
__Ltext26                                                  text26       000000
__Ltext27                                                  text27       000000
__Ltext28                                                  text28       000000
__Ltext29                                                  text29       000000
__Ltext3                                                   text3        000000
__Ltext30                                                  text30       000000
__Ltext31                                                  text31       000000
__Ltext32                                                  text32       000000
__Ltext33                                                  text33       000000
__Ltext34                                                  text34       000000
__Ltext35                                                  text35       000000
__Ltext36                                                  text36       000000
__Ltext37                                                  text37       000000
__Ltext38                                                  text38       000000
__Ltext39                                                  text39       000000
__Ltext4                                                   text4        000000
__Ltext40                                                  text40       000000
__Ltext41                                                  text41       000000
__Ltext42                                                  text42       000000
__Ltext43                                                  text43       000000
__Ltext44                                                  text44       000000
__Ltext45                                                  text45       000000
__Ltext46                                                  text46       000000
__Ltext47                                                  text47       000000
__Ltext48                                                  text48       000000
__Ltext49                                                  text49       000000
__Ltext5                                                   text5        000000
__Ltext50                                                  text50       000000
__Ltext51                                                  text51       000000
__Ltext52                                                  text52       000000
__Ltext53                                                  text53       000000
__Ltext54                                                  text54       000000
__Ltext55                                                  text55       000000
__Ltext56                                                  text56       000000
__Ltext57                                                  text57       000000
__Ltext58                                                  text58       000000
__Ltext59                                                  text59       000000
__Ltext6                                                   text6        000000
__Ltext60                                                  text60       000000
__Ltext61                                                  text61       000000
__Ltext62                                                  text62       000000
__Ltext63                                                  text63       000000
__Ltext64                                                  text64       000000
__Ltext7                                                   text7        000000
__Ltext8                                                   text8        000000
__Ltext9                                                   text9        000000
__S0                                                       (abs)        008000
__S1                                                       (abs)        0001EF
__S2                                                       (abs)        000000
__S4                                                       (abs)        000000
__S5                                                       (abs)        000000
___aodiv                                                   text22       003E24
___aodiv@counter                                           cstackCOMRAM 000011
___aodiv@dividend                                          cstackCOMRAM 000001
___aodiv@divisor                                           cstackCOMRAM 000009
___aodiv@quotient                                          cstackCOMRAM 000013
___aodiv@sign                                              cstackCOMRAM 000012
___aomod                                                   text21       007D24
___aomod@counter                                           cstackCOMRAM 000011
___aomod@dividend                                          cstackCOMRAM 000001
___aomod@divisor                                           cstackCOMRAM 000009
___aomod@sign                                              cstackCOMRAM 000012
___awdiv                                                   text63       00748C
___awdiv@counter                                           cstackCOMRAM 00001B
___awdiv@dividend                                          cstackCOMRAM 000017
___awdiv@divisor                                           cstackCOMRAM 000019
___awdiv@quotient                                          cstackCOMRAM 00001D
___awdiv@sign                                              cstackCOMRAM 00001C
___fladd                                                   text52       001B6C
___fladd@a                                                 cstackCOMRAM 000063
___fladd@aexp                                              cstackCOMRAM 00006C
___fladd@b                                                 cstackCOMRAM 00005F
___fladd@bexp                                              cstackCOMRAM 00006D
___fladd@grs                                               cstackCOMRAM 00006E
___fladd@signs                                             cstackCOMRAM 00006B
___fldiv                                                   text48       0025B8
___fldiv@a                                                 cstackCOMRAM 00004A
___fldiv@aexp                                              cstackCOMRAM 00005E
___fldiv@b                                                 cstackCOMRAM 000046
___fldiv@bexp                                              cstackCOMRAM 00005D
___fldiv@grs                                               cstackCOMRAM 000059
___fldiv@new_exp                                           cstackCOMRAM 000057
___fldiv@rem                                               cstackCOMRAM 000052
___fldiv@sign                                              cstackCOMRAM 000056
___flge                                                    text62       00798A
___flge@ff1                                                cstackCOMRAM 000001
___flge@ff2                                                cstackCOMRAM 000005
___flmul                                                   text54       002114
___flmul@a                                                 cstackCOMRAM 000031
___flmul@aexp                                              cstackCOMRAM 00003E
___flmul@b                                                 cstackCOMRAM 00002D
___flmul@bexp                                              cstackCOMRAM 00003F
___flmul@grs                                               cstackCOMRAM 00003A
___flmul@prod                                              cstackCOMRAM 000040
___flmul@sign                                              cstackCOMRAM 000039
___flmul@temp                                              cstackCOMRAM 000044
___flneg                                                   text53       006714
___flneg@f1                                                cstackCOMRAM 000001
___flsub                                                   text51       0068A4
___flsub@a                                                 cstackCOMRAM 000073
___flsub@b                                                 cstackCOMRAM 00006F
___fltol                                                   text55       007AB2
___fltol@exp1                                              cstackBANK0  0000D3
___fltol@f1                                                cstackBANK0  0000CA
___fltol@sign1                                             cstackBANK0  0000D2
___inthi_sp                                                stack        000000
___intlo_sp                                                stack        000000
___lodiv                                                   text16       007880
___lodiv@counter                                           cstackCOMRAM 000019
___lodiv@dividend                                          cstackCOMRAM 000001
___lodiv@divisor                                           cstackCOMRAM 000009
___lodiv@quotient                                          cstackCOMRAM 000011
___lomod                                                   text15       0073A2
___lomod@counter                                           cstackCOMRAM 000011
___lomod@dividend                                          cstackCOMRAM 000001
___lomod@divisor                                           cstackCOMRAM 000009
___param_bank                                              (abs)        000000
___rparam_used                                             (abs)        000001
___sp                                                      stack        000000
___wmul                                                    text32       006618
___wmul@multiplicand                                       cstackCOMRAM 000003
___wmul@multiplier                                         cstackCOMRAM 000001
___wmul@product                                            cstackCOMRAM 000005
___xxtofl                                                  text61       00388A
___xxtofl@arg                                              cstackCOMRAM 000029
___xxtofl@exp                                              cstackCOMRAM 000028
___xxtofl@sign                                             cstackCOMRAM 000027
___xxtofl@val                                              cstackCOMRAM 00001F
__accesstop                                                (abs)        000080
__activetblptr                                             (abs)        000002
__cntErrataNOP_C:\Users\davol\AppData\Local\Temp\sod4.o    (abs)        000001
__cntErrataNOP_dist/default/production\mplabx.production.o (abs)        00046A
__end_of___aodiv                                           text22       003FD8
__end_of___aomod                                           text21       007EB4
__end_of___awdiv                                           text63       00757C
__end_of___fladd                                           text52       002114
__end_of___fldiv                                           text48       0029EA
__end_of___flge                                            text62       007AB2
__end_of___flmul                                           text54       0025B8
__end_of___flneg                                           text53       006756
__end_of___flsub                                           text51       0068EE
__end_of___fltol                                           text55       007BEA
__end_of___lodiv                                           text16       00798A
__end_of___lomod                                           text15       00748C
__end_of___wmul                                            text32       006642
__end_of___xxtofl                                          text61       003A82
__end_of__initialization                                   cinit        006B04
__end_of_abs                                               text60       00693A
__end_of_atoi                                              text29       003E24
__end_of_change_direction                                  text64       0066D8
__end_of_check_temperature                                 text59       0071DA
__end_of_configure_analog_digital_conversion               text58       0065C4
__end_of_ctoa                                              text23       006AAC
__end_of_desired_baudrate                                  mediumconst  007EBD
__end_of_dtoa                                              text20       003108
__end_of_f_osc                                             mediumconst  007EC5
__end_of_fosc                                              mediumconst  007EC9
__end_of_fputc                                             text27       0072BC
__end_of_fputs                                             text26       00698A
__end_of_get_reg_value                                     text57       006502
__end_of_get_temperature                                   text2        006C64
__end_of_init_PORTS                                        text56       00666E
__end_of_init_USART                                        text49       006798
__end_of_init_ccp1                                         text46       00659C
__end_of_init_interrupts                                   text45       0064E6
__end_of_init_stepper                                      text44       006E92
__end_of_init_timer_0                                      text43       006578
__end_of_init_timer_2                                      text42       007024
__end_of_isalpha                                           text13       0068A4
__end_of_isdigit                                           text31       0067DA
__end_of_islower                                           text11       00685E
__end_of_isspace                                           text30       006A46
__end_of_isupper                                           text12       00681C
__end_of_lcd_cmd                                           text40       0065EE
__end_of_lcd_dat                                           text38       006618
__end_of_lcd_init                                          text39       006D5A
__end_of_lcd_str                                           text37       006DE2
__end_of_lcd_wr                                            text41       0064F2
__end_of_main                                              text0        001B6C
__end_of_otoa                                              text19       00388A
__end_of_pad                                               text24       0073A2
__end_of_putch                                             text28       0064DA
__end_of_reach_goal                                        text34       006CDC
__end_of_roundf                                            text50       002DD4
__end_of_rx_char_usart                                     intcode      000076
__end_of_serial_tx_char                                    text33       006536
__end_of_snprintf                                          text5        0066A2
__end_of_state_translator_fpga_to_micro                    text4        007678
__end_of_state_translator_micro_to_fpga                    text3        007778
__end_of_stoa                                              text18       003C56
__end_of_strlen                                            text25       0069E6
__end_of_strncmp                                           text17       007880
__end_of_t_osc                                             mediumconst  007EC1
__end_of_toint                                             mediumconst  007EB9
__end_of_toupper                                           text10       006B82
__end_of_turn_on_current_coil                              text36       006714
__end_of_update_current_coil                               text35       0070FE
__end_of_update_pwm_duty_ccp1                              text47       006F56
__end_of_utoa                                              text14       003664
__end_of_vfpfcnvrt                                         text8        001462
__end_of_vfprintf                                          text7        006BF2
__end_of_vsnprintf                                         text6        007D24
__end_of_wait_for_zero                                     text1        004000
__end_of_xtoa                                              text9        003438
__initialization                                           cinit        006AAC
__mediumconst                                              mediumconst  007EB4
__pbssBANK0                                                bssBANK0     000080
__pbssBANK1                                                bssBANK1     0001A3
__pcinit                                                   cinit        006AAC
__pcstackBANK0                                             cstackBANK0  0000B8
__pcstackBANK1                                             cstackBANK1  000100
__pcstackCOMRAM                                            cstackCOMRAM 000001
__pdataBANK0                                               dataBANK0    0000DE
__pdataBANK1                                               dataBANK1    0001CF
__pidataBANK0                                              idataBANK0   006503
__pidataBANK1                                              idataBANK1   006536
__pintcode                                                 intcode      000008
__pmediumconst                                             mediumconst  007EB4
__ptext0                                                   text0        001462
__ptext1                                                   text1        003FD8
__ptext10                                                  text10       006B12
__ptext11                                                  text11       00681C
__ptext12                                                  text12       0067DA
__ptext13                                                  text13       00685E
__ptext14                                                  text14       003438
__ptext15                                                  text15       0073A2
__ptext16                                                  text16       007880
__ptext17                                                  text17       007778
__ptext18                                                  text18       003A82
__ptext19                                                  text19       003664
__ptext2                                                   text2        006BF2
__ptext20                                                  text20       002DD4
__ptext21                                                  text21       007D24
__ptext22                                                  text22       003E24
__ptext23                                                  text23       006A46
__ptext24                                                  text24       0072BC
__ptext25                                                  text25       00698A
__ptext26                                                  text26       00693A
__ptext27                                                  text27       0071DA
__ptext28                                                  text28       0064D4
__ptext29                                                  text29       003C56
__ptext3                                                   text3        007678
__ptext30                                                  text30       0069E6
__ptext31                                                  text31       006798
__ptext32                                                  text32       006618
__ptext33                                                  text33       006516
__ptext34                                                  text34       006C64
__ptext35                                                  text35       007024
__ptext36                                                  text36       0066D8
__ptext37                                                  text37       006D5A
__ptext38                                                  text38       0065EE
__ptext39                                                  text39       006CDC
__ptext4                                                   text4        00757C
__ptext40                                                  text40       0065C4
__ptext41                                                  text41       0064E6
__ptext42                                                  text42       006F56
__ptext43                                                  text43       006556
__ptext44                                                  text44       006DE2
__ptext45                                                  text45       0064DA
__ptext46                                                  text46       006578
__ptext47                                                  text47       006E92
__ptext48                                                  text48       0025B8
__ptext49                                                  text49       006756
__ptext5                                                   text5        00666E
__ptext50                                                  text50       0029EA
__ptext51                                                  text51       0068A4
__ptext52                                                  text52       001B6C
__ptext53                                                  text53       006714
__ptext54                                                  text54       002114
__ptext55                                                  text55       007AB2
__ptext56                                                  text56       006642
__ptext57                                                  text57       0064F2
__ptext58                                                  text58       00659C
__ptext59                                                  text59       0070FE
__ptext6                                                   text6        007BEA
__ptext60                                                  text60       0068EE
__ptext61                                                  text61       00388A
__ptext62                                                  text62       00798A
__ptext63                                                  text63       00748C
__ptext64                                                  text64       0066A2
__ptext7                                                   text7        006B82
__ptext8                                                   text8        00007A
__ptext9                                                   text9        003108
__ramtop                                                   ramtop       000600
__size_of___aodiv                                          (abs)        000000
__size_of___aomod                                          (abs)        000000
__size_of___awdiv                                          (abs)        000000
__size_of___fladd                                          (abs)        000000
__size_of___fldiv                                          (abs)        000000
__size_of___flge                                           (abs)        000000
__size_of___flmul                                          (abs)        000000
__size_of___flneg                                          (abs)        000000
__size_of___flsub                                          (abs)        000000
__size_of___fltol                                          (abs)        000000
__size_of___lodiv                                          (abs)        000000
__size_of___lomod                                          (abs)        000000
__size_of___wmul                                           (abs)        000000
__size_of___xxtofl                                         (abs)        000000
__size_of_abs                                              (abs)        000000
__size_of_atoi                                             (abs)        000000
__size_of_change_direction                                 (abs)        000000
__size_of_check_temperature                                (abs)        000000
__size_of_configure_analog_digital_conversion              (abs)        000000
__size_of_ctoa                                             (abs)        000000
__size_of_dtoa                                             (abs)        000000
__size_of_fputc                                            (abs)        000000
__size_of_fputs                                            (abs)        000000
__size_of_get_reg_value                                    (abs)        000000
__size_of_get_temperature                                  (abs)        000000
__size_of_init_PORTS                                       (abs)        000000
__size_of_init_USART                                       (abs)        000000
__size_of_init_ccp1                                        (abs)        000000
__size_of_init_interrupts                                  (abs)        000000
__size_of_init_stepper                                     (abs)        000000
__size_of_init_timer_0                                     (abs)        000000
__size_of_init_timer_2                                     (abs)        000000
__size_of_isalpha                                          (abs)        000000
__size_of_isdigit                                          (abs)        000000
__size_of_islower                                          (abs)        000000
__size_of_isspace                                          (abs)        000000
__size_of_isupper                                          (abs)        000000
__size_of_lcd_cmd                                          (abs)        000000
__size_of_lcd_dat                                          (abs)        000000
__size_of_lcd_init                                         (abs)        000000
__size_of_lcd_str                                          (abs)        000000
__size_of_lcd_wr                                           (abs)        000000
__size_of_main                                             (abs)        000000
__size_of_otoa                                             (abs)        000000
__size_of_pad                                              (abs)        000000
__size_of_putch                                            (abs)        000000
__size_of_reach_goal                                       (abs)        000000
__size_of_roundf                                           (abs)        000000
__size_of_rx_char_usart                                    (abs)        000000
__size_of_serial_tx_char                                   (abs)        000000
__size_of_snprintf                                         (abs)        000000
__size_of_state_translator_fpga_to_micro                   (abs)        000000
__size_of_state_translator_micro_to_fpga                   (abs)        000000
__size_of_stoa                                             (abs)        000000
__size_of_strlen                                           (abs)        000000
__size_of_strncmp                                          (abs)        000000
__size_of_toupper                                          (abs)        000000
__size_of_turn_on_current_coil                             (abs)        000000
__size_of_update_current_coil                              (abs)        000000
__size_of_update_pwm_duty_ccp1                             (abs)        000000
__size_of_utoa                                             (abs)        000000
__size_of_vfpfcnvrt                                        (abs)        000000
__size_of_vfprintf                                         (abs)        000000
__size_of_vsnprintf                                        (abs)        000000
__size_of_wait_for_zero                                    (abs)        000000
__size_of_xtoa                                             (abs)        000000
__smallconst                                               smallconst   000000
_abs                                                       text60       0068EE
_atoi                                                      text29       003C56
_atoi$1808                                                 cstackCOMRAM 000010
_atoi$1809                                                 cstackCOMRAM 000014
_atoi$1810                                                 cstackCOMRAM 000012
_change_direction                                          text64       0066A2
_check_temperature                                         text59       0070FE
_configure_analog_digital_conversion                       text58       00659C
_ctoa                                                      text23       006A46
_dbuf                                                      bssBANK0     000098
_dtoa                                                      text20       002DD4
_dtoa$1634                                                 cstackCOMRAM 00002E
_end_effector_homed                                        bssBANK1     0001A7
_end_effector_stepper                                      bssBANK1     0001B1
_errno                                                     bssBANK0     00008C
_flags                                                     bssBANK0     00008A
_fputc                                                     text27       0071DA
_fputs                                                     text26       00693A
_get_reg_value                                             text57       0064F2
_get_temperature                                           text2        006BF2
_hex_end_effector_values                                   dataBANK1    0001DF
_hex_joint_values                                          dataBANK1    0001E7
_init_PORTS                                                text56       006642
_init_USART                                                text49       006756
_init_ccp1                                                 text46       006578
_init_interrupts                                           text45       0064DA
_init_stepper                                              text44       006DE2
_init_timer_0                                              text43       006556
_init_timer_2                                              text42       006F56
_init_timer_2$2136                                         cstackBANK0  0000D4
_isalpha                                                   text13       00685E
_isdigit                                                   text31       006798
_islower                                                   text11       00681C
_isspace                                                   text30       0069E6
_isspace$1836                                              cstackCOMRAM 000007
_isupper                                                   text12       0067DA
_joint_homed                                               bssBANK1     0001A9
_joint_stepper                                             bssBANK1     0001BF
_lcd_cmd                                                   text40       0065C4
_lcd_dat                                                   text38       0065EE
_lcd_init                                                  text39       006CDC
_lcd_str                                                   text37       006D5A
_lcd_wr                                                    text41       0064E6
_main                                                      text0        001462
_mix_counter                                               bssBANK1     0001AB
_mix_current_step                                          bssBANK0     000096
_mix_direction                                             bssBANK0     000094
_mix_step_counter                                          bssBANK0     000092
_move_to_trash                                             bssBANK1     0001A3
_msg_sent                                                  bssBANK1     0001AF
_nout                                                      bssBANK0     000084
_otoa                                                      text19       003664
_pad                                                       text24       0072BC
_prec                                                      bssBANK0     000088
_putch                                                     text28       0064D4
_reach_goal                                                text34       006C64
_read_new_char                                             bssBANK1     0001AE
_roundf                                                    text50       0029EA
_roundf$2137                                               cstackBANK0  0000BE
_roundf$2138                                               cstackBANK0  0000B8
_rx_char_usart                                             intcode      000008
_serial_tx_char                                            text33       006516
_snprintf                                                  text5        00666E
_state                                                     bssBANK1     0001CD
_state_changed                                             bssBANK1     0001B0
_state_msgs                                                dataBANK1    0001CF
[...]
      Temps:          0       4       0       0       0       0       0
      Totals:         0      10       0       0       0       0       0
Total ram usage:       10 bytes
 Hardware stack levels used:    1
 Hardware stack levels required when called:    1
 This function calls:
		Nothing
 This function is called by:
		_init_USART
		_init_timer_2
		_update_pwm_duty_ccp1
		_get_temperature
 This function uses a non-reentrant model


 *************** function _init_PORTS *****************
 Defined at:
		line 61 in file "init_PIC.c"
 Parameters:    Size  Location     Type
		None
 Auto vars:     Size  Location     Type
		None
 Return value:  Size  Location     Type
                  1    wreg      void 
 Registers used:
		wreg, status,2
 Tracked objects:
		On entry : 
		On exit  : 
		Unchanged: 
 Data sizes:     COMRAM   BANK0   BANK1   BANK2   BANK3   BANK4   BANK5
      Params:         0       0       0       0       0       0       0
      Locals:         0       0       0       0       0       0       0
      Temps:          0       0       0       0       0       0       0
      Totals:         0       0       0       0       0       0       0
Total ram usage:        0 bytes
 Hardware stack levels used:    1
 Hardware stack levels required when called:    1
 This function calls:
		Nothing
 This function is called by:
		_main
 This function uses a non-reentrant model


 *************** function _get_reg_value *****************
 Defined at:
		line 51 in file "serial_rs232.c"
 Parameters:    Size  Location     Type
		None
 Auto vars:     Size  Location     Type
  rx_char         1    0[COMRAM] unsigned char 
 Return value:  Size  Location     Type
                  1    wreg      unsigned char 
 Registers used:
		wreg, status,2
 Tracked objects:
		On entry : 
		On exit  : 
		Unchanged: 
 Data sizes:     COMRAM   BANK0   BANK1   BANK2   BANK3   BANK4   BANK5
      Params:         0       0       0       0       0       0       0
      Locals:         1       0       0       0       0       0       0
      Temps:          0       0       0       0       0       0       0
      Totals:         1       0       0       0       0       0       0
Total ram usage:        1 bytes
 Hardware stack levels used:    1
 Hardware stack levels required when called:    1
 This function calls:
		Nothing
 This function is called by:
		_main
 This function uses a non-reentrant model


 *************** function _configure_analog_digital_conversion *****************
 Defined at:
		line 8 in file "oven.c"
 Parameters:    Size  Location     Type
		None
 Auto vars:     Size  Location     Type
		None
 Return value:  Size  Location     Type
                  1    wreg      void 
 Registers used:
		wreg, status,2
 Tracked objects:
		On entry : 
		On exit  : 
		Unchanged: 
 Data sizes:     COMRAM   BANK0   BANK1   BANK2   BANK3   BANK4   BANK5
      Params:         0       0       0       0       0       0       0
      Locals:         0       0       0       0       0       0       0
      Temps:          0       0       0       0       0       0       0
      Totals:         0       0       0       0       0       0       0
Total ram usage:        0 bytes
 Hardware stack levels used:    1
 Hardware stack levels required when called:    1
 This function calls:
		Nothing
 This function is called by:
		_main
 This function uses a non-reentrant model


 *************** function _check_temperature *****************
 Defined at:
		line 36 in file "oven.c"
 Parameters:    Size  Location     Type
  temp_to_be_c    2   30[BANK0 ] int 
 Auto vars:     Size  Location     Type
  grad            4   32[BANK0 ] float 
 Return value:  Size  Location     Type
                  2   30[BANK0 ] int 
 Registers used:
		wreg, status,2, status,0, cstack
 Tracked objects:
		On entry : 
		On exit  : 
		Unchanged: 
 Data sizes:     COMRAM   BANK0   BANK1   BANK2   BANK3   BANK4   BANK5
      Params:         0       2       0       0       0       0       0
      Locals:         0       4       0       0       0       0       0
      Temps:          0       0       0       0       0       0       0
      Totals:         0       6       0       0       0       0       0
Total ram usage:        6 bytes
 Hardware stack levels used:    1
 Hardware stack levels required when called:    2
 This function calls:
		___awdiv
		___flge
		___xxtofl
		_abs
 This function is called by:
		_main
 This function uses a non-reentrant model


 *************** function _abs *****************
 Defined at:
		line 1 in file "C:\Program Files\Microchip\xc8\v2.20\pic\sources\c99\common\abs.c"
 Parameters:    Size  Location     Type
  a               2   18[COMRAM] int 
 Auto vars:     Size  Location     Type
		None
 Return value:  Size  Location     Type
                  2   18[COMRAM] int 
 Registers used:
		wreg, status,2, status,0
 Tracked objects:
		On entry : 
		On exit  : 
		Unchanged: 
 Data sizes:     COMRAM   BANK0   BANK1   BANK2   BANK3   BANK4   BANK5
      Params:         2       0       0       0       0       0       0
      Locals:         0       0       0       0       0       0       0
      Temps:          2       0       0       0       0       0       0
      Totals:         4       0       0       0       0       0       0
Total ram usage:        4 bytes
 Hardware stack levels used:    1
 Hardware stack levels required when called:    1
 This function calls:
		Nothing
 This function is called by:
		_check_temperature
		_dtoa
 This function uses a non-reentrant model


 *************** function ___xxtofl *****************
 Defined at:
		line 10 in file "C:\Program Files\Microchip\xc8\v2.20\pic\sources\c99\common\xxtofl.c"
 Parameters:    Size  Location     Type
  sign            1    wreg     unsigned char 
  val             4   30[COMRAM] long 
 Auto vars:     Size  Location     Type
  sign            1   38[COMRAM] unsigned char 
  arg             4   40[COMRAM] unsigned long 
  exp             1   39[COMRAM] unsigned char 
 Return value:  Size  Location     Type
                  4   30[COMRAM] unsigned char 
 Registers used:
		wreg, status,2, status,0
 Tracked objects:
		On entry : 
		On exit  : 
		Unchanged: 
 Data sizes:     COMRAM   BANK0   BANK1   BANK2   BANK3   BANK4   BANK5
      Params:         4       0       0       0       0       0       0
      Locals:         6       0       0       0       0       0       0
      Temps:          4       0       0       0       0       0       0
      Totals:        14       0       0       0       0       0       0
Total ram usage:       14 bytes
 Hardware stack levels used:    1
 Hardware stack levels required when called:    1
 This function calls:
		Nothing
 This function is called by:
		_get_temperature
		_check_temperature
 This function uses a non-reentrant model


 *************** function ___flge *****************
 Defined at:
		line 4 in file "C:\Program Files\Microchip\xc8\v2.20\pic\sources\c99\common\flge.c"
 Parameters:    Size  Location     Type
  ff1             4    0[COMRAM] unsigned char 
  ff2             4    4[COMRAM] unsigned char 
 Auto vars:     Size  Location     Type
		None
 Return value:  Size  Location     Type
		None               void
 Registers used:
		wreg, status,2, status,0
 Tracked objects:
		On entry : 
		On exit  : 
		Unchanged: 
 Data sizes:     COMRAM   BANK0   BANK1   BANK2   BANK3   BANK4   BANK5
      Params:         8       0       0       0       0       0       0
      Locals:         0       0       0       0       0       0       0
      Temps:          4       0       0       0       0       0       0
      Totals:        12       0       0       0       0       0       0
Total ram usage:       12 bytes
 Hardware stack levels used:    1
 Hardware stack levels required when called:    1
 This function calls:
		Nothing
 This function is called by:
		_check_temperature
		_roundf
 This function uses a non-reentrant model


 *************** function ___awdiv *****************
 Defined at:
		line 7 in file "C:\Program Files\Microchip\xc8\v2.20\pic\sources\c99\common\awdiv.c"
 Parameters:    Size  Location     Type
  dividend        2   22[COMRAM] int 
  divisor         2   24[COMRAM] int 
 Auto vars:     Size  Location     Type
  quotient        2   28[COMRAM] int 
  sign            1   27[COMRAM] unsigned char 
  counter         1   26[COMRAM] unsigned char 
 Return value:  Size  Location     Type
                  2   22[COMRAM] int 
 Registers used:
		wreg, status,2, status,0
 Tracked objects:
		On entry : 
		On exit  : 
		Unchanged: 
 Data sizes:     COMRAM   BANK0   BANK1   BANK2   BANK3   BANK4   BANK5
      Params:         4       0       0       0       0       0       0
      Locals:         4       0       0       0       0       0       0
      Temps:          0       0       0       0       0       0       0
      Totals:         8       0       0       0       0       0       0
Total ram usage:        8 bytes
 Hardware stack levels used:    1
 Hardware stack levels required when called:    1
 This function calls:
		Nothing
 This function is called by:
		_check_temperature
 This function uses a non-reentrant model


 *************** function _change_direction *****************
 Defined at:
		line 40 in file "stepper_motor.c"
 Parameters:    Size  Location     Type
  stepper_moto    2    0[COMRAM] PTR struct .
		 -> end_effector_stepper(14), joint_stepper(14), 
 Auto vars:     Size  Location     Type
		None
 Return value:  Size  Location     Type
                  1    wreg      void 
 Registers used:
		wreg, fsr2l, fsr2h, status,2, status,0
 Tracked objects:
		On entry : 
		On exit  : 
		Unchanged: 
 Data sizes:     COMRAM   BANK0   BANK1   BANK2   BANK3   BANK4   BANK5
      Params:         2       0       0       0       0       0       0
      Locals:         0       0       0       0       0       0       0
      Temps:          2       0       0       0       0       0       0
      Totals:         4       0       0       0       0       0       0
Total ram usage:        4 bytes
 Hardware stack levels used:    1
 Hardware stack levels required when called:    1
 This function calls:
		Nothing
 This function is called by:
		_main
 This function uses a non-reentrant model


 *************** function _rx_char_usart *****************
 Defined at:
		line 197 in file "main.c"
 Parameters:    Size  Location     Type
		None
 Auto vars:     Size  Location     Type
		None
 Return value:  Size  Location     Type
                  1    wreg      void 
 Registers used:
		wreg, status,2
 Tracked objects:
		On entry : 
		On exit  : 
		Unchanged: 
 Data sizes:     COMRAM   BANK0   BANK1   BANK2   BANK3   BANK4   BANK5
      Params:         0       0       0       0       0       0       0
      Locals:         0       0       0       0       0       0       0
      Temps:          0       0       0       0       0       0       0
      Totals:         0       0       0       0       0       0       0
Total ram usage:        0 bytes
 Hardware stack levels used:    1
 This function calls:
		Nothing
 This function is called by:
		Interrupt level 2
 This function uses a non-reentrant model



MODULE INFORMATION

Module		Function		Class		Link	Load	Size
C:\Program Files\Microchip\xc8\v2.20\pic\sources\c99\common\nf_fputc.c
		_fputc         		CODE           	71DA	0000	227

C:\Program Files\Microchip\xc8\v2.20\pic\sources\c99\common\nf_fputc.c estimated size: 227

C:\Program Files\Microchip\xc8\v2.20\pic\sources\c99\common\nf_vsnprintf.c
		_vsnprintf     		CODE           	7BEA	0000	315

C:\Program Files\Microchip\xc8\v2.20\pic\sources\c99\common\nf_vsnprintf.c estimated size: 315

C:\Program Files\Microchip\xc8\v2.20\pic\sources\c99\common\isdigit.c
		_isdigit       		CODE           	6798	0000	67

C:\Program Files\Microchip\xc8\v2.20\pic\sources\c99\common\isdigit.c estimated size: 67

C:\Program Files\Microchip\xc8\v2.20\pic\sources\c99\common\sprcadd.c
		___flsub       		CODE           	68A4	0000	75
		___fladd       		CODE           	1B6C	0000	1449

C:\Program Files\Microchip\xc8\v2.20\pic\sources\c99\common\sprcadd.c estimated size: 1524

C:\Program Files\Microchip\xc8\v2.20\pic\sources\c99\common\doprnt.c
		_vfpfcnvrt     		CODE           	007A	0000	5097
		_pad           		CODE           	72BC	0000	231
		_ctoa          		CODE           	6A46	0000	103
		_dtoa          		CODE           	2DD4	0000	821
		_vfprintf      		CODE           	6B82	0000	113
		_otoa          		CODE           	3664	0000	551
		_stoa          		CODE           	3A82	0000	469
		_utoa          		CODE           	3438	0000	557
		_xtoa          		CODE           	3108	0000	817

C:\Program Files\Microchip\xc8\v2.20\pic\sources\c99\common\doprnt.c estimated size: 8759

C:\Program Files\Microchip\xc8\v2.20\pic\sources\c99\common\flneg.c
		___flneg       		CODE           	6714	0000	67

C:\Program Files\Microchip\xc8\v2.20\pic\sources\c99\common\flneg.c estimated size: 67

timer.c
		_init_ccp1     		CODE           	6578	0000	37
		_init_timer_0  		CODE           	6556	0000	35
		_init_timer_2  		CODE           	6F56	0000	207
		_update_pwm_duty_ccp1		CODE           	6E92	0000	197

timer.c estimated size: 476

C:\Program Files\Microchip\xc8\v2.20\pic\sources\c99\common\Umul16.c
		___wmul        		CODE           	6618	0000	43

C:\Program Files\Microchip\xc8\v2.20\pic\sources\c99\common\Umul16.c estimated size: 43

C:\Program Files\Microchip\xc8\v2.20\pic\sources\c99\common\lomod.c
		___lomod       		CODE           	73A2	0000	235

C:\Program Files\Microchip\xc8\v2.20\pic\sources\c99\common\lomod.c estimated size: 235

C:\Program Files\Microchip\xc8\v2.20\pic\sources\c99\common\aomod.c
		___aomod       		CODE           	7D24	0000	401

C:\Program Files\Microchip\xc8\v2.20\pic\sources\c99\common\aomod.c estimated size: 401

C:\Program Files\Microchip\xc8\v2.20\pic\sources\c99\common\flge.c
		___flge        		CODE           	798A	0000	297

C:\Program Files\Microchip\xc8\v2.20\pic\sources\c99\common\flge.c estimated size: 297

C:\Program Files\Microchip\xc8\v2.20\pic\sources\c99\common\islower.c
		_islower       		CODE           	681C	0000	67

C:\Program Files\Microchip\xc8\v2.20\pic\sources\c99\common\islower.c estimated size: 67

oven.c
		_check_temperature		CODE           	70FE	0000	221
		_get_temperature		CODE           	6BF2	0000	115
		_configure_analog_digital_conversion		CODE           	659C	0000	41
		_wait_for_zero 		CODE           	3FD8	0000	41

oven.c estimated size: 418

C:\Program Files\Microchip\xc8\v2.20\pic\sources\c99\common\putch.c
		_putch         		CODE           	64D4	0000	7

C:\Program Files\Microchip\xc8\v2.20\pic\sources\c99\common\putch.c estimated size: 7

C:\Program Files\Microchip\xc8\v2.20\pic\sources\c99\common\nf_fputs.c
		_fputs         		CODE           	693A	0000	81

C:\Program Files\Microchip\xc8\v2.20\pic\sources\c99\common\nf_fputs.c estimated size: 81

C:\Program Files\Microchip\xc8\v2.20\pic\sources\c99\common\isupper.c
		_isupper       		CODE           	67DA	0000	67

C:\Program Files\Microchip\xc8\v2.20\pic\sources\c99\common\isupper.c estimated size: 67

C:\Program Files\Microchip\xc8\v2.20\pic\sources\c99\common\toupper.c
		_toupper       		CODE           	6B12	0000	113

C:\Program Files\Microchip\xc8\v2.20\pic\sources\c99\common\toupper.c estimated size: 113

shared
		_fosc          		MEDIUMCONST    	0000	0000	0
		_t_osc         		MEDIUMCONST    	0000	0000	0
		__initialization		CODE           	6AAC	0000	89
		_desired_baudrate		MEDIUMCONST    	0000	0000	0
		_toint         		MEDIUMCONST    	0000	0000	0
		_f_osc         		MEDIUMCONST    	0000	0000	0

shared estimated size: 89

serial_rs232.c
		_init_USART    		CODE           	6756	0000	67
		_get_reg_value 		CODE           	64F2	0000	17
		_serial_tx_char		CODE           	6516	0000	33

serial_rs232.c estimated size: 117

C:\Program Files\Microchip\xc8\v2.20\pic\sources\c99\common\isspace.c
		_isspace       		CODE           	69E6	0000	97

C:\Program Files\Microchip\xc8\v2.20\pic\sources\c99\common\isspace.c estimated size: 97

C:\Program Files\Microchip\xc8\v2.20\pic\sources\c99\common\lodiv.c
		___lodiv       		CODE           	7880	0000	267

C:\Program Files\Microchip\xc8\v2.20\pic\sources\c99\common\lodiv.c estimated size: 267

C:\Program Files\Microchip\xc8\v2.20\pic\sources\c99\common\aodiv.c
		___aodiv       		CODE           	3E24	0000	437

C:\Program Files\Microchip\xc8\v2.20\pic\sources\c99\common\aodiv.c estimated size: 437

utils.c
		_state_translator_fpga_to_micro		CODE           	757C	0000	253
		_state_translator_micro_to_fpga		CODE           	7678	0000	257

utils.c estimated size: 510

C:\Program Files\Microchip\xc8\v2.20\pic\sources\c99\common\abs.c
		_abs           		CODE           	68EE	0000	77

C:\Program Files\Microchip\xc8\v2.20\pic\sources\c99\common\abs.c estimated size: 77

C:\Program Files\Microchip\xc8\v2.20\pic\sources\c99\common\strlen.c
		_strlen        		CODE           	698A	0000	93

C:\Program Files\Microchip\xc8\v2.20\pic\sources\c99\common\strlen.c estimated size: 93

C:\Program Files\Microchip\xc8\v2.20\pic\sources\c99\common\strncmp.c
		_strncmp       		CODE           	7778	0000	265

C:\Program Files\Microchip\xc8\v2.20\pic\sources\c99\common\strncmp.c estimated size: 265

C:\Program Files\Microchip\xc8\v2.20\pic\sources\c99\common\sprcmul.c
		___flmul       		CODE           	2114	0000	1189

C:\Program Files\Microchip\xc8\v2.20\pic\sources\c99\common\sprcmul.c estimated size: 1189

stepper_motor.c
		_reach_goal    		CODE           	6C64	0000	121
		_update_current_coil		CODE           	7024	0000	219
		_turn_on_current_coil		CODE           	66D8	0000	61
		_init_stepper  		CODE           	6DE2	0000	177
		_change_direction		CODE           	66A2	0000	55

stepper_motor.c estimated size: 633

lcd.c
		_lcd_cmd       		CODE           	65C4	0000	43
		_lcd_dat       		CODE           	65EE	0000	43
		_lcd_wr        		CODE           	64E6	0000	13
		_lcd_str       		CODE           	6D5A	0000	137
		_lcd_init      		CODE           	6CDC	0000	127

lcd.c estimated size: 363

C:\Program Files\Microchip\xc8\v2.20\pic\sources\c99\common\roundf.c
		_roundf        		CODE           	29EA	0000	1003

C:\Program Files\Microchip\xc8\v2.20\pic\sources\c99\common\roundf.c estimated size: 1003

init_PIC.c
		_init_PORTS    		CODE           	6642	0000	45
		_init_interrupts		CODE           	64DA	0000	13

init_PIC.c estimated size: 58

C:\Program Files\Microchip\xc8\v2.20\pic\sources\c99\common\sprcdiv.c
		___fldiv       		CODE           	25B8	0000	1075

C:\Program Files\Microchip\xc8\v2.20\pic\sources\c99\common\sprcdiv.c estimated size: 1075

C:\Program Files\Microchip\xc8\v2.20\pic\sources\c99\common\awdiv.c
		___awdiv       		CODE           	748C	0000	241

C:\Program Files\Microchip\xc8\v2.20\pic\sources\c99\common\awdiv.c estimated size: 241

C:\Program Files\Microchip\xc8\v2.20\pic\sources\c99\common\atoi.c
		_atoi          		CODE           	3C56	0000	463

C:\Program Files\Microchip\xc8\v2.20\pic\sources\c99\common\atoi.c estimated size: 463

C:\Program Files\Microchip\xc8\v2.20\pic\sources\c99\common\isalpha.c
		_isalpha       		CODE           	685E	0000	71

C:\Program Files\Microchip\xc8\v2.20\pic\sources\c99\common\isalpha.c estimated size: 71

C:\Program Files\Microchip\xc8\v2.20\pic\sources\c99\common\fltol.c
		___fltol       		CODE           	7AB2	0000	313

C:\Program Files\Microchip\xc8\v2.20\pic\sources\c99\common\fltol.c estimated size: 313

main.c
		_main          		CODE           	1462	0000	1803
		_rx_char_usart 		CODE           	0008	0000	111

main.c estimated size: 1914

C:\Program Files\Microchip\xc8\v2.20\pic\sources\c99\common\snprintf.c
		_snprintf      		CODE           	666E	0000	53

C:\Program Files\Microchip\xc8\v2.20\pic\sources\c99\common\snprintf.c estimated size: 53

C:\Program Files\Microchip\xc8\v2.20\pic\sources\c99\common\xxtofl.c
		___xxtofl      		CODE           	388A	0000	505

C:\Program Files\Microchip\xc8\v2.20\pic\sources\c99\common\xxtofl.c estimated size: 505

