Microchip MPLAB XC8 Compiler V2.20

Linker command line:

-W-3 --edf=C:\Program Files\Microchip\xc8\v2.20\pic\dat\en_msgs.txt -cn \
  -h+dist/default/production\mplabx.X.production.sym \
  --cmf=dist/default/production\mplabx.X.production.cmf -z -Q18F452 \
  -oC:\Users\davol\AppData\Local\Temp\sd34.2 --defsym=__MPLAB_BUILD=1 \
  -Mdist/default/production/mplabx.X.production.map -E1 -ver=XC8 Compiler \
  --acfsm=1493 -ASTACK=080h-05FFh -pstack=STACK -ACODE=00h-03FFFhx2 \
  -ACONST=00h-07FFFh -ASMALLCONST=0600h-06FFhx122 \
  -AMEDIUMCONST=0600h-07FFFh -ACOMRAM=01h-07Fh -AABS1=00h-05FFh \
  -ABIGRAM=01h-05FFh -ARAM=080h-0FFh,0100h-01FFhx5 -ABANK0=080h-0FFh \
  -ABANK1=0100h-01FFh -ABANK2=0200h-02FFh -ABANK3=0300h-03FFh \
  -ABANK4=0400h-04FFh -ABANK5=0500h-05FFh -ASFR=0F80h-0FFFh \
  -ACONFIG=0300000h-030000Dh -AIDLOC=0200000h-0200007h \
  -preset_vec=00h,intcode=08h,intcodelo,powerup,init -pramtop=0600h \
  -psmallconst=SMALLCONST -pmediumconst=MEDIUMCONST -pconst=CONST \
  -AFARRAM=00h-00h -AEEDATA=0F00000h-0F000FFh -peeprom_data=EEDATA \
  -prdata=COMRAM,nvrram=COMRAM,nvbit=COMRAM,rbss=COMRAM,rbit=COMRAM \
  -pfarbss=FARRAM,fardata=FARRAM,nvFARRAM=FARRAM \
  -pintsave_regs=BIGRAM,bigbss=BIGRAM,bigdata=BIGRAM -pbss=RAM \
  -pidata=CODE,irdata=CODE,ibigdata=CODE,ifardata=CODE -prparam=COMRAM \
  C:\Users\davol\AppData\Local\Temp\sd34.o \
  dist/default/production\mplabx.X.production.o 

Object code version is 3.11

Machine type is 18F452



                Name                               Link     Load   Length Selector   Space Scale
C:\Users\davol\AppData\Local\Temp\sd34.o
                idloc                            200000   200000        8        0       5
                config                           300000   300000        E        0       4
                text                               1A68     1A68        2      312       0
                init                                 3E       3E        4        4       0
                reset_vec                             0        0        6        0       0
dist/default/production\mplabx.X.production.o
                intcode                               8        8       36        4       0
                idloc                            200000   200000        8        0       5
                config                           300000   300000        E        0       4
                temp                                 4B       4B        1        1       1
                smallconst                          600      600       24      300       0
                text17                             1A2E     1A2E       1E      312       0
                text16                             1456     1456      136      312       0
                text15                             158C     158C      128      312       0
                text14                              BCC      BCC      4A4      312       0
                text13                             18DC     18DC       42      312       0
                text12                              624      624      5A8      312       0
                text11                             1892     1892       4A      312       0
                text10                             1070     1070      3E6      312       0
                text9                              191E     191E       40      312       0
                text8                              1A58     1A58        C      312       0
                text7                              1A4C     1A4C        C      312       0
                text6                              19D4     19D4       3A      312       0
                text5                              174E     174E       7E      312       0
                text4                              199A     199A       3A      312       0
                text3                              1832     1832       60      312       0
                text2                              1A0E     1A0E       20      312       0
                text1                              17CC     17CC       66      312       0
                text0                              16B4     16B4       9A      312       0
                cstackCOMRAM                          1        1       41        1       1
                dataCOMRAM                           47       47        4        1       1
                bssCOMRAM                            42       42        5        1       1
                cinit                              195E     195E       3C      312       0
                idataCOMRAM                        1A64     1A64        4      312       0

TOTAL           Name                               Link     Load   Length     Space
        CLASS   STACK          

        CLASS   CODE           
                intcode                               8        8       36         0
                text                               1A68     1A68        2         0
                init                                 3E       3E        4         0
                reset_vec                             0        0        6         0
                text17                             1A2E     1A2E       1E         0
                text16                             1456     1456      136         0
                text15                             158C     158C      128         0
                text14                              BCC      BCC      4A4         0
                text13                             18DC     18DC       42         0
                text12                              624      624      5A8         0
                text11                             1892     1892       4A         0
                text10                             1070     1070      3E6         0
                text9                              191E     191E       40         0
                text8                              1A58     1A58        C         0
                text7                              1A4C     1A4C        C         0
                text6                              19D4     19D4       3A         0
                text5                              174E     174E       7E         0
                text4                              199A     199A       3A         0
                text3                              1832     1832       60         0
                text2                              1A0E     1A0E       20         0
                text1                              17CC     17CC       66         0
                text0                              16B4     16B4       9A         0
                cinit                              195E     195E       3C         0
                idataCOMRAM                        1A64     1A64        4         0

        CLASS   CONST          

        CLASS   SMALLCONST     
                smallconst                          600      600       24         0

        CLASS   MEDIUMCONST    

        CLASS   COMRAM         
                temp                                 4B       4B        1         1
                cstackCOMRAM                          1        1       41         1
                dataCOMRAM                           47       47        4         1
                bssCOMRAM                            42       42        5         1

        CLASS   ABS1           

        CLASS   BIGRAM         

        CLASS   RAM            

        CLASS   BANK0          

        CLASS   BANK1          

        CLASS   BANK2          

        CLASS   BANK3          

        CLASS   BANK4          

        CLASS   BANK5          

        CLASS   SFR            

        CLASS   CONFIG         
                config                           300000   300000        E         4

        CLASS   IDLOC          
                idloc                            200000   200000        8         5

        CLASS   FARRAM         

        CLASS   EEDATA         



SEGMENTS        Name                           Load    Length   Top    Selector   Space  Class

                reset_vec                      000000  000006  000006         0       0  CODE    
                cstackCOMRAM                   000001  00004B  00004C         1       1  COMRAM  
                intcode                        000008  00003A  000042         4       0  CODE    
                smallconst                     000600  000024  000624       300       0  SMALLCON
                text12                         000624  001446  001A6A       312       0  CODE    


UNUSED ADDRESS RANGES

        Name                Unused          Largest block    Delta
        BANK0            000080-0000FF               80
        BANK1            000100-0001FF              100
        BANK2            000200-0002FF              100
        BANK3            000300-0003FF              100
        BANK4            000400-0004FF              100
        BANK5            000500-0005FF              100
        BIGRAM           00004C-0005FF              5B4
        CODE             000006-000007                2
                         000042-0005FF              5BE
                         001A6A-007FFF             2596
        COMRAM           00004C-00007F               34
        CONST            000006-000007                2
                         000042-0005FF              5BE
                         001A6A-007FFF             6596
        EEDATA           F00000-F000FF              100
        MEDIUMCONST      001A6A-007FFF             6596
        RAM              000080-0005FF              100
        SFR              000F80-000FFF               80
        SMALLCONST       001A6A-007FFF              100
        STACK            000080-0005FF              580

                                  Symbol Table

?___fladd                                                    cstackCOMRAM 000001
?___flmul                                                    cstackCOMRAM 000001
?___flneg                                                    cstackCOMRAM 000001
?___flsub                                                    cstackCOMRAM 000011
?___fltol                                                    cstackCOMRAM 000034
?_roundf                                                     cstackCOMRAM 00001A
_INTCONbits                                                  (abs)        000FF2
_LATB                                                        (abs)        000F8A
_LATBbits                                                    (abs)        000F8A
_LATC                                                        (abs)        000F8B
_PIE1bits                                                    (abs)        000F9D
_PIR1bits                                                    (abs)        000F9E
_PORTB                                                       (abs)        000F81
_PORTC                                                       (abs)        000F82
_PORTD                                                       (abs)        000F83
_PORTEbits                                                   (abs)        000F84
_RCREG                                                       (abs)        000FAE
_RCSTAbits                                                   (abs)        000FAB
_SPBRG                                                       (abs)        000FAF
_TRISB                                                       (abs)        000F93
_TRISCbits                                                   (abs)        000F94
_TXREG                                                       (abs)        000FAD
_TXSTAbits                                                   (abs)        000FAC
__HRAM                                                       (abs)        000000
__Habs1                                                      abs1         000000
__Hbank0                                                     bank0        000000
__Hbank1                                                     bank1        000000
__Hbank2                                                     bank2        000000
__Hbank3                                                     bank3        000000
__Hbank4                                                     bank4        000000
__Hbank5                                                     bank5        000000
__Hbigbss                                                    bigbss       000000
__Hbigdata                                                   bigdata      000000
__Hbigram                                                    bigram       000000
__Hbss                                                       bss          000000
__HbssCOMRAM                                                 bssCOMRAM    000000
__Hcinit                                                     cinit        000000
__Hclrtext                                                   clrtext      000000
__Hcomram                                                    comram       000000
__Hconfig                                                    config       30000E
__Hconst                                                     const        000000
__HcstackCOMRAM                                              cstackCOMRAM 000000
__Hdata                                                      data         000000
__HdataCOMRAM                                                dataCOMRAM   000000
__Heeprom_data                                               eeprom_data  000000
__Hfarbss                                                    farbss       000000
__Hfardata                                                   fardata      000000
__Hibigdata                                                  ibigdata     000000
__Hidata                                                     idata        000000
__HidataCOMRAM                                               idataCOMRAM  000000
__Hidloc                                                     idloc        200008
__Hifardata                                                  ifardata     000000
__Hinit                                                      init         000042
__Hintcode                                                   intcode      00003E
__Hintcode_body                                              intcode_body 000000
__Hintcodelo                                                 intcodelo    00003E
__Hintentry                                                  intentry     000000
__Hintret                                                    intret       000000
__Hintsave_regs                                              intsave_regs 000000
__Hirdata                                                    irdata       000000
__Hmediumconst                                               mediumconst  000000
__HnvFARRAM                                                  nvFARRAM     000000
__Hnvbit                                                     nvbit        000000
__Hnvrram                                                    nvrram       000000
__Hparam                                                     rparam       000000
__Hpowerup                                                   powerup      00003E
__Hram                                                       ram          000000
__Hramtop                                                    ramtop       000600
__Hrbit                                                      rbit         000000
__Hrbss                                                      rbss         000000
__Hrdata                                                     rdata        000000
__Hreset_vec                                                 reset_vec    000006
__Hrparam                                                    rparam       000000
__Hsfr                                                       sfr          000000
__Hsmallconst                                                smallconst   000624
__Hspace_0                                                   (abs)        001A6A
__Hspace_1                                                   (abs)        00004C
__Hspace_2                                                   (abs)        000000
__Hspace_4                                                   (abs)        60000E
__Hstack                                                     stack        000000
__Hstruct                                                    struct       000000
__Htemp                                                      temp         00004C
__Htext                                                      text         000000
__Htext0                                                     text0        000000
__Htext1                                                     text1        000000
__Htext10                                                    text10       000000
__Htext11                                                    text11       000000
__Htext12                                                    text12       000000
__Htext13                                                    text13       000000
__Htext14                                                    text14       000000
__Htext15                                                    text15       000000
__Htext16                                                    text16       000000
__Htext17                                                    text17       000000
__Htext2                                                     text2        000000
__Htext3                                                     text3        000000
__Htext4                                                     text4        000000
__Htext5                                                     text5        000000
__Htext6                                                     text6        000000
__Htext7                                                     text7        000000
__Htext8                                                     text8        000000
__Htext9                                                     text9        000000
__LRAM                                                       (abs)        000001
__Labs1                                                      abs1         000000
__Lbank0                                                     bank0        000000
__Lbank1                                                     bank1        000000
__Lbank2                                                     bank2        000000
__Lbank3                                                     bank3        000000
__Lbank4                                                     bank4        000000
__Lbank5                                                     bank5        000000
__Lbigbss                                                    bigbss       000000
__Lbigdata                                                   bigdata      000000
__Lbigram                                                    bigram       000000
__Lbss                                                       bss          000000
__LbssCOMRAM                                                 bssCOMRAM    000000
__Lcinit                                                     cinit        000000
__Lclrtext                                                   clrtext      000000
__Lcomram                                                    comram       000000
__Lconfig                                                    config       000000
__Lconst                                                     const        000000
__LcstackCOMRAM                                              cstackCOMRAM 000000
__Ldata                                                      data         000000
__LdataCOMRAM                                                dataCOMRAM   000000
__Leeprom_data                                               eeprom_data  000000
__Lfarbss                                                    farbss       000000
__Lfardata                                                   fardata      000000
__Libigdata                                                  ibigdata     000000
__Lidata                                                     idata        000000
__LidataCOMRAM                                               idataCOMRAM  000000
__Lidloc                                                     idloc        000000
__Lifardata                                                  ifardata     000000
__Linit                                                      init         00003E
__Lintcode                                                   intcode      000008
__Lintcode_body                                              intcode_body 000000
__Lintcodelo                                                 intcodelo    00003E
__Lintentry                                                  intentry     000000
__Lintret                                                    intret       000000
__Lintsave_regs                                              intsave_regs 000000
__Lirdata                                                    irdata       000000
__Lmediumconst                                               mediumconst  000000
__LnvFARRAM                                                  nvFARRAM     000000
__Lnvbit                                                     nvbit        000000
__Lnvrram                                                    nvrram       000000
__Lparam                                                     rparam       000000
__Lpowerup                                                   powerup      00003E
__Lram                                                       ram          000000
__Lramtop                                                    ramtop       000600
__Lrbit                                                      rbit         000000
__Lrbss                                                      rbss         000000
__Lrdata                                                     rdata        000000
__Lreset_vec                                                 reset_vec    000000
__Lrparam                                                    rparam       000000
__Lsfr                                                       sfr          000000
__Lsmallconst                                                smallconst   000600
__Lspace_0                                                   (abs)        000000
__Lspace_1                                                   (abs)        000000
__Lspace_2                                                   (abs)        000000
__Lspace_4                                                   (abs)        000000
__Lstack                                                     stack        000000
__Lstruct                                                    struct       000000
__Ltemp                                                      temp         00004B
__Ltext                                                      text         000000
__Ltext0                                                     text0        000000
__Ltext1                                                     text1        000000
__Ltext10                                                    text10       000000
__Ltext11                                                    text11       000000
__Ltext12                                                    text12       000000
__Ltext13                                                    text13       000000
__Ltext14                                                    text14       000000
__Ltext15                                                    text15       000000
__Ltext16                                                    text16       000000
__Ltext17                                                    text17       000000
__Ltext2                                                     text2        000000
__Ltext3                                                     text3        000000
__Ltext4                                                     text4        000000
__Ltext5                                                     text5        000000
__Ltext6                                                     text6        000000
__Ltext7                                                     text7        000000
__Ltext8                                                     text8        000000
__Ltext9                                                     text9        000000
__S0                                                         (abs)        001A6A
__S1                                                         (abs)        00004C
__S2                                                         (abs)        000000
__S4                                                         (abs)        000000
__S5                                                         (abs)        000000
___fladd                                                     text12       000624
___fladd@a                                                   cstackCOMRAM 000005
___fladd@aexp                                                cstackCOMRAM 00000E
___fladd@b                                                   cstackCOMRAM 000001
___fladd@bexp                                                cstackCOMRAM 00000F
___fladd@grs                                                 cstackCOMRAM 000010
___fladd@signs                                               cstackCOMRAM 00000D
___flge                                                      text15       00158C
___flge@ff1                                                  cstackCOMRAM 000001
___flge@ff2                                                  cstackCOMRAM 000005
___flmul                                                     text14       000BCC
___flmul@a                                                   cstackCOMRAM 000005
___flmul@aexp                                                cstackCOMRAM 000012
___flmul@b                                                   cstackCOMRAM 000001
___flmul@bexp                                                cstackCOMRAM 000013
___flmul@grs                                                 cstackCOMRAM 00000E
___flmul@prod                                                cstackCOMRAM 000014
___flmul@sign                                                cstackCOMRAM 00000D
___flmul@temp                                                cstackCOMRAM 000018
___flneg                                                     text13       0018DC
___flneg@f1                                                  cstackCOMRAM 000001
___flsub                                                     text11       001892
___flsub@a                                                   cstackCOMRAM 000015
___flsub@b                                                   cstackCOMRAM 000011
___fltol                                                     text16       001456
___fltol@exp1                                                cstackCOMRAM 00003D
___fltol@f1                                                  cstackCOMRAM 000034
___fltol@sign1                                               cstackCOMRAM 00003C
___inthi_sp                                                  stack        000000
___intlo_sp                                                  stack        000000
___param_bank                                                (abs)        000000
___rparam_used                                               (abs)        000001
___sp                                                        stack        000000
__accesstop                                                  (abs)        000080
__activetblptr                                               (abs)        000001
__cntErrataNOP_C:\Users\davol\AppData\Local\Temp\sd34.o      (abs)        000001
__cntErrataNOP_dist/default/production\mplabx.X.production.o (abs)        000126
__end_of___fladd                                             text12       000BCC
__end_of___flge                                              text15       0016B4
__end_of___flmul                                             text14       001070
__end_of___flneg                                             text13       00191E
__end_of___flsub                                             text11       0018DC
__end_of___fltol                                             text16       00158C
__end_of__initialization                                     cinit        001988
__end_of_desired_baudrate                                    smallconst   000609
__end_of_fosc                                                smallconst   00060D
__end_of_init_PORTS                                          text17       001A4C
__end_of_init_USART                                          text9        00195E
__end_of_init_interrupts                                     text8        001A64
__end_of_lcd_cmd                                             text6        001A0E
__end_of_lcd_dat                                             text4        0019D4
__end_of_lcd_init                                            text5        0017CC
__end_of_lcd_str                                             text3        001892
__end_of_lcd_wr                                              text7        001A58
__end_of_main                                                text0        00174E
__end_of_roundf                                              text10       001456
__end_of_rx_char_usart                                       intcode      00003E
__end_of_serial_tx_char                                      text2        001A2E
__end_of_serial_tx_string                                    text1        001832
__end_of_toint                                               smallconst   000605
__initialization                                             cinit        00195E
__mediumconst                                                mediumconst  000000
__pbssCOMRAM                                                 bssCOMRAM    000042
__pcinit                                                     cinit        00195E
__pcstackCOMRAM                                              cstackCOMRAM 000001
__pdataCOMRAM                                                dataCOMRAM   000047
__pidataCOMRAM                                               idataCOMRAM  001A64
__pintcode                                                   intcode      000008
__psmallconst                                                smallconst   000600
__ptext0                                                     text0        0016B4
__ptext1                                                     text1        0017CC
__ptext10                                                    text10       001070
__ptext11                                                    text11       001892
__ptext12                                                    text12       000624
__ptext13                                                    text13       0018DC
__ptext14                                                    text14       000BCC
__ptext15                                                    text15       00158C
__ptext16                                                    text16       001456
__ptext17                                                    text17       001A2E
__ptext2                                                     text2        001A0E
__ptext3                                                     text3        001832
__ptext4                                                     text4        00199A
__ptext5                                                     text5        00174E
__ptext6                                                     text6        0019D4
__ptext7                                                     text7        001A4C
__ptext8                                                     text8        001A58
__ptext9                                                     text9        00191E
__ramtop                                                     ramtop       000600
__size_of___fladd                                            (abs)        000000
__size_of___flge                                             (abs)        000000
__size_of___flmul                                            (abs)        000000
__size_of___flneg                                            (abs)        000000
__size_of___flsub                                            (abs)        000000
__size_of___fltol                                            (abs)        000000
__size_of_init_PORTS                                         (abs)        000000
__size_of_init_USART                                         (abs)        000000
__size_of_init_interrupts                                    (abs)        000000
__size_of_lcd_cmd                                            (abs)        000000
__size_of_lcd_dat                                            (abs)        000000
__size_of_lcd_init                                           (abs)        000000
__size_of_lcd_str                                            (abs)        000000
__size_of_lcd_wr                                             (abs)        000000
__size_of_main                                               (abs)        000000
__size_of_roundf                                             (abs)        000000
__size_of_rx_char_usart                                      (abs)        000000
__size_of_serial_tx_char                                     (abs)        000000
__size_of_serial_tx_string                                   (abs)        000000
__smallconst                                                 smallconst   000600
_init_PORTS                                                  text17       001A2E
_init_USART                                                  text9        00191E
_init_interrupts                                             text8        001A58
_lcd_cmd                                                     text6        0019D4
_lcd_dat                                                     text4        00199A
_lcd_init                                                    text5        00174E
_lcd_str                                                     text3        001832
_lcd_wr                                                      text7        001A4C
_main                                                        text0        0016B4
_new_char_rx                                                 bssCOMRAM    000046
_roundf                                                      text10       001070
_roundf$1226                                                 cstackCOMRAM 000028
_roundf$1227                                                 cstackCOMRAM 000022
_rx_char_usart                                               intcode      000008
_serial_tx_char                                              text2        001A0E
_serial_tx_string                                            text1        0017CC
btemp                                                        temp         00004B
end_of_initialization                                        cinit        001988
int$flags                                                    temp         00004B
intlevel0                                                    text         001A68
intlevel1                                                    text         001A68
intlevel2                                                    text         001A68
intlevel3                                                    text         001A68
lcd_cmd@val                                                  cstackCOMRAM 000003
lcd_dat@val                                                  cstackCOMRAM 000003
lcd_str@i                                                    cstackCOMRAM 000008
lcd_str@str                                                  cstackCOMRAM 000004
lcd_wr@val                                                   cstackCOMRAM 000001
main@greet_str                                               cstackCOMRAM 00003F
main@rx_char                                                 cstackCOMRAM 000041
roundf@F525                                                  bssCOMRAM    000042
roundf@e                                                     cstackCOMRAM 000026
roundf@u                                                     cstackCOMRAM 00002C
roundf@x                                                     cstackCOMRAM 00001A
roundf@y                                                     cstackCOMRAM 000030
serial_tx_char@val                                           cstackCOMRAM 000001
serial_tx_string@i                                           cstackCOMRAM 000006
serial_tx_string@val                                         cstackCOMRAM 000002
stackhi                                                      (abs)        0005FF
stacklo                                                      (abs)        000080
start                                                        init         00003E
start_initialization                                         cinit        00195E
ttemp5                                                       temp         00004C
ttemp6                                                       temp         00004F
ttemp7                                                       temp         000053
wtemp8                                                       temp         00004C


FUNCTION INFORMATION:

 *************** function _main *****************
 Defined at:
		line 24 in file "main.c"
 Parameters:    Size  Location     Type
		None
 Auto vars:     Size  Location     Type
  greet_str       2   62[COMRAM] PTR const unsigned char 
		 -> STR_1(21), 
  rx_char         1   64[COMRAM] unsigned char 
 Return value:  Size  Location     Type
                  1    wreg      void 
 Registers used:
		wreg, status,2, status,0, tblptrl, tblptrh, tblptru, prodl, prodh, cstack
 Tracked objects:
		On entry : 
		On exit  : 
		Unchanged: 
 Data sizes:     COMRAM   BANK0   BANK1   BANK2   BANK3   BANK4   BANK5
      Params:         0       0       0       0       0       0       0
      Locals:         3       0       0       0       0       0       0
      Temps:          1       0       0       0       0       0       0
      Totals:         4       0       0       0       0       0       0
Total ram usage:        4 bytes
 Hardware stack levels required when called:    5
 This function calls:
		_init_PORTS
		_init_USART
		_init_interrupts
		_lcd_cmd
		_lcd_init
		_lcd_str
		_serial_tx_char
		_serial_tx_string
 This function is called by:
		Startup code after reset
 This function uses a non-reentrant model


 *************** function _serial_tx_string *****************
 Defined at:
		line 45 in file "serial_rs232.c"
 Parameters:    Size  Location     Type
  val             2    1[COMRAM] PTR const unsigned char 
		 -> STR_1(21), 
 Auto vars:     Size  Location     Type
  i               2    5[COMRAM] int 
 Return value:  Size  Location     Type
                  1    wreg      void 
 Registers used:
		wreg, status,2, status,0, tblptrl, tblptrh, tblptru, cstack
 Tracked objects:
		On entry : 
		On exit  : 
		Unchanged: 
 Data sizes:     COMRAM   BANK0   BANK1   BANK2   BANK3   BANK4   BANK5
      Params:         2       0       0       0       0       0       0
      Locals:         2       0       0       0       0       0       0
      Temps:          2       0       0       0       0       0       0
      Totals:         6       0       0       0       0       0       0
Total ram usage:        6 bytes
 Hardware stack levels used:    1
 Hardware stack levels required when called:    2
 This function calls:
		_serial_tx_char
 This function is called by:
		_main
 This function uses a non-reentrant model


 *************** function _serial_tx_char *****************
 Defined at:
		line 39 in file "serial_rs232.c"
 Parameters:    Size  Location     Type
  val             1    wreg     unsigned char 
 Auto vars:     Size  Location     Type
  val             1    0[COMRAM] unsigned char 
 Return value:  Size  Location     Type
                  1    wreg      void 
 Registers used:
		wreg
 Tracked objects:
		On entry : 
		On exit  : 
		Unchanged: 
 Data sizes:     COMRAM   BANK0   BANK1   BANK2   BANK3   BANK4   BANK5
      Params:         0       0       0       0       0       0       0
      Locals:         1       0       0       0       0       0       0
      Temps:          0       0       0       0       0       0       0
      Totals:         1       0       0       0       0       0       0
Total ram usage:        1 bytes
 Hardware stack levels used:    1
 Hardware stack levels required when called:    1
 This function calls:
		Nothing
 This function is called by:
		_serial_tx_string
		_main
 This function uses a non-reentrant model


 *************** function _lcd_str *****************
 Defined at:
		line 62 in file "lcd.c"
 Parameters:    Size  Location     Type
  str             2    3[COMRAM] PTR const unsigned char 
		 -> STR_1(21), 
 Auto vars:     Size  Location     Type
  i               1    7[COMRAM] unsigned char 
 Return value:  Size  Location     Type
                  1    wreg      void 
 Registers used:
		wreg, status,2, status,0, tblptrl, tblptrh, tblptru, cstack
 Tracked objects:
		On entry : 
		On exit  : 
		Unchanged: 
 Data sizes:     COMRAM   BANK0   BANK1   BANK2   BANK3   BANK4   BANK5
      Params:         2       0       0       0       0       0       0
      Locals:         1       0       0       0       0       0       0
      Temps:          2       0       0       0       0       0       0
      Totals:         5       0       0       0       0       0       0
Total ram usage:        5 bytes
 Hardware stack levels used:    1
 Hardware stack levels required when called:    3
 This function calls:
		_lcd_dat
 This function is called by:
		_main
 This function uses a non-reentrant model


 *************** function _lcd_dat *****************
 Defined at:
		line 21 in file "lcd.c"
 Parameters:    Size  Location     Type
  val             1    wreg     unsigned char 
 Auto vars:     Size  Location     Type
  val             1    2[COMRAM] unsigned char 
 Return value:  Size  Location     Type
                  1    wreg      void 
 Registers used:
		wreg, status,2, cstack
 Tracked objects:
		On entry : 
		On exit  : 
		Unchanged: 
 Data sizes:     COMRAM   BANK0   BANK1   BANK2   BANK3   BANK4   BANK5
      Params:         0       0       0       0       0       0       0
      Locals:         1       0       0       0       0       0       0
      Temps:          1       0       0       0       0       0       0
      Totals:         2       0       0       0       0       0       0
Total ram usage:        2 bytes
 Hardware stack levels used:    1
 Hardware stack levels required when called:    2
 This function calls:
		_lcd_wr
 This function is called by:
		_lcd_str
 This function uses a non-reentrant model


 *************** function _lcd_init *****************
 Defined at:
		line 32 in file "lcd.c"
 Parameters:    Size  Location     Type
		None
 Auto vars:     Size  Location     Type
		None
 Return value:  Size  Location     Type
                  1    wreg      void 
 Registers used:
		wreg, status,2, cstack
 Tracked objects:
		On entry : 
		On exit  : 
		Unchanged: 
 Data sizes:     COMRAM   BANK0   BANK1   BANK2   BANK3   BANK4   BANK5
      Params:         0       0       0       0       0       0       0
      Locals:         0       0       0       0       0       0       0
      Temps:          1       0       0       0       0       0       0
      Totals:         1       0       0       0       0       0       0
Total ram usage:        1 bytes
 Hardware stack levels used:    1
 Hardware stack levels required when called:    3
 This function calls:
		_lcd_cmd
 This function is called by:
		_main
 This function uses a non-reentrant model


 *************** function _lcd_cmd *****************
 Defined at:
		line 10 in file "lcd.c"
 Parameters:    Size  Location     Type
  val             1    wreg     unsigned char 
 Auto vars:     Size  Location     Type
  val             1    2[COMRAM] unsigned char 
 Return value:  Size  Location     Type
                  1    wreg      void 
 Registers used:
		wreg, status,2, cstack
 Tracked objects:
		On entry : 
		On exit  : 
		Unchanged: 
 Data sizes:     COMRAM   BANK0   BANK1   BANK2   BANK3   BANK4   BANK5
      Params:         0       0       0       0       0       0       0
      Locals:         1       0       0       0       0       0       0
      Temps:          1       0       0       0       0       0       0
      Totals:         2       0       0       0       0       0       0
Total ram usage:        2 bytes
 Hardware stack levels used:    1
 Hardware stack levels required when called:    2
 This function calls:
		_lcd_wr
 This function is called by:
		_main
		_lcd_init
 This function uses a non-reentrant model


 *************** function _lcd_wr *****************
 Defined at:
		line 5 in file "lcd.c"
 Parameters:    Size  Location     Type
  val             1    wreg     unsigned char 
 Auto vars:     Size  Location     Type
  val             1    0[COMRAM] unsigned char 
 Return value:  Size  Location     Type
                  1    wreg      void 
 Registers used:
		wreg
 Tracked objects:
		On entry : 
		On exit  : 
		Unchanged: 
 Data sizes:     COMRAM   BANK0   BANK1   BANK2   BANK3   BANK4   BANK5
      Params:         0       0       0       0       0       0       0
      Locals:         1       0       0       0       0       0       0
      Temps:          0       0       0       0       0       0       0
      Totals:         1       0       0       0       0       0       0
Total ram usage:        1 bytes
 Hardware stack levels used:    1
 Hardware stack levels required when called:    1
 This function calls:
		Nothing
 This function is called by:
		_lcd_cmd
		_lcd_dat
 This function uses a non-reentrant model


 *************** function _init_interrupts *****************
 Defined at:
		line 76 in file "init_PIC.c"
 Parameters:    Size  Location     Type
		None
 Auto vars:     Size  Location     Type
		None
 Return value:  Size  Location     Type
                  1    wreg      void 
 Registers used:
		None
 Tracked objects:
		On entry : 
		On exit  : 
		Unchanged: 
 Data sizes:     COMRAM   BANK0   BANK1   BANK2   BANK3   BANK4   BANK5
      Params:         0       0       0       0       0       0       0
      Locals:         0       0       0       0       0       0       0
      Temps:          0       0       0       0       0       0       0
      Totals:         0       0       0       0       0       0       0
Total ram usage:        0 bytes
 Hardware stack levels used:    1
 Hardware stack levels required when called:    1
 This function calls:
		Nothing
 This function is called by:
		_main
 This function uses a non-reentrant model


 *************** function _init_USART *****************
 Defined at:
		line 13 in file "serial_rs232.c"
 Parameters:    Size  Location     Type
		None
 Auto vars:     Size  Location     Type
		None
 Return value:  Size  Location     Type
                  1    wreg      void 
 Registers used:
		wreg, status,2, status,0, prodl, prodh, cstack
 Tracked objects:
		On entry : 
		On exit  : 
		Unchanged: 
 Data sizes:     COMRAM   BANK0   BANK1   BANK2   BANK3   BANK4   BANK5
      Params:         0       0       0       0       0       0       0
      Locals:         0       0       0       0       0       0       0
      Temps:          0       0       0       0       0       0       0
      Totals:         0       0       0       0       0       0       0
Total ram usage:        0 bytes
 Hardware stack levels used:    1
 Hardware stack levels required when called:    4
 This function calls:
		___fltol
		_roundf
 This function is called by:
		_main
 This function uses a non-reentrant model


 *************** function _roundf *****************
 Defined at:
		line 12 in file "C:\Program Files\Microchip\xc8\v2.20\pic\sources\c99\common\roundf.c"
 Parameters:    Size  Location     Type
  x               4   25[COMRAM] float 
 Auto vars:     Size  Location     Type
  y               4   47[COMRAM] float 
  u               4   43[COMRAM] struct .
  e               2   37[COMRAM] int 
 Return value:  Size  Location     Type
                  4   25[COMRAM] float 
 Registers used:
		wreg, status,2, status,0, prodl, prodh, cstack
 Tracked objects:
		On entry : 
		On exit  : 
		Unchanged: 
 Data sizes:     COMRAM   BANK0   BANK1   BANK2   BANK3   BANK4   BANK5
      Params:         4       0       0       0       0       0       0
      Locals:        18       0       0       0       0       0       0
      Temps:          4       0       0       0       0       0       0
      Totals:        26       0       0       0       0       0       0
Total ram usage:       26 bytes
 Hardware stack levels used:    1
 Hardware stack levels required when called:    3
 This function calls:
		___fladd
		___flge
		___flmul
		___flneg
		___flsub
 This function is called by:
		_init_USART
 This function uses a non-reentrant model


 *************** function ___flsub *****************
 Defined at:
		line 245 in file "C:\Program Files\Microchip\xc8\v2.20\pic\sources\c99\common\sprcadd.c"
 Parameters:    Size  Location     Type
  b               4   16[COMRAM] float 
  a               4   20[COMRAM] float 
 Auto vars:     Size  Location     Type
		None
 Return value:  Size  Location     Type
                  4   16[COMRAM] float 
 Registers used:
		wreg, status,2, status,0, cstack
 Tracked objects:
		On entry : 
		On exit  : 
		Unchanged: 
 Data sizes:     COMRAM   BANK0   BANK1   BANK2   BANK3   BANK4   BANK5
      Params:         8       0       0       0       0       0       0
      Locals:         0       0       0       0       0       0       0
      Temps:          0       0       0       0       0       0       0
      Totals:         8       0       0       0       0       0       0
Total ram usage:        8 bytes
 Hardware stack levels used:    1
 Hardware stack levels required when called:    2
 This function calls:
		___fladd
 This function is called by:
		_roundf
 This function uses a non-reentrant model


 *************** function ___fladd *****************
 Defined at:
		line 10 in file "C:\Program Files\Microchip\xc8\v2.20\pic\sources\c99\common\sprcadd.c"
 Parameters:    Size  Location     Type
  b               4    0[COMRAM] float 
  a               4    4[COMRAM] float 
 Auto vars:     Size  Location     Type
  grs             1   15[COMRAM] unsigned char 
  bexp            1   14[COMRAM] unsigned char 
  aexp            1   13[COMRAM] unsigned char 
  signs           1   12[COMRAM] unsigned char 
 Return value:  Size  Location     Type
                  4    0[COMRAM] unsigned char 
 Registers used:
		wreg, status,2, status,0
 Tracked objects:
		On entry : 
		On exit  : 
		Unchanged: 
 Data sizes:     COMRAM   BANK0   BANK1   BANK2   BANK3   BANK4   BANK5
      Params:         8       0       0       0       0       0       0
      Locals:         4       0       0       0       0       0       0
      Temps:          4       0       0       0       0       0       0
      Totals:        16       0       0       0       0       0       0
Total ram usage:       16 bytes
 Hardware stack levels used:    1
 Hardware stack levels required when called:    1
 This function calls:
		Nothing
 This function is called by:
		___flsub
		_roundf
 This function uses a non-reentrant model


 *************** function ___flneg *****************
 Defined at:
		line 15 in file "C:\Program Files\Microchip\xc8\v2.20\pic\sources\c99\common\flneg.c"
 Parameters:    Size  Location     Type
  f1              4    0[COMRAM] unsigned char 
 Auto vars:     Size  Location     Type
		None
 Return value:  Size  Location     Type
                  4    0[COMRAM] unsigned char 
 Registers used:
		wreg, status,2, status,0
 Tracked objects:
		On entry : 
		On exit  : 
		Unchanged: 
 Data sizes:     COMRAM   BANK0   BANK1   BANK2   BANK3   BANK4   BANK5
      Params:         4       0       0       0       0       0       0
      Locals:         0       0       0       0       0       0       0
      Temps:          0       0       0       0       0       0       0
      Totals:         4       0       0       0       0       0       0
Total ram usage:        4 bytes
 Hardware stack levels used:    1
 Hardware stack levels required when called:    1
 This function calls:
		Nothing
 This function is called by:
		_roundf
 This function uses a non-reentrant model


 *************** function ___flmul *****************
 Defined at:
		line 8 in file "C:\Program Files\Microchip\xc8\v2.20\pic\sources\c99\common\sprcmul.c"
 Parameters:    Size  Location     Type
  b               4    0[COMRAM] unsigned char 
  a               4    4[COMRAM] unsigned char 
 Auto vars:     Size  Location     Type
  prod            4   19[COMRAM] struct .
  grs             4   13[COMRAM] unsigned long 
  temp            2   23[COMRAM] struct .
  bexp            1   18[COMRAM] unsigned char 
  aexp            1   17[COMRAM] unsigned char 
  sign            1   12[COMRAM] unsigned char 
 Return value:  Size  Location     Type
                  4    0[COMRAM] unsigned char 
 Registers used:
		wreg, status,2, status,0, prodl, prodh
 Tracked objects:
		On entry : 
		On exit  : 
		Unchanged: 
 Data sizes:     COMRAM   BANK0   BANK1   BANK2   BANK3   BANK4   BANK5
      Params:         8       0       0       0       0       0       0
      Locals:        13       0       0       0       0       0       0
      Temps:          4       0       0       0       0       0       0
      Totals:        25       0       0       0       0       0       0
Total ram usage:       25 bytes
 Hardware stack levels used:    1
 Hardware stack levels required when called:    1
 This function calls:
		Nothing
 This function is called by:
		_roundf
 This function uses a non-reentrant model


 *************** function ___flge *****************
 Defined at:
		line 4 in file "C:\Program Files\Microchip\xc8\v2.20\pic\sources\c99\common\flge.c"
 Parameters:    Size  Location     Type
  ff1             4    0[COMRAM] unsigned char 
  ff2             4    4[COMRAM] unsigned char 
 Auto vars:     Size  Location     Type
		None
 Return value:  Size  Location     Type
		None               void
 Registers used:
		wreg, status,2, status,0
 Tracked objects:
		On entry : 
		On exit  : 
		Unchanged: 
 Data sizes:     COMRAM   BANK0   BANK1   BANK2   BANK3   BANK4   BANK5
      Params:         8       0       0       0       0       0       0
      Locals:         0       0       0       0       0       0       0
      Temps:          4       0       0       0       0       0       0
      Totals:        12       0       0       0       0       0       0
Total ram usage:       12 bytes
 Hardware stack levels used:    1
 Hardware stack levels required when called:    1
 This function calls:
		Nothing
 This function is called by:
		_roundf
 This function uses a non-reentrant model


 *************** function ___fltol *****************
 Defined at:
		line 43 in file "C:\Program Files\Microchip\xc8\v2.20\pic\sources\c99\common\fltol.c"
 Parameters:    Size  Location     Type
  f1              4   51[COMRAM] unsigned char 
 Auto vars:     Size  Location     Type
  exp1            1   60[COMRAM] unsigned char 
  sign1           1   59[COMRAM] unsigned char 
 Return value:  Size  Location     Type
                  4   51[COMRAM] long 
 Registers used:
		wreg, status,2, status,0
 Tracked objects:
		On entry : 
		On exit  : 
		Unchanged: 
 Data sizes:     COMRAM   BANK0   BANK1   BANK2   BANK3   BANK4   BANK5
      Params:         4       0       0       0       0       0       0
      Locals:         2       0       0       0       0       0       0
      Temps:          4       0       0       0       0       0       0
      Totals:        10       0       0       0       0       0       0
Total ram usage:       10 bytes
 Hardware stack levels used:    1
 Hardware stack levels required when called:    1
 This function calls:
		Nothing
 This function is called by:
		_init_USART
 This function uses a non-reentrant model


 *************** function _init_PORTS *****************
 Defined at:
		line 61 in file "init_PIC.c"
 Parameters:    Size  Location     Type
		None
 Auto vars:     Size  Location     Type
		None
 Return value:  Size  Location     Type
                  1    wreg      void 
 Registers used:
		wreg, status,2
 Tracked objects:
		On entry : 
		On exit  : 
		Unchanged: 
 Data sizes:     COMRAM   BANK0   BANK1   BANK2   BANK3   BANK4   BANK5
      Params:         0       0       0       0       0       0       0
      Locals:         0       0       0       0       0       0       0
      Temps:          0       0       0       0       0       0       0
      Totals:         0       0       0       0       0       0       0
Total ram usage:        0 bytes
 Hardware stack levels used:    1
 Hardware stack levels required when called:    1
 This function calls:
		Nothing
 This function is called by:
		_main
 This function uses a non-reentrant model


 *************** function _rx_char_usart *****************
 Defined at:
		line 50 in file "main.c"
 Parameters:    Size  Location     Type
		None
 Auto vars:     Size  Location     Type
		None
 Return value:  Size  Location     Type
                  1    wreg      void 
 Registers used:
		wreg, status,2
 Tracked objects:
		On entry : 
		On exit  : 
		Unchanged: 
 Data sizes:     COMRAM   BANK0   BANK1   BANK2   BANK3   BANK4   BANK5
      Params:         0       0       0       0       0       0       0
      Locals:         0       0       0       0       0       0       0
      Temps:          0       0       0       0       0       0       0
      Totals:         0       0       0       0       0       0       0
Total ram usage:        0 bytes
 Hardware stack levels used:    1
 This function calls:
		Nothing
 This function is called by:
		Interrupt level 2
 This function uses a non-reentrant model



MODULE INFORMATION

Module		Function		Class		Link	Load	Size
C:\Program Files\Microchip\xc8\v2.20\pic\sources\c99\common\sprcadd.c
		___flsub       		CODE           	1892	0000	75
		___fladd       		CODE           	0624	0000	1449

C:\Program Files\Microchip\xc8\v2.20\pic\sources\c99\common\sprcadd.c estimated size: 1524

C:\Program Files\Microchip\xc8\v2.20\pic\sources\c99\common\flneg.c
		___flneg       		CODE           	18DC	0000	67

C:\Program Files\Microchip\xc8\v2.20\pic\sources\c99\common\flneg.c estimated size: 67

C:\Program Files\Microchip\xc8\v2.20\pic\sources\c99\common\flge.c
		___flge        		CODE           	158C	0000	297

C:\Program Files\Microchip\xc8\v2.20\pic\sources\c99\common\flge.c estimated size: 297

shared
		_fosc          		SMALLCONST     	0000	0000	0
		__initialization		CODE           	195E	0000	43
		_desired_baudrate		SMALLCONST     	0000	0000	0
		_toint         		SMALLCONST     	0000	0000	0

shared estimated size: 43

serial_rs232.c
		_serial_tx_string		CODE           	17CC	0000	103
		_init_USART    		CODE           	191E	0000	65
		_serial_tx_char		CODE           	1A0E	0000	33

serial_rs232.c estimated size: 201

C:\Program Files\Microchip\xc8\v2.20\pic\sources\c99\common\sprcmul.c
		___flmul       		CODE           	0BCC	0000	1189

C:\Program Files\Microchip\xc8\v2.20\pic\sources\c99\common\sprcmul.c estimated size: 1189

lcd.c
		_lcd_cmd       		CODE           	19D4	0000	59
		_lcd_dat       		CODE           	199A	0000	59
		_lcd_wr        		CODE           	1A4C	0000	13
		_lcd_str       		CODE           	1832	0000	97
		_lcd_init      		CODE           	174E	0000	127

lcd.c estimated size: 355

C:\Program Files\Microchip\xc8\v2.20\pic\sources\c99\common\roundf.c
		_roundf        		CODE           	1070	0000	999

C:\Program Files\Microchip\xc8\v2.20\pic\sources\c99\common\roundf.c estimated size: 999

init_PIC.c
		_init_PORTS    		CODE           	1A2E	0000	31
		_init_interrupts		CODE           	1A58	0000	13

init_PIC.c estimated size: 44

C:\Program Files\Microchip\xc8\v2.20\pic\sources\c99\common\fltol.c
		___fltol       		CODE           	1456	0000	311

C:\Program Files\Microchip\xc8\v2.20\pic\sources\c99\common\fltol.c estimated size: 311

main.c
		_main          		CODE           	16B4	0000	155
		_rx_char_usart 		CODE           	0008	0000	55

main.c estimated size: 210

